<brp:isc_migRegistreerHuwelijkGeregistreerdPartnerschap_R xmlns:brp="http://www.bzk.nl/brp/brp0200">
    <brp:stuurgegevens>
        <brp:zendendePartij>199901</brp:zendendePartij>
        <brp:zendendeSysteem>BRP</brp:zendendeSysteem>
        <brp:referentienummer>*</brp:referentienummer>
        <brp:crossReferentienummer>00000000-0000-0000-0042-200000000104</brp:crossReferentienummer>
        <brp:tijdstipVerzending>*</brp:tijdstipVerzending>
    </brp:stuurgegevens>
    <brp:resultaat>
        <brp:verwerking>Foutief</brp:verwerking>
        <brp:hoogsteMeldingsniveau>Fout</brp:hoogsteMeldingsniveau>
    </brp:resultaat>
    <brp:meldingen>
        <brp:melding brp:objecttype="Melding" brp:referentieID="comid.voltrekkingHuwelijkInNederland.partner2.persoon.samengesteldeNaam">
            <brp:regelCode>R1810</brp:regelCode>
            <brp:soortNaam>Fout</brp:soortNaam>
            <brp:melding>*</brp:melding>
        </brp:melding>
    </brp:meldingen>
    <brp:gBAVoltrekkingHuwelijkInNederland brp:objecttype="AdministratieveHandeling">
        <brp:partijCode>507013</brp:partijCode>
        <brp:tijdstipRegistratie>*</brp:tijdstipRegistratie>
    </brp:gBAVoltrekkingHuwelijkInNederland>
</brp:isc_migRegistreerHuwelijkGeregistreerdPartnerschap_R>
