<?xml version="1.0" encoding="UTF-8"?><brp:bhg_hgpRegistreerHuwelijkGeregistreerdPartnerschap_R xmlns:brp="http://www.bzk.nl/brp/brp0200">&#13;
    <brp:stuurgegevens>&#13;
        <brp:zendendePartij>199901</brp:zendendePartij>&#13;
        <brp:zendendeSysteem>BRP</brp:zendendeSysteem>&#13;
        <brp:referentienummer>*</brp:referentienummer>&#13;
        <brp:crossReferentienummer>88409eeb-1aa5-43fc-8614-43055123a165</brp:crossReferentienummer>&#13;
        <brp:tijdstipVerzending>*</brp:tijdstipVerzending>&#13;
    </brp:stuurgegevens>&#13;
    <brp:resultaat>&#13;
        <brp:verwerking>Geslaagd</brp:verwerking>&#13;
        <brp:bijhouding>Verwerkt</brp:bijhouding>&#13;
        <brp:hoogsteMeldingsniveau>Geen</brp:hoogsteMeldingsniveau>&#13;
    </brp:resultaat>&#13;
    <brp:voltrekkingHuwelijkInNederland brp:objecttype="AdministratieveHandeling">&#13;
        <brp:partijCode>507013</brp:partijCode>&#13;
        <brp:tijdstipRegistratie>*</brp:tijdstipRegistratie>&#13;
        <brp:bijgehoudenPersonen>*</brp:bijgehoudenPersonen>
        <brp:bijhoudingsplan brp:objecttype="Bijhoudingsplan">&#13;
            <brp:bijhoudingsvoorstelPartijCode>507013</brp:bijhoudingsvoorstelPartijCode>&#13;
            <brp:bijhoudingsplanPersonen>&#13;
                <brp:bijhoudingsplanPersoon brp:objecttype="BijhoudingsplanPersoon">&#13;
                    <brp:persoon brp:objecttype="Persoon">&#13;
                        <brp:afgeleidAdministratief>&#13;
                            <brp:tijdstipLaatsteWijziging>*</brp:tijdstipLaatsteWijziging>&#13;
                        </brp:afgeleidAdministratief>&#13;
                        <brp:identificatienummers>&#13;
                            <brp:burgerservicenummer>439522249</brp:burgerservicenummer>&#13;
                        </brp:identificatienummers>&#13;
                        <brp:bijhouding>&#13;
                            <brp:partijCode>507022</brp:partijCode>&#13;
                        </brp:bijhouding>&#13;
                    </brp:persoon>&#13;
                    <brp:situatieNaam>Automatische fiat</brp:situatieNaam>&#13;
                </brp:bijhoudingsplanPersoon>&#13;
                <brp:bijhoudingsplanPersoon brp:objecttype="BijhoudingsplanPersoon">&#13;
                    <brp:persoon brp:objecttype="Persoon">&#13;
                        <brp:afgeleidAdministratief>&#13;
                            <brp:tijdstipLaatsteWijziging>*</brp:tijdstipLaatsteWijziging>&#13;
                        </brp:afgeleidAdministratief>&#13;
                        <brp:identificatienummers>&#13;
                            <brp:burgerservicenummer>460014249</brp:burgerservicenummer>&#13;
                        </brp:identificatienummers>&#13;
                        <brp:bijhouding>&#13;
                            <brp:partijCode>507022</brp:partijCode>&#13;
                        </brp:bijhouding>&#13;
                    </brp:persoon>&#13;
                    <brp:situatieNaam>Automatische fiat</brp:situatieNaam>&#13;
                </brp:bijhoudingsplanPersoon>&#13;
            </brp:bijhoudingsplanPersonen>&#13;
        </brp:bijhoudingsplan>&#13;
    </brp:voltrekkingHuwelijkInNederland>&#13;
</brp:bhg_hgpRegistreerHuwelijkGeregistreerdPartnerschap_R>
