<?xml version="1.0" encoding="UTF-8"?><brp:bhg_hgpRegistreerHuwelijkGeregistreerdPartnerschap_R xmlns:brp="http://www.bzk.nl/brp/brp0200">
   <brp:stuurgegevens>
      <brp:zendendePartij>199901</brp:zendendePartij>
      <brp:zendendeSysteem>BRP</brp:zendendeSysteem>
      <brp:referentienummer>*</brp:referentienummer>
      <brp:crossReferentienummer>00000000-0000-0000-0042-200000000104</brp:crossReferentienummer>
      <brp:tijdstipVerzending>*</brp:tijdstipVerzending>
   </brp:stuurgegevens>
   <brp:resultaat>
      <brp:verwerking>Geslaagd</brp:verwerking>
      <brp:bijhouding>Verwerkt</brp:bijhouding>
      <brp:hoogsteMeldingsniveau>Waarschuwing</brp:hoogsteMeldingsniveau>
   </brp:resultaat>
   <brp:meldingen>
      <brp:melding brp:objecttype="Melding" brp:referentieID="comid.aangaanGPInNL.registratieGeslachtsnaam.persoon">
         <brp:regelCode>R1572</brp:regelCode>
         <brp:soortNaam>Waarschuwing</brp:soortNaam>
         <brp:melding>*</brp:melding>
      </brp:melding>
   </brp:meldingen>
   <brp:aangaanGeregistreerdPartnerschapInNederland brp:objecttype="AdministratieveHandeling">
      <brp:partijCode>507013</brp:partijCode>
      <brp:tijdstipRegistratie>*</brp:tijdstipRegistratie>
      <brp:bijgehoudenPersonen>*</brp:bijgehoudenPersonen>
        <brp:bijhoudingsplan brp:objecttype="Bijhoudingsplan">*</brp:bijhoudingsplan>
   </brp:aangaanGeregistreerdPartnerschapInNederland>
</brp:bhg_hgpRegistreerHuwelijkGeregistreerdPartnerschap_R>
