<?xml version="1.0" encoding="UTF-8"?>
<brp:lvg_synVerwerkPersoon xmlns:brp="http://www.bzk.nl/brp/brp0200">
    <brp:stuurgegevens>
        <brp:zendendePartij>199903</brp:zendendePartij>
        <brp:zendendeSysteem>BRP</brp:zendendeSysteem>
        <brp:ontvangendePartij>034401</brp:ontvangendePartij>
        <brp:referentienummer>*</brp:referentienummer>
        <brp:tijdstipVerzending>*</brp:tijdstipVerzending>
    </brp:stuurgegevens>
    <brp:parameters>
        <brp:soortSynchronisatie>Volledigbericht</brp:soortSynchronisatie>
        <brp:leveringsautorisatieIdentificatie>1</brp:leveringsautorisatieIdentificatie>
        <brp:dienstIdentificatie>1</brp:dienstIdentificatie>
    </brp:parameters>
    <brp:synchronisatie brp:objecttype="AdministratieveHandeling" brp:objectSleutel="*">
        <brp:soortNaam>GBA - Initiële vulling</brp:soortNaam>
        <brp:categorieNaam>GBA - Initiële vulling</brp:categorieNaam>
        <brp:partijCode>199902</brp:partijCode>
        <brp:tijdstipRegistratie>*</brp:tijdstipRegistratie>
        <brp:bijgehoudenPersonen>
            <brp:persoon brp:objectSleutel="*" brp:objecttype="Persoon" brp:communicatieID="*">
                <brp:soortCode>I</brp:soortCode>
                <brp:afgeleidAdministratief brp:voorkomenSleutel="*">
                    <brp:tijdstipRegistratie>*</brp:tijdstipRegistratie>
                    <brp:actieInhoud>*</brp:actieInhoud>
                    <brp:tijdstipLaatsteWijziging>*</brp:tijdstipLaatsteWijziging>
                    <brp:tijdstipLaatsteWijzigingGBASystematiek>*</brp:tijdstipLaatsteWijzigingGBASystematiek>
                </brp:afgeleidAdministratief>
                <brp:identificatienummers brp:voorkomenSleutel="*">
                    <brp:tijdstipRegistratie>*</brp:tijdstipRegistratie>
                    <brp:actieInhoud>*</brp:actieInhoud>
                    <brp:datumAanvangGeldigheid>1984-02-04</brp:datumAanvangGeldigheid>
                    <brp:burgerservicenummer>411738665</brp:burgerservicenummer>
                    <brp:administratienummer>2540807585</brp:administratienummer>
                </brp:identificatienummers>
                <brp:samengesteldeNaam brp:voorkomenSleutel="*">
                    <brp:tijdstipRegistratie>*</brp:tijdstipRegistratie>
                    <brp:actieInhoud>*</brp:actieInhoud>
                    <brp:datumAanvangGeldigheid>1984-02-04</brp:datumAanvangGeldigheid>
                    <brp:indicatieNamenreeks>N</brp:indicatieNamenreeks>
                    <brp:voornamen>Johan</brp:voornamen>
                    <brp:voorvoegsel>van</brp:voorvoegsel>
                    <brp:scheidingsteken></brp:scheidingsteken>
                    <brp:geslachtsnaamstam>Hergé</brp:geslachtsnaamstam>
                </brp:samengesteldeNaam>
                <brp:geboorte brp:voorkomenSleutel="*">
                    <brp:tijdstipRegistratie>*</brp:tijdstipRegistratie>
                    <brp:actieInhoud>*</brp:actieInhoud>
                    <brp:datum>1984-02-04</brp:datum>
                    <brp:gemeenteCode>0599</brp:gemeenteCode>
                    <brp:landGebiedCode>6030</brp:landGebiedCode>
                </brp:geboorte>
                <brp:geslachtsaanduiding brp:voorkomenSleutel="*">
                    <brp:tijdstipRegistratie>*</brp:tijdstipRegistratie>
                    <brp:actieInhoud>*</brp:actieInhoud>
                    <brp:datumAanvangGeldigheid>1984-02-04</brp:datumAanvangGeldigheid>
                    <brp:code>M</brp:code>
                </brp:geslachtsaanduiding>
                <brp:inschrijving brp:voorkomenSleutel="*">
                    <brp:tijdstipRegistratie>*</brp:tijdstipRegistratie>
                    <brp:actieInhoud>*</brp:actieInhoud>
                    <brp:datum>1984-02-04</brp:datum>
                </brp:inschrijving>
                <brp:bijhouding brp:voorkomenSleutel="*">
                    <brp:tijdstipRegistratie>*</brp:tijdstipRegistratie>
                    <brp:actieInhoud>*</brp:actieInhoud>
                    <brp:datumAanvangGeldigheid>1984-02-04</brp:datumAanvangGeldigheid>
                    <brp:partijCode>059901</brp:partijCode>
                    <brp:bijhoudingsaardCode>I</brp:bijhoudingsaardCode>
                    <brp:nadereBijhoudingsaardCode>A</brp:nadereBijhoudingsaardCode>
                </brp:bijhouding>
                <brp:voornamen>
                    <brp:voornaam brp:voorkomenSleutel="*" brp:objectSleutel="*" brp:objecttype="PersoonVoornaam">
                        <brp:tijdstipRegistratie>*</brp:tijdstipRegistratie>
                        <brp:actieInhoud>*</brp:actieInhoud>
                        <brp:datumAanvangGeldigheid>1984-02-04</brp:datumAanvangGeldigheid>
                        <brp:volgnummer>1</brp:volgnummer>
                        <brp:naam>Johan</brp:naam>
                    </brp:voornaam>
                </brp:voornamen>
                <brp:geslachtsnaamcomponenten>
                    <brp:geslachtsnaamcomponent brp:voorkomenSleutel="*" brp:objectSleutel="*" brp:objecttype="PersoonGeslachtsnaamcomponent">
                        <brp:tijdstipRegistratie>*</brp:tijdstipRegistratie>
                        <brp:actieInhoud>*</brp:actieInhoud>
                        <brp:datumAanvangGeldigheid>1984-02-04</brp:datumAanvangGeldigheid>
                        <brp:volgnummer>1</brp:volgnummer>
                        <brp:voorvoegsel>van</brp:voorvoegsel>
                        <brp:scheidingsteken></brp:scheidingsteken>
                        <brp:stam>Hergé</brp:stam>
                    </brp:geslachtsnaamcomponent>
                </brp:geslachtsnaamcomponenten>
                <brp:naamgebruik brp:voorkomenSleutel="*">
                    <brp:tijdstipRegistratie>*</brp:tijdstipRegistratie>
                    <brp:actieInhoud>*</brp:actieInhoud>
                    <brp:code>E</brp:code>
                    <brp:voornamen>Johan</brp:voornamen>
                    <brp:voorvoegsel>van</brp:voorvoegsel>
                    <brp:scheidingsteken></brp:scheidingsteken>
                    <brp:geslachtsnaamstam>Hergé</brp:geslachtsnaamstam>
                </brp:naamgebruik>
                <brp:adressen>
                    <brp:adres brp:voorkomenSleutel="*" brp:objectSleutel="*" brp:objecttype="PersoonAdres">
                        <brp:tijdstipRegistratie>*</brp:tijdstipRegistratie>
                        <brp:actieInhoud>*</brp:actieInhoud>
                        <brp:datumAanvangGeldigheid>1984-02-04</brp:datumAanvangGeldigheid>
                        <brp:soortCode>W</brp:soortCode>
                        <brp:redenWijzigingCode>P</brp:redenWijzigingCode>
                        <brp:aangeverAdreshoudingCode>I</brp:aangeverAdreshoudingCode>
                        <brp:datumAanvangAdreshouding>1984-02-04</brp:datumAanvangAdreshouding>
                        <brp:gemeenteCode>0599</brp:gemeenteCode>
                        <brp:afgekorteNaamOpenbareRuimte>Zeusplaats</brp:afgekorteNaamOpenbareRuimte>
                        <brp:landGebiedCode>6030</brp:landGebiedCode>
                    </brp:adres>
                </brp:adressen>
                <brp:nationaliteiten>
                    <brp:nationaliteit brp:voorkomenSleutel="*" brp:objectSleutel="*" brp:objecttype="PersoonNationaliteit">
                        <brp:tijdstipRegistratie>*</brp:tijdstipRegistratie>
                        <brp:actieInhoud>*</brp:actieInhoud>
                        <brp:datumAanvangGeldigheid>2015-01-01</brp:datumAanvangGeldigheid>
                        <brp:nationaliteitCode>0001</brp:nationaliteitCode>
                        <brp:redenVerkrijgingCode>001</brp:redenVerkrijgingCode>
                    </brp:nationaliteit>
                </brp:nationaliteiten>
                <brp:betrokkenheden>
                    <brp:kind brp:objectSleutel="*" brp:objecttype="Betrokkenheid" brp:voorkomenSleutel="*">
                        <brp:tijdstipRegistratie>*</brp:tijdstipRegistratie>
                        <brp:actieInhoud>*</brp:actieInhoud>
                        <brp:familierechtelijkeBetrekking brp:objectSleutel="*" brp:objecttype="Relatie">
                            <brp:relatie brp:voorkomenSleutel="*">
                                <brp:tijdstipRegistratie>*</brp:tijdstipRegistratie>
                                <brp:actieInhoud>*</brp:actieInhoud>
                            </brp:relatie>
                            <brp:betrokkenheden>
                                <brp:ouder brp:objectSleutel="*" brp:objecttype="Betrokkenheid" brp:voorkomenSleutel="*">
                                    <brp:tijdstipRegistratie>*</brp:tijdstipRegistratie>
                                    <brp:actieInhoud>*</brp:actieInhoud>
                                    <brp:persoon brp:objectSleutel="*" brp:objecttype="Persoon">
                                        <brp:soortCode>P</brp:soortCode>
                                        <brp:identificatienummers brp:voorkomenSleutel="*">
                                            <brp:tijdstipRegistratie>*</brp:tijdstipRegistratie>
                                            <brp:actieInhoud>*</brp:actieInhoud>
                                            <brp:datumAanvangGeldigheid>1984-02-04</brp:datumAanvangGeldigheid>
                                            <brp:burgerservicenummer>958811209</brp:burgerservicenummer>
                                            <brp:administratienummer>4043051041</brp:administratienummer>
                                        </brp:identificatienummers>
                                        <brp:samengesteldeNaam brp:voorkomenSleutel="*">
                                            <brp:tijdstipRegistratie>*</brp:tijdstipRegistratie>
                                            <brp:actieInhoud>*</brp:actieInhoud>
                                            <brp:datumAanvangGeldigheid>1984-02-04</brp:datumAanvangGeldigheid>
                                            <brp:indicatieNamenreeks>N</brp:indicatieNamenreeks>
                                            <brp:voornamen>Carola</brp:voornamen>
                                            <brp:geslachtsnaamstam>Jansma</brp:geslachtsnaamstam>
                                        </brp:samengesteldeNaam>
                                        <brp:geboorte brp:voorkomenSleutel="*">
                                            <brp:tijdstipRegistratie>*</brp:tijdstipRegistratie>
                                            <brp:actieInhoud>*</brp:actieInhoud>
                                            <brp:datum>1949-02-02</brp:datum>
                                            <brp:gemeenteCode>1900</brp:gemeenteCode>
                                            <brp:landGebiedCode>6030</brp:landGebiedCode>
                                        </brp:geboorte>
                                        <brp:geslachtsaanduiding brp:voorkomenSleutel="*">
                                            <brp:tijdstipRegistratie>*</brp:tijdstipRegistratie>
                                            <brp:actieInhoud>*</brp:actieInhoud>
                                            <brp:datumAanvangGeldigheid>1984-02-04</brp:datumAanvangGeldigheid>
                                            <brp:code>V</brp:code>
                                        </brp:geslachtsaanduiding>
                                    </brp:persoon>
                                    <brp:ouderschap brp:voorkomenSleutel="*">
                                        <brp:tijdstipRegistratie>*</brp:tijdstipRegistratie>
                                        <brp:actieInhoud>*</brp:actieInhoud>
                                        <brp:datumAanvangGeldigheid>1984-02-04</brp:datumAanvangGeldigheid>
                                    </brp:ouderschap>
                                </brp:ouder>
                                <brp:ouder brp:objectSleutel="*" brp:objecttype="Betrokkenheid" brp:voorkomenSleutel="*">
                                    <brp:tijdstipRegistratie>*</brp:tijdstipRegistratie>
                                    <brp:actieInhoud>*</brp:actieInhoud>
                                    <brp:persoon brp:objectSleutel="*" brp:objecttype="Persoon">
                                        <brp:soortCode>P</brp:soortCode>
                                        <brp:identificatienummers brp:voorkomenSleutel="*">
                                            <brp:tijdstipRegistratie>*</brp:tijdstipRegistratie>
                                            <brp:actieInhoud>*</brp:actieInhoud>
                                            <brp:datumAanvangGeldigheid>1984-02-04</brp:datumAanvangGeldigheid>
                                            <brp:burgerservicenummer>331552425</brp:burgerservicenummer>
                                            <brp:administratienummer>1239431073</brp:administratienummer>
                                        </brp:identificatienummers>
                                        <brp:samengesteldeNaam brp:voorkomenSleutel="*">
                                            <brp:tijdstipRegistratie>*</brp:tijdstipRegistratie>
                                            <brp:actieInhoud>*</brp:actieInhoud>
                                            <brp:datumAanvangGeldigheid>1984-02-04</brp:datumAanvangGeldigheid>
                                            <brp:indicatieNamenreeks>N</brp:indicatieNamenreeks>
                                            <brp:voornamen>John</brp:voornamen>
                                            <brp:voorvoegsel>van</brp:voorvoegsel>
                                            <brp:scheidingsteken></brp:scheidingsteken>
                                            <brp:geslachtsnaamstam>Hergé</brp:geslachtsnaamstam>
                                        </brp:samengesteldeNaam>
                                        <brp:geboorte brp:voorkomenSleutel="*">
                                            <brp:tijdstipRegistratie>*</brp:tijdstipRegistratie>
                                            <brp:actieInhoud>*</brp:actieInhoud>
                                            <brp:datum>1951-01-01</brp:datum>
                                            <brp:gemeenteCode>1901</brp:gemeenteCode>
                                            <brp:landGebiedCode>6030</brp:landGebiedCode>
                                        </brp:geboorte>
                                        <brp:geslachtsaanduiding brp:voorkomenSleutel="*">
                                            <brp:tijdstipRegistratie>*</brp:tijdstipRegistratie>
                                            <brp:actieInhoud>*</brp:actieInhoud>
                                            <brp:datumAanvangGeldigheid>1984-02-04</brp:datumAanvangGeldigheid>
                                            <brp:code>M</brp:code>
                                        </brp:geslachtsaanduiding>
                                    </brp:persoon>
                                    <brp:ouderschap brp:voorkomenSleutel="*">
                                        <brp:tijdstipRegistratie>*</brp:tijdstipRegistratie>
                                        <brp:actieInhoud>*</brp:actieInhoud>
                                        <brp:datumAanvangGeldigheid>1984-02-04</brp:datumAanvangGeldigheid>
                                    </brp:ouderschap>
                                </brp:ouder>
                            </brp:betrokkenheden>
                        </brp:familierechtelijkeBetrekking>
                    </brp:kind>
                </brp:betrokkenheden>
                <brp:deelnameEUVerkiezingen brp:voorkomenSleutel="*">
                    <brp:tijdstipRegistratie>*</brp:tijdstipRegistratie>
                    <brp:actieInhoud>*</brp:actieInhoud>
                    <brp:indicatieDeelname>N</brp:indicatieDeelname>
                    <brp:datumAanleidingAanpassing>2010-01-10</brp:datumAanleidingAanpassing>
                </brp:deelnameEUVerkiezingen>
                <brp:persoonskaart brp:voorkomenSleutel="*">
                    <brp:tijdstipRegistratie>*</brp:tijdstipRegistratie>
                    <brp:actieInhoud>*</brp:actieInhoud>
                    <brp:indicatieVolledigGeconverteerd>N</brp:indicatieVolledigGeconverteerd>
                </brp:persoonskaart>
                <brp:administratieveHandelingen>
                    <brp:administratieveHandeling brp:objecttype="AdministratieveHandeling" brp:objectSleutel="*">
                        <brp:soortNaam>GBA - Initiële vulling</brp:soortNaam>
                        <brp:categorieNaam>GBA - Initiële vulling</brp:categorieNaam>
                        <brp:partijCode>199902</brp:partijCode>
                        <brp:tijdstipRegistratie>*</brp:tijdstipRegistratie>
                        <brp:bijgehoudenActies>
                            <brp:actie brp:objecttype="Actie" brp:objectSleutel="*">
                                <brp:soortNaam>Conversie GBA</brp:soortNaam>
                                <brp:partijCode>*</brp:partijCode>
                            </brp:actie>
                            <brp:actie brp:objecttype="Actie" brp:objectSleutel="*">
                                <brp:soortNaam>Conversie GBA</brp:soortNaam>
                                <brp:partijCode>*</brp:partijCode>
                            </brp:actie>
                            <brp:actie brp:objecttype="Actie" brp:objectSleutel="*">
                                <brp:soortNaam>Conversie GBA</brp:soortNaam>
                                <brp:partijCode>*</brp:partijCode>
                            </brp:actie>
                            <brp:actie brp:objecttype="Actie" brp:objectSleutel="*">
                                <brp:soortNaam>Conversie GBA</brp:soortNaam>
                                <brp:partijCode>*</brp:partijCode>
                            </brp:actie>
                            <brp:actie brp:objecttype="Actie" brp:objectSleutel="*">
                                <brp:soortNaam>Conversie GBA</brp:soortNaam>
                                <brp:partijCode>*</brp:partijCode>
                            </brp:actie>
                            <brp:actie brp:objecttype="Actie" brp:objectSleutel="*">
                                <brp:soortNaam>Conversie GBA</brp:soortNaam>
                                <brp:partijCode>*</brp:partijCode>
                            </brp:actie>
                            <brp:actie brp:objecttype="Actie" brp:objectSleutel="*">
                                <brp:soortNaam>Conversie GBA</brp:soortNaam>
                                <brp:partijCode>*</brp:partijCode>
                            </brp:actie>
                        </brp:bijgehoudenActies>
                    </brp:administratieveHandeling>
                </brp:administratieveHandelingen>
            </brp:persoon>
        </brp:bijgehoudenPersonen>
    </brp:synchronisatie>
</brp:lvg_synVerwerkPersoon>
