<?xml version="1.0" encoding="UTF-8"?>
<brp:lvg_synVerwerkPersoon xmlns:brp="http://www.bzk.nl/brp/brp0200">
    <brp:stuurgegevens>
        <brp:zendendePartij>199903</brp:zendendePartij>
        <brp:zendendeSysteem>BRP</brp:zendendeSysteem>
        <brp:ontvangendePartij>034401</brp:ontvangendePartij>
        <brp:referentienummer>*</brp:referentienummer>
        <brp:tijdstipVerzending>*</brp:tijdstipVerzending>
    </brp:stuurgegevens>
    <brp:parameters>
        <brp:soortSynchronisatie>Mutatiebericht</brp:soortSynchronisatie>
        <brp:leveringsautorisatieIdentificatie>1</brp:leveringsautorisatieIdentificatie>
        <brp:dienstIdentificatie>1</brp:dienstIdentificatie>
    </brp:parameters>
    <brp:meldingen>
        <brp:melding brp:objecttype="Melding" brp:referentieID="*">
            <brp:regelCode>R1340</brp:regelCode>
            <brp:soortNaam>Waarschuwing</brp:soortNaam>
            <brp:melding>De persoon heeft een verstrekkingsbeperking.</brp:melding>
        </brp:melding>
    </brp:meldingen>
    <brp:synchronisatie brp:objecttype="AdministratieveHandeling" brp:objectSleutel="*" brp:verwerkingssoort="Toevoeging">
        <brp:soortNaam>GBA - Afvoeren PL</brp:soortNaam>
        <brp:categorieNaam>GBA - Synchronisatie</brp:categorieNaam>
        <brp:partijCode>199902</brp:partijCode>
        <brp:tijdstipRegistratie>*</brp:tijdstipRegistratie>
        <brp:bijgehoudenPersonen>
            <brp:persoon brp:objectSleutel="*" brp:objecttype="Persoon" brp:verwerkingssoort="Wijziging" brp:communicatieID="*">
                <brp:soortCode>I</brp:soortCode>
                <brp:afgeleidAdministratief brp:voorkomenSleutel="*" brp:verwerkingssoort="Toevoeging">
                    <brp:tijdstipRegistratie>*</brp:tijdstipRegistratie>
                    <brp:actieInhoud>*</brp:actieInhoud>
                    <brp:tijdstipLaatsteWijziging>*</brp:tijdstipLaatsteWijziging>
                    <brp:tijdstipLaatsteWijzigingGBASystematiek>*</brp:tijdstipLaatsteWijzigingGBASystematiek>
                </brp:afgeleidAdministratief>
                <brp:afgeleidAdministratief brp:voorkomenSleutel="*" brp:verwerkingssoort="Verval">
                    <brp:tijdstipRegistratie>*</brp:tijdstipRegistratie>
                    <brp:tijdstipVerval>*</brp:tijdstipVerval>
                    <brp:actieVerval>*</brp:actieVerval>
                    <brp:tijdstipLaatsteWijziging>*</brp:tijdstipLaatsteWijziging>
                    <brp:tijdstipLaatsteWijzigingGBASystematiek>*</brp:tijdstipLaatsteWijzigingGBASystematiek>
                </brp:afgeleidAdministratief>
                <brp:identificatienummers brp:voorkomenSleutel="*" brp:verwerkingssoort="Toevoeging">
                    <brp:tijdstipRegistratie>*</brp:tijdstipRegistratie>
                    <brp:actieInhoud>*</brp:actieInhoud>
                    <brp:datumAanvangGeldigheid>1990-01-03</brp:datumAanvangGeldigheid>
                    <brp:burgerservicenummer>194681129</brp:burgerservicenummer>
                    <brp:administratienummer>3148015137</brp:administratienummer>
                </brp:identificatienummers>
                <brp:identificatienummers brp:voorkomenSleutel="*" brp:verwerkingssoort="Wijziging">
                    <brp:tijdstipRegistratie>*</brp:tijdstipRegistratie>
                    <brp:datumAanvangGeldigheid>1990-01-02</brp:datumAanvangGeldigheid>
                    <brp:datumEindeGeldigheid>1990-01-03</brp:datumEindeGeldigheid>
                    <brp:actieAanpassingGeldigheid>*</brp:actieAanpassingGeldigheid>
                    <brp:burgerservicenummer>194681129</brp:burgerservicenummer>
                    <brp:administratienummer>3148015137</brp:administratienummer>
                </brp:identificatienummers>
                <brp:identificatienummers brp:voorkomenSleutel="*" brp:verwerkingssoort="Verval">
                    <brp:tijdstipRegistratie>*</brp:tijdstipRegistratie>
                    <brp:tijdstipVerval>*</brp:tijdstipVerval>
                    <brp:datumAanvangGeldigheid>1990-01-02</brp:datumAanvangGeldigheid>
                    <brp:burgerservicenummer>194681129</brp:burgerservicenummer>
                    <brp:administratienummer>3148015137</brp:administratienummer>
                </brp:identificatienummers>
                <brp:samengesteldeNaam brp:voorkomenSleutel="*" brp:verwerkingssoort="Toevoeging">
                    <brp:tijdstipRegistratie>*</brp:tijdstipRegistratie>
                    <brp:actieInhoud>*</brp:actieInhoud>
                    <brp:datumAanvangGeldigheid>1990-01-03</brp:datumAanvangGeldigheid>
                    <brp:indicatieNamenreeks>N</brp:indicatieNamenreeks>
                    <brp:voornamen>Jan</brp:voornamen>
                    <brp:geslachtsnaamstam>Vermeer</brp:geslachtsnaamstam>
                </brp:samengesteldeNaam>
                <brp:samengesteldeNaam brp:voorkomenSleutel="*" brp:verwerkingssoort="Wijziging">
                    <brp:tijdstipRegistratie>*</brp:tijdstipRegistratie>
                    <brp:datumAanvangGeldigheid>1990-01-02</brp:datumAanvangGeldigheid>
                    <brp:datumEindeGeldigheid>1990-01-03</brp:datumEindeGeldigheid>
                    <brp:actieAanpassingGeldigheid>*</brp:actieAanpassingGeldigheid>
                    <brp:indicatieNamenreeks>N</brp:indicatieNamenreeks>
                    <brp:voornamen>Jan</brp:voornamen>
                    <brp:geslachtsnaamstam>Vermeer</brp:geslachtsnaamstam>
                </brp:samengesteldeNaam>
                <brp:samengesteldeNaam brp:voorkomenSleutel="*" brp:verwerkingssoort="Verval">
                    <brp:tijdstipRegistratie>*</brp:tijdstipRegistratie>
                    <brp:tijdstipVerval>*</brp:tijdstipVerval>
                    <brp:datumAanvangGeldigheid>1990-01-02</brp:datumAanvangGeldigheid>
                    <brp:indicatieNamenreeks>N</brp:indicatieNamenreeks>
                    <brp:voornamen>Jan</brp:voornamen>
                    <brp:geslachtsnaamstam>Vermeer</brp:geslachtsnaamstam>
                </brp:samengesteldeNaam>
                <brp:geboorte brp:voorkomenSleutel="*" brp:verwerkingssoort="Toevoeging">
                    <brp:tijdstipRegistratie>*</brp:tijdstipRegistratie>
                    <brp:actieInhoud>*</brp:actieInhoud>
                    <brp:datum>1990-01-01</brp:datum>
                    <brp:gemeenteCode>0599</brp:gemeenteCode>
                    <brp:landGebiedCode>6030</brp:landGebiedCode>
                </brp:geboorte>
                <brp:geboorte brp:voorkomenSleutel="*" brp:verwerkingssoort="Verval">
                    <brp:tijdstipRegistratie>*</brp:tijdstipRegistratie>
                    <brp:tijdstipVerval>*</brp:tijdstipVerval>
                    <brp:datum>1990-01-01</brp:datum>
                    <brp:gemeenteCode>0599</brp:gemeenteCode>
                    <brp:landGebiedCode>6030</brp:landGebiedCode>
                </brp:geboorte>
                <brp:geslachtsaanduiding brp:voorkomenSleutel="*" brp:verwerkingssoort="Toevoeging">
                    <brp:tijdstipRegistratie>*</brp:tijdstipRegistratie>
                    <brp:actieInhoud>*</brp:actieInhoud>
                    <brp:datumAanvangGeldigheid>1990-01-03</brp:datumAanvangGeldigheid>
                    <brp:code>M</brp:code>
                </brp:geslachtsaanduiding>
                <brp:geslachtsaanduiding brp:voorkomenSleutel="*" brp:verwerkingssoort="Wijziging">
                    <brp:tijdstipRegistratie>*</brp:tijdstipRegistratie>
                    <brp:datumAanvangGeldigheid>1990-01-02</brp:datumAanvangGeldigheid>
                    <brp:datumEindeGeldigheid>1990-01-03</brp:datumEindeGeldigheid>
                    <brp:actieAanpassingGeldigheid>*</brp:actieAanpassingGeldigheid>
                    <brp:code>M</brp:code>
                </brp:geslachtsaanduiding>
                <brp:geslachtsaanduiding brp:voorkomenSleutel="*" brp:verwerkingssoort="Verval">
                    <brp:tijdstipRegistratie>*</brp:tijdstipRegistratie>
                    <brp:tijdstipVerval>*</brp:tijdstipVerval>
                    <brp:datumAanvangGeldigheid>1990-01-02</brp:datumAanvangGeldigheid>
                    <brp:code>M</brp:code>
                </brp:geslachtsaanduiding>
                <brp:inschrijving brp:voorkomenSleutel="*" brp:verwerkingssoort="Toevoeging">
                    <brp:tijdstipRegistratie>*</brp:tijdstipRegistratie>
                    <brp:actieInhoud>*</brp:actieInhoud>
                    <brp:datum>1990-01-01</brp:datum>
                </brp:inschrijving>
                <brp:inschrijving brp:voorkomenSleutel="*" brp:verwerkingssoort="Verval">
                    <brp:tijdstipRegistratie>*</brp:tijdstipRegistratie>
                    <brp:tijdstipVerval>*</brp:tijdstipVerval>
                    <brp:datum>1990-01-01</brp:datum>
                </brp:inschrijving>
                <brp:bijhouding brp:voorkomenSleutel="*" brp:verwerkingssoort="Toevoeging">
                    <brp:tijdstipRegistratie>*</brp:tijdstipRegistratie>
                    <brp:actieInhoud>*</brp:actieInhoud>
                    <brp:datumAanvangGeldigheid>2012-06-22</brp:datumAanvangGeldigheid>
                    <brp:partijCode>062901</brp:partijCode>
                    <brp:bijhoudingsaardCode>I</brp:bijhoudingsaardCode>
                    <brp:nadereBijhoudingsaardCode>F</brp:nadereBijhoudingsaardCode>
                </brp:bijhouding>
                <brp:bijhouding brp:voorkomenSleutel="*" brp:verwerkingssoort="Toevoeging">
                    <brp:tijdstipRegistratie>*</brp:tijdstipRegistratie>
                    <brp:actieInhoud>*</brp:actieInhoud>
                    <brp:datumAanvangGeldigheid>1998-06-22</brp:datumAanvangGeldigheid>
                    <brp:datumEindeGeldigheid>2012-06-22</brp:datumEindeGeldigheid>
                    <brp:actieAanpassingGeldigheid>*</brp:actieAanpassingGeldigheid>
                    <brp:partijCode>062601</brp:partijCode>
                    <brp:bijhoudingsaardCode>I</brp:bijhoudingsaardCode>
                    <brp:nadereBijhoudingsaardCode>F</brp:nadereBijhoudingsaardCode>
                </brp:bijhouding>
                <brp:bijhouding brp:voorkomenSleutel="*" brp:verwerkingssoort="Toevoeging">
                    <brp:tijdstipRegistratie>*</brp:tijdstipRegistratie>
                    <brp:actieInhoud>*</brp:actieInhoud>
                    <brp:datumAanvangGeldigheid>1990-01-01</brp:datumAanvangGeldigheid>
                    <brp:datumEindeGeldigheid>1998-06-22</brp:datumEindeGeldigheid>
                    <brp:actieAanpassingGeldigheid>*</brp:actieAanpassingGeldigheid>
                    <brp:partijCode>062901</brp:partijCode>
                    <brp:bijhoudingsaardCode>I</brp:bijhoudingsaardCode>
                    <brp:nadereBijhoudingsaardCode>F</brp:nadereBijhoudingsaardCode>
                </brp:bijhouding>
                <brp:bijhouding brp:voorkomenSleutel="*" brp:verwerkingssoort="Verval">
                    <brp:tijdstipRegistratie>*</brp:tijdstipRegistratie>
                    <brp:tijdstipVerval>*</brp:tijdstipVerval>
                    <brp:datumAanvangGeldigheid>1998-06-22</brp:datumAanvangGeldigheid>
                    <brp:partijCode>062601</brp:partijCode>
                    <brp:bijhoudingsaardCode>I</brp:bijhoudingsaardCode>
                    <brp:nadereBijhoudingsaardCode>A</brp:nadereBijhoudingsaardCode>
                </brp:bijhouding>
                <brp:voornamen>
                    <brp:voornaam brp:voorkomenSleutel="*" brp:verwerkingssoort="Toevoeging" brp:objectSleutel="*" brp:objecttype="PersoonVoornaam">
                        <brp:tijdstipRegistratie>*</brp:tijdstipRegistratie>
                        <brp:actieInhoud>*</brp:actieInhoud>
                        <brp:datumAanvangGeldigheid>1990-01-03</brp:datumAanvangGeldigheid>
                        <brp:volgnummer>1</brp:volgnummer>
                        <brp:naam>Jan</brp:naam>
                    </brp:voornaam>
                    <brp:voornaam brp:voorkomenSleutel="*" brp:verwerkingssoort="Wijziging" brp:objectSleutel="*" brp:objecttype="PersoonVoornaam">
                        <brp:tijdstipRegistratie>*</brp:tijdstipRegistratie>
                        <brp:datumAanvangGeldigheid>1990-01-02</brp:datumAanvangGeldigheid>
                        <brp:datumEindeGeldigheid>1990-01-03</brp:datumEindeGeldigheid>
                        <brp:actieAanpassingGeldigheid>*</brp:actieAanpassingGeldigheid>
                        <brp:volgnummer>1</brp:volgnummer>
                        <brp:naam>Jan</brp:naam>
                    </brp:voornaam>
                    <brp:voornaam brp:voorkomenSleutel="*" brp:verwerkingssoort="Verval" brp:objectSleutel="*" brp:objecttype="PersoonVoornaam">
                        <brp:tijdstipRegistratie>*</brp:tijdstipRegistratie>
                        <brp:tijdstipVerval>*</brp:tijdstipVerval>
                        <brp:datumAanvangGeldigheid>1990-01-02</brp:datumAanvangGeldigheid>
                        <brp:volgnummer>1</brp:volgnummer>
                        <brp:naam>Jan</brp:naam>
                    </brp:voornaam>
                </brp:voornamen>
                <brp:geslachtsnaamcomponenten>
                    <brp:geslachtsnaamcomponent brp:voorkomenSleutel="*" brp:verwerkingssoort="Toevoeging" brp:objectSleutel="*" brp:objecttype="PersoonGeslachtsnaamcomponent">
                        <brp:tijdstipRegistratie>*</brp:tijdstipRegistratie>
                        <brp:actieInhoud>*</brp:actieInhoud>
                        <brp:datumAanvangGeldigheid>1990-01-03</brp:datumAanvangGeldigheid>
                        <brp:volgnummer>1</brp:volgnummer>
                        <brp:stam>Vermeer</brp:stam>
                    </brp:geslachtsnaamcomponent>
                    <brp:geslachtsnaamcomponent brp:voorkomenSleutel="*" brp:verwerkingssoort="Wijziging" brp:objectSleutel="*" brp:objecttype="PersoonGeslachtsnaamcomponent">
                        <brp:tijdstipRegistratie>*</brp:tijdstipRegistratie>
                        <brp:datumAanvangGeldigheid>1990-01-02</brp:datumAanvangGeldigheid>
                        <brp:datumEindeGeldigheid>1990-01-03</brp:datumEindeGeldigheid>
                        <brp:actieAanpassingGeldigheid>*</brp:actieAanpassingGeldigheid>
                        <brp:volgnummer>1</brp:volgnummer>
                        <brp:stam>Vermeer</brp:stam>
                    </brp:geslachtsnaamcomponent>
                    <brp:geslachtsnaamcomponent brp:voorkomenSleutel="*" brp:verwerkingssoort="Verval" brp:objectSleutel="*" brp:objecttype="PersoonGeslachtsnaamcomponent">
                        <brp:tijdstipRegistratie>*</brp:tijdstipRegistratie>
                        <brp:tijdstipVerval>*</brp:tijdstipVerval>
                        <brp:datumAanvangGeldigheid>1990-01-02</brp:datumAanvangGeldigheid>
                        <brp:volgnummer>1</brp:volgnummer>
                        <brp:stam>Vermeer</brp:stam>
                    </brp:geslachtsnaamcomponent>
                </brp:geslachtsnaamcomponenten>
                <brp:naamgebruik brp:voorkomenSleutel="*" brp:verwerkingssoort="Toevoeging">
                    <brp:tijdstipRegistratie>*</brp:tijdstipRegistratie>
                    <brp:actieInhoud>*</brp:actieInhoud>
                    <brp:code>E</brp:code>
                    <brp:voornamen>Jan</brp:voornamen>
                    <brp:geslachtsnaamstam>Vermeer</brp:geslachtsnaamstam>
                </brp:naamgebruik>
                <brp:naamgebruik brp:voorkomenSleutel="*" brp:verwerkingssoort="Verval">
                    <brp:tijdstipRegistratie>*</brp:tijdstipRegistratie>
                    <brp:tijdstipVerval>*</brp:tijdstipVerval>
                    <brp:code>E</brp:code>
                    <brp:voornamen>Jan</brp:voornamen>
                    <brp:geslachtsnaamstam>Vermeer</brp:geslachtsnaamstam>
                </brp:naamgebruik>
                <brp:adressen>
                    <brp:adres brp:voorkomenSleutel="*" brp:verwerkingssoort="Toevoeging" brp:objectSleutel="*" brp:objecttype="PersoonAdres">
                        <brp:tijdstipRegistratie>*</brp:tijdstipRegistratie>
                        <brp:actieInhoud>*</brp:actieInhoud>
                        <brp:datumAanvangGeldigheid>2012-06-22</brp:datumAanvangGeldigheid>
                        <brp:soortCode>B</brp:soortCode>
                        <brp:redenWijzigingCode>I</brp:redenWijzigingCode>
                        <brp:datumAanvangAdreshouding>2012-06-22</brp:datumAanvangAdreshouding>
                        <brp:identificatiecodeAdresseerbaarObject>0626010010016003</brp:identificatiecodeAdresseerbaarObject>
                        <brp:identificatiecodeNummeraanduiding>0626010010016003</brp:identificatiecodeNummeraanduiding>
                        <brp:gemeenteCode>0629</brp:gemeenteCode>
                        <brp:naamOpenbareRuimte>Graaf Florisstraat</brp:naamOpenbareRuimte>
                        <brp:afgekorteNaamOpenbareRuimte>Haagseweg</brp:afgekorteNaamOpenbareRuimte>
                        <brp:huisnummer>42</brp:huisnummer>
                        <brp:postcode>1000AA</brp:postcode>
                        <brp:woonplaatsnaam>Wassenaar</brp:woonplaatsnaam>
                        <brp:landGebiedCode>6030</brp:landGebiedCode>
                    </brp:adres>
                    <brp:adres brp:voorkomenSleutel="*" brp:verwerkingssoort="Toevoeging" brp:objectSleutel="*" brp:objecttype="PersoonAdres">
                        <brp:tijdstipRegistratie>*</brp:tijdstipRegistratie>
                        <brp:actieInhoud>*</brp:actieInhoud>
                        <brp:datumAanvangGeldigheid>2011-03-16</brp:datumAanvangGeldigheid>
                        <brp:datumEindeGeldigheid>2012-06-22</brp:datumEindeGeldigheid>
                        <brp:actieAanpassingGeldigheid>*</brp:actieAanpassingGeldigheid>
                        <brp:soortCode>W</brp:soortCode>
                        <brp:redenWijzigingCode>B</brp:redenWijzigingCode>
                        <brp:datumAanvangAdreshouding>1998-06-22</brp:datumAanvangAdreshouding>
                        <brp:identificatiecodeAdresseerbaarObject>0626010010016001</brp:identificatiecodeAdresseerbaarObject>
                        <brp:identificatiecodeNummeraanduiding>0626200010016001</brp:identificatiecodeNummeraanduiding>
                        <brp:gemeenteCode>0626</brp:gemeenteCode>
                        <brp:naamOpenbareRuimte>Baron Schimmelpenninck van der Oyelaan</brp:naamOpenbareRuimte>
                        <brp:afgekorteNaamOpenbareRuimte>S vd Oyeln</brp:afgekorteNaamOpenbareRuimte>
                        <brp:huisnummer>16</brp:huisnummer>
                        <brp:postcode>2252EB</brp:postcode>
                        <brp:woonplaatsnaam>Voorschoten</brp:woonplaatsnaam>
                        <brp:landGebiedCode>6030</brp:landGebiedCode>
                    </brp:adres>
                    <brp:adres brp:voorkomenSleutel="*" brp:verwerkingssoort="Verval" brp:objectSleutel="*" brp:objecttype="PersoonAdres">
                        <brp:tijdstipRegistratie>*</brp:tijdstipRegistratie>
                        <brp:tijdstipVerval>*</brp:tijdstipVerval>
                        <brp:datumAanvangGeldigheid>2011-03-16</brp:datumAanvangGeldigheid>
                        <brp:soortCode>W</brp:soortCode>
                        <brp:redenWijzigingCode>B</brp:redenWijzigingCode>
                        <brp:datumAanvangAdreshouding>1998-06-22</brp:datumAanvangAdreshouding>
                        <brp:identificatiecodeAdresseerbaarObject>0626010010016001</brp:identificatiecodeAdresseerbaarObject>
                        <brp:identificatiecodeNummeraanduiding>0626200010016001</brp:identificatiecodeNummeraanduiding>
                        <brp:gemeenteCode>0626</brp:gemeenteCode>
                        <brp:naamOpenbareRuimte>Baron Schimmelpenninck van der Oyelaan</brp:naamOpenbareRuimte>
                        <brp:afgekorteNaamOpenbareRuimte>S vd Oyeln</brp:afgekorteNaamOpenbareRuimte>
                        <brp:huisnummer>16</brp:huisnummer>
                        <brp:postcode>2252EB</brp:postcode>
                        <brp:woonplaatsnaam>Voorschoten</brp:woonplaatsnaam>
                        <brp:landGebiedCode>6030</brp:landGebiedCode>
                    </brp:adres>
                </brp:adressen>
                <brp:administratieveHandelingen>
                    <brp:administratieveHandeling brp:objectSleutel="*" brp:objecttype="AdministratieveHandeling">
                        <brp:soortNaam>GBA - Afvoeren PL</brp:soortNaam>
                        <brp:categorieNaam>GBA - Synchronisatie</brp:categorieNaam>
                        <brp:partijCode>199902</brp:partijCode>
                        <brp:tijdstipRegistratie>*</brp:tijdstipRegistratie>
                        <brp:bronnen>
                            <brp:bron brp:objecttype="AdministratieveHandelingBron" brp:communicatieID="*">
                                <brp:document brp:voorkomenSleutel="*" brp:objectSleutel="*" brp:objecttype="Document">
                                    <brp:soortNaam>Historie conversie</brp:soortNaam>
                                    <brp:aktenummer>1 A5820</brp:aktenummer>
                                    <brp:partijCode>059901</brp:partijCode>
                                </brp:document>
                            </brp:bron>
                        </brp:bronnen>
                        <brp:bijgehoudenActies>
                            <brp:actie brp:objectSleutel="*" brp:objecttype="Actie">
                                <brp:soortNaam>Conversie GBA</brp:soortNaam>
                                <brp:partijCode>199902</brp:partijCode>
                            </brp:actie>
                            <brp:actie brp:objectSleutel="*" brp:objecttype="Actie">
                                <brp:soortNaam>Conversie GBA</brp:soortNaam>
                                <brp:partijCode>199902</brp:partijCode>
                            </brp:actie>
                            <brp:actie brp:objectSleutel="*" brp:objecttype="Actie">
                                <brp:soortNaam>Conversie GBA</brp:soortNaam>
                                <brp:partijCode>199902</brp:partijCode>
                            </brp:actie>
                            <brp:actie brp:objectSleutel="*" brp:objecttype="Actie">
                                <brp:soortNaam>Conversie GBA</brp:soortNaam>
                                <brp:partijCode>199902</brp:partijCode>
                                <brp:bronnen>
                                    <brp:bron brp:objectSleutel="*" brp:objecttype="ActieBron" brp:referentieID="*"/>
                                </brp:bronnen>
                            </brp:actie>
                        </brp:bijgehoudenActies>
                    </brp:administratieveHandeling>
                </brp:administratieveHandelingen>
            </brp:persoon>
        </brp:bijgehoudenPersonen>
    </brp:synchronisatie>
</brp:lvg_synVerwerkPersoon>
