cvc-complex-type.2.4.a: Invalid content was found starting with element 'brp:datumEinde'. One of '{"http://www.bzk.nl/brp/brp0200":redenEindeCode}' is expected.