cvc-pattern-valid: Value '2345gH' is not facet-valid with respect to pattern '[1-9]{1}[0-9]{3}[A-Z]{2}' for type 'Postcode-s'.