<?xml version="1.0" encoding="UTF-8"?>
<brp:lvg_synVerwerkPersoon xmlns:brp="http://www.bzk.nl/brp/brp0200">
  <brp:stuurgegevens>
    <brp:zendendePartij>199903</brp:zendendePartij>
    <brp:zendendeSysteem>BRP</brp:zendendeSysteem>
    <brp:ontvangendePartij>034401</brp:ontvangendePartij>
    <brp:referentienummer>*</brp:referentienummer>
    <brp:tijdstipVerzending>*</brp:tijdstipVerzending>
  </brp:stuurgegevens>
  <brp:parameters>
    <brp:soortSynchronisatie>Mutatiebericht</brp:soortSynchronisatie>
    <brp:leveringsautorisatieIdentificatie>1</brp:leveringsautorisatieIdentificatie>
    <brp:dienstIdentificatie>1</brp:dienstIdentificatie>
  </brp:parameters>
  <brp:meldingen>
    <brp:melding brp:objecttype="Melding" brp:referentieID="*">
      <brp:regelCode>R1340</brp:regelCode>
      <brp:soortNaam>Waarschuwing</brp:soortNaam>
      <brp:melding>De persoon heeft een verstrekkingsbeperking.</brp:melding>
    </brp:melding>
  </brp:meldingen>
  <brp:synchronisatie brp:objecttype="AdministratieveHandeling" brp:objectSleutel="*" brp:verwerkingssoort="Toevoeging">
    <brp:soortNaam>GBA - Bijhouding actueel</brp:soortNaam>
    <brp:categorieNaam>GBA - Synchronisatie</brp:categorieNaam>
    <brp:partijCode>199902</brp:partijCode>
    <brp:tijdstipRegistratie>*</brp:tijdstipRegistratie>
    <brp:bijgehoudenPersonen>
      <brp:persoon brp:objectSleutel="*" brp:objecttype="Persoon" brp:verwerkingssoort="Wijziging" brp:communicatieID="*">
        <brp:soortCode>I</brp:soortCode>
        <brp:afgeleidAdministratief brp:voorkomenSleutel="*" brp:verwerkingssoort="Toevoeging">
          <brp:tijdstipRegistratie>*</brp:tijdstipRegistratie>
          <brp:actieInhoud>*</brp:actieInhoud>
          <brp:tijdstipLaatsteWijziging>*</brp:tijdstipLaatsteWijziging>
          <brp:tijdstipLaatsteWijzigingGBASystematiek>*</brp:tijdstipLaatsteWijzigingGBASystematiek>
        </brp:afgeleidAdministratief>
        <brp:afgeleidAdministratief brp:voorkomenSleutel="*" brp:verwerkingssoort="Verval">
          <brp:tijdstipRegistratie>*</brp:tijdstipRegistratie>
          <brp:tijdstipVerval>*</brp:tijdstipVerval>
          <brp:actieVerval>*</brp:actieVerval>
          <brp:tijdstipLaatsteWijziging>*</brp:tijdstipLaatsteWijziging>
          <brp:tijdstipLaatsteWijzigingGBASystematiek>*</brp:tijdstipLaatsteWijzigingGBASystematiek>
        </brp:afgeleidAdministratief>
        <brp:identificatienummers brp:voorkomenSleutel="*" brp:verwerkingssoort="Identificatie">
          <brp:tijdstipRegistratie>*</brp:tijdstipRegistratie>
          <brp:datumAanvangGeldigheid>1990-01-01</brp:datumAanvangGeldigheid>
          <brp:burgerservicenummer>144892625</brp:burgerservicenummer>
          <brp:administratienummer>9050781473</brp:administratienummer>
        </brp:identificatienummers>
        <brp:samengesteldeNaam brp:voorkomenSleutel="*" brp:verwerkingssoort="Identificatie">
          <brp:tijdstipRegistratie>*</brp:tijdstipRegistratie>
          <brp:datumAanvangGeldigheid>1990-01-01</brp:datumAanvangGeldigheid>
          <brp:indicatieNamenreeks>N</brp:indicatieNamenreeks>
          <brp:voornamen>Jan</brp:voornamen>
          <brp:geslachtsnaamstam>Vermeer</brp:geslachtsnaamstam>
        </brp:samengesteldeNaam>
        <brp:geboorte brp:voorkomenSleutel="*" brp:verwerkingssoort="Identificatie">
          <brp:tijdstipRegistratie>*</brp:tijdstipRegistratie>
          <brp:datum>1990-01-01</brp:datum>
          <brp:gemeenteCode>0599</brp:gemeenteCode>
          <brp:landGebiedCode>6030</brp:landGebiedCode>
        </brp:geboorte>
        <brp:geslachtsaanduiding brp:voorkomenSleutel="*" brp:verwerkingssoort="Identificatie">
          <brp:tijdstipRegistratie>*</brp:tijdstipRegistratie>
          <brp:datumAanvangGeldigheid>1990-01-01</brp:datumAanvangGeldigheid>
          <brp:code>M</brp:code>
        </brp:geslachtsaanduiding>
        <brp:inschrijving brp:voorkomenSleutel="*" brp:verwerkingssoort="Toevoeging">
          <brp:tijdstipRegistratie>*</brp:tijdstipRegistratie>
          <brp:actieInhoud>*</brp:actieInhoud>
          <brp:datum>1990-01-01</brp:datum>
        </brp:inschrijving>
        <brp:inschrijving brp:voorkomenSleutel="*" brp:verwerkingssoort="Verval">
          <brp:tijdstipRegistratie>*</brp:tijdstipRegistratie>
          <brp:tijdstipVerval>*</brp:tijdstipVerval>
          <brp:datum>1990-01-01</brp:datum>
        </brp:inschrijving>
        <brp:voornamen>
          <brp:voornaam brp:voorkomenSleutel="*" brp:verwerkingssoort="Referentie" brp:objectSleutel="*" brp:objecttype="PersoonVoornaam">
            <brp:tijdstipRegistratie>*</brp:tijdstipRegistratie>
            <brp:datumAanvangGeldigheid>1990-01-01</brp:datumAanvangGeldigheid>
            <brp:volgnummer>1</brp:volgnummer>
            <brp:naam>Jan</brp:naam>
          </brp:voornaam>
        </brp:voornamen>
        <brp:geslachtsnaamcomponenten>
          <brp:geslachtsnaamcomponent brp:voorkomenSleutel="*" brp:verwerkingssoort="Referentie" brp:objectSleutel="*" brp:objecttype="PersoonGeslachtsnaamcomponent">
            <brp:tijdstipRegistratie>*</brp:tijdstipRegistratie>
            <brp:datumAanvangGeldigheid>1990-01-01</brp:datumAanvangGeldigheid>
            <brp:volgnummer>1</brp:volgnummer>
            <brp:stam>Vermeer</brp:stam>
          </brp:geslachtsnaamcomponent>
        </brp:geslachtsnaamcomponenten>
        <brp:naamgebruik brp:voorkomenSleutel="*" brp:verwerkingssoort="Referentie">
          <brp:tijdstipRegistratie>*</brp:tijdstipRegistratie>
          <brp:code>E</brp:code>
          <brp:voornamen>Jan</brp:voornamen>
          <brp:geslachtsnaamstam>Vermeer</brp:geslachtsnaamstam>
        </brp:naamgebruik>
        <brp:onderzoeken>
          <brp:onderzoek brp:objectSleutel="*" brp:objecttype="Onderzoek" brp:verwerkingssoort="Verval">
            <brp:onderzoek brp:voorkomenSleutel="*" brp:verwerkingssoort="Verval">
              <brp:tijdstipRegistratie>*</brp:tijdstipRegistratie>
              <brp:tijdstipVerval>*</brp:tijdstipVerval>
              <brp:datumAanvang>2014-01-01</brp:datumAanvang>
              <brp:datumEinde>2014-11-12</brp:datumEinde>
            </brp:onderzoek>
            <brp:gegevensInOnderzoek>
              <brp:gegevenInOnderzoek brp:objectSleutel="*" brp:objecttype="GegevenInOnderzoek" brp:verwerkingssoort="Verval">
                <brp:tijdstipRegistratie>*</brp:tijdstipRegistratie>
                <brp:tijdstipVerval>*</brp:tijdstipVerval>
                <brp:elementNaam>Persoon.Naamgebruik.Code</brp:elementNaam>
                <brp:voorkomenSleutelGegeven>*</brp:voorkomenSleutelGegeven>
              </brp:gegevenInOnderzoek>
            </brp:gegevensInOnderzoek>
          </brp:onderzoek>
          <brp:onderzoek brp:objectSleutel="*" brp:objecttype="Onderzoek" brp:verwerkingssoort="Toevoeging">
            <brp:onderzoek brp:voorkomenSleutel="*" brp:verwerkingssoort="Toevoeging">
              <brp:tijdstipRegistratie>*</brp:tijdstipRegistratie>
              <brp:actieInhoud>*</brp:actieInhoud>
              <brp:datumAanvang>2014-12-01</brp:datumAanvang>
            </brp:onderzoek>
            <brp:gegevensInOnderzoek>
              <brp:gegevenInOnderzoek brp:objectSleutel="*" brp:objecttype="GegevenInOnderzoek" brp:verwerkingssoort="Toevoeging">
                <brp:tijdstipRegistratie>*</brp:tijdstipRegistratie>
                <brp:actieInhoud>*</brp:actieInhoud>
                <brp:elementNaam>Persoon.Voornaam.Naam</brp:elementNaam>
                <brp:voorkomenSleutelGegeven>*</brp:voorkomenSleutelGegeven>
              </brp:gegevenInOnderzoek>
              <brp:gegevenInOnderzoek brp:objectSleutel="*" brp:objecttype="GegevenInOnderzoek" brp:verwerkingssoort="Toevoeging">
                <brp:tijdstipRegistratie>*</brp:tijdstipRegistratie>
                <brp:actieInhoud>*</brp:actieInhoud>
                <brp:elementNaam>Persoon.Geslachtsnaamcomponent.Stam</brp:elementNaam>
                <brp:voorkomenSleutelGegeven>*</brp:voorkomenSleutelGegeven>
              </brp:gegevenInOnderzoek>
              <brp:gegevenInOnderzoek brp:objectSleutel="*" brp:objecttype="GegevenInOnderzoek" brp:verwerkingssoort="Toevoeging">
                <brp:tijdstipRegistratie>*</brp:tijdstipRegistratie>
                <brp:actieInhoud>*</brp:actieInhoud>
                <brp:elementNaam>Persoon.Naamgebruik.Voornamen</brp:elementNaam>
                <brp:voorkomenSleutelGegeven>*</brp:voorkomenSleutelGegeven>
              </brp:gegevenInOnderzoek>
              <brp:gegevenInOnderzoek brp:objectSleutel="*" brp:objecttype="GegevenInOnderzoek" brp:verwerkingssoort="Toevoeging">
                <brp:tijdstipRegistratie>*</brp:tijdstipRegistratie>
                <brp:actieInhoud>*</brp:actieInhoud>
                <brp:elementNaam>Persoon.Naamgebruik.Geslachtsnaamstam</brp:elementNaam>
                <brp:voorkomenSleutelGegeven>*</brp:voorkomenSleutelGegeven>
              </brp:gegevenInOnderzoek>
              <brp:gegevenInOnderzoek brp:objectSleutel="*" brp:objecttype="GegevenInOnderzoek" brp:verwerkingssoort="Toevoeging">
                <brp:tijdstipRegistratie>*</brp:tijdstipRegistratie>
                <brp:actieInhoud>*</brp:actieInhoud>
                <brp:elementNaam>Persoon.SamengesteldeNaam.Voornamen</brp:elementNaam>
                <brp:voorkomenSleutelGegeven>*</brp:voorkomenSleutelGegeven>
              </brp:gegevenInOnderzoek>
              <brp:gegevenInOnderzoek brp:objectSleutel="*" brp:objecttype="GegevenInOnderzoek" brp:verwerkingssoort="Toevoeging">
                <brp:tijdstipRegistratie>*</brp:tijdstipRegistratie>
                <brp:actieInhoud>*</brp:actieInhoud>
                <brp:elementNaam>Persoon.SamengesteldeNaam.Geslachtsnaamstam</brp:elementNaam>
                <brp:voorkomenSleutelGegeven>*</brp:voorkomenSleutelGegeven>
              </brp:gegevenInOnderzoek>
            </brp:gegevensInOnderzoek>
          </brp:onderzoek>
        </brp:onderzoeken>
        <brp:administratieveHandelingen>
          <brp:administratieveHandeling brp:objectSleutel="*" brp:objecttype="AdministratieveHandeling">
            <brp:soortNaam>GBA - Bijhouding actueel</brp:soortNaam>
            <brp:categorieNaam>GBA - Synchronisatie</brp:categorieNaam>
            <brp:partijCode>199902</brp:partijCode>
            <brp:tijdstipRegistratie>*</brp:tijdstipRegistratie>
            <brp:bijgehoudenActies>
              <brp:actie brp:objectSleutel="*" brp:objecttype="Actie">
                <brp:soortNaam>Conversie GBA</brp:soortNaam>
                <brp:partijCode>199902</brp:partijCode>
              </brp:actie>
              <brp:actie brp:objectSleutel="*" brp:objecttype="Actie">
                <brp:soortNaam>Conversie GBA</brp:soortNaam>
                <brp:partijCode>199902</brp:partijCode>
              </brp:actie>
            </brp:bijgehoudenActies>
          </brp:administratieveHandeling>
        </brp:administratieveHandelingen>
      </brp:persoon>
    </brp:bijgehoudenPersonen>
  </brp:synchronisatie>
</brp:lvg_synVerwerkPersoon>
