<brp:bhg_hgpCorrigeerHuwelijkGeregistreerdPartnerschap_R xmlns:brp="http://www.bzk.nl/brp/brp0200">
    <brp:stuurgegevens>
        <brp:zendendePartij>199901</brp:zendendePartij>
        <brp:zendendeSysteem>BRP</brp:zendendeSysteem>
        <brp:referentienummer>*</brp:referentienummer>
        <brp:crossReferentienummer>00000000-0000-0000-0042-200000000104</brp:crossReferentienummer>
        <brp:tijdstipVerzending>*</brp:tijdstipVerzending>
    </brp:stuurgegevens>
    <brp:resultaat>
        <brp:verwerking>Geslaagd</brp:verwerking>
        <brp:bijhouding>Verwerkt</brp:bijhouding>
        <brp:hoogsteMeldingsniveau>Geen</brp:hoogsteMeldingsniveau>
    </brp:resultaat>
    <brp:correctieHuwelijk brp:objecttype="AdministratieveHandeling">
        <brp:partijCode>507013</brp:partijCode>
        <brp:tijdstipRegistratie>*</brp:tijdstipRegistratie>
        <brp:bijgehoudenPersonen>
            <brp:persoon brp:objecttype="Persoon">
                <brp:identificatienummers>
                    <brp:burgerservicenummer>300039001</brp:burgerservicenummer>
                </brp:identificatienummers>
            </brp:persoon>
            <brp:persoon brp:objecttype="Persoon">
                <brp:identificatienummers>
                    <brp:burgerservicenummer>541737673</brp:burgerservicenummer>
                </brp:identificatienummers>
            </brp:persoon>
        </brp:bijgehoudenPersonen>
        <brp:bijhoudingsplan brp:objecttype="Bijhoudingsplan">*</brp:bijhoudingsplan>
    </brp:correctieHuwelijk>
</brp:bhg_hgpCorrigeerHuwelijkGeregistreerdPartnerschap_R>
