<brp:bhg_hgpRegistreerHuwelijkGeregistreerdPartnerschap_R xmlns:brp="http://www.bzk.nl/brp/brp0200">
    <brp:stuurgegevens>
        <brp:zendendePartij>199901</brp:zendendePartij>
        <brp:zendendeSysteem>BRP</brp:zendendeSysteem>
        <brp:referentienummer>*</brp:referentienummer>
        <brp:crossReferentienummer>88409eeb-1aa5-43fc-8614-43055123a165</brp:crossReferentienummer>
        <brp:tijdstipVerzending>*</brp:tijdstipVerzending>
    </brp:stuurgegevens>
    <brp:resultaat>
        <brp:verwerking>Geslaagd</brp:verwerking>
        <brp:bijhouding>Verwerkt</brp:bijhouding>
        <brp:hoogsteMeldingsniveau>Geen</brp:hoogsteMeldingsniveau>
    </brp:resultaat>
    <brp:ontbindingHuwelijkInBuitenland brp:objecttype="AdministratieveHandeling">
        <brp:partijCode>507013</brp:partijCode>
        <brp:tijdstipRegistratie>*</brp:tijdstipRegistratie>
        <brp:bijgehoudenPersonen>
            <brp:persoon brp:objecttype="Persoon">
                <brp:identificatienummers>
                    <brp:burgerservicenummer>184306073</brp:burgerservicenummer>
                </brp:identificatienummers>
            </brp:persoon>
            <brp:persoon brp:objecttype="Persoon">
                <brp:identificatienummers>
                    <brp:burgerservicenummer>250020361</brp:burgerservicenummer>
                </brp:identificatienummers>
            </brp:persoon>
        </brp:bijgehoudenPersonen>
        <brp:bijhoudingsplan brp:objecttype="Bijhoudingsplan">*</brp:bijhoudingsplan>
    </brp:ontbindingHuwelijkInBuitenland>
</brp:bhg_hgpRegistreerHuwelijkGeregistreerdPartnerschap_R>
