<?xml version="1.0" encoding="UTF-8"?>
<brp:lvg_bvgGeefDetailsPersoon_R xmlns:brp="http://www.bzk.nl/brp/brp0200">
    <brp:stuurgegevens>
        <brp:zendendePartij>199903</brp:zendendePartij>
        <brp:zendendeSysteem>BRP</brp:zendendeSysteem>
        <brp:referentienummer>*</brp:referentienummer>
        <brp:crossReferentienummer>00000000-0000-0000-0000-000000001214</brp:crossReferentienummer>
        <brp:tijdstipVerzending>*</brp:tijdstipVerzending>
    </brp:stuurgegevens>
    <brp:resultaat>
        <brp:verwerking>Geslaagd</brp:verwerking>
        <brp:hoogsteMeldingsniveau>Geen</brp:hoogsteMeldingsniveau>
    </brp:resultaat>
    <brp:personen>
        <brp:persoon brp:objectSleutel="*" brp:objecttype="Persoon" brp:communicatieID="*">
            <brp:soortCode>I</brp:soortCode>
            <brp:afgeleidAdministratief brp:voorkomenSleutel="*">
                <brp:tijdstipRegistratie>*</brp:tijdstipRegistratie>
                <brp:actieInhoud>*</brp:actieInhoud>
                <brp:tijdstipLaatsteWijziging>*</brp:tijdstipLaatsteWijziging>
                <brp:tijdstipLaatsteWijzigingGBASystematiek>*</brp:tijdstipLaatsteWijzigingGBASystematiek>
            </brp:afgeleidAdministratief>
            <brp:afgeleidAdministratief brp:voorkomenSleutel="*">
                <brp:tijdstipRegistratie>*</brp:tijdstipRegistratie>
                <brp:actieInhoud>*</brp:actieInhoud>
                <brp:tijdstipVerval>*</brp:tijdstipVerval>
                <brp:actieVerval>*</brp:actieVerval>
                <brp:tijdstipLaatsteWijziging>*</brp:tijdstipLaatsteWijziging>
                <brp:tijdstipLaatsteWijzigingGBASystematiek>*</brp:tijdstipLaatsteWijzigingGBASystematiek>
            </brp:afgeleidAdministratief>
            <brp:identificatienummers brp:voorkomenSleutel="*">
                <brp:tijdstipRegistratie>*</brp:tijdstipRegistratie>
                <brp:actieInhoud>*</brp:actieInhoud>
                <brp:datumAanvangGeldigheid>1984-02-04</brp:datumAanvangGeldigheid>
                <brp:burgerservicenummer>207369641</brp:burgerservicenummer>
                <brp:administratienummer>1237424130</brp:administratienummer>
            </brp:identificatienummers>
            <brp:samengesteldeNaam brp:voorkomenSleutel="*">
                <brp:tijdstipRegistratie>*</brp:tijdstipRegistratie>
                <brp:actieInhoud>*</brp:actieInhoud>
                <brp:datumAanvangGeldigheid>1984-02-04</brp:datumAanvangGeldigheid>
                <brp:indicatieAfgeleid>J</brp:indicatieAfgeleid>
                <brp:indicatieNamenreeks>N</brp:indicatieNamenreeks>
                <brp:voornamen>Johan</brp:voornamen>
                <brp:voorvoegsel>van</brp:voorvoegsel>
                <brp:scheidingsteken></brp:scheidingsteken>
                <brp:geslachtsnaamstam>Hergé</brp:geslachtsnaamstam>
            </brp:samengesteldeNaam>
            <brp:geboorte brp:voorkomenSleutel="*">
                <brp:tijdstipRegistratie>*</brp:tijdstipRegistratie>
                <brp:actieInhoud>*</brp:actieInhoud>
                <brp:datum>1984-02-04</brp:datum>
                <brp:gemeenteCode>0599</brp:gemeenteCode>
                <brp:landGebiedCode>6030</brp:landGebiedCode>
            </brp:geboorte>
            <brp:geslachtsaanduiding brp:voorkomenSleutel="*">
                <brp:tijdstipRegistratie>*</brp:tijdstipRegistratie>
                <brp:actieInhoud>*</brp:actieInhoud>
                <brp:datumAanvangGeldigheid>1984-02-04</brp:datumAanvangGeldigheid>
                <brp:code>M</brp:code>
            </brp:geslachtsaanduiding>
            <brp:inschrijving brp:voorkomenSleutel="*">
                <brp:tijdstipRegistratie>*</brp:tijdstipRegistratie>
                <brp:actieInhoud>*</brp:actieInhoud>
                <brp:datum>1984-02-04</brp:datum>
            </brp:inschrijving>
            <brp:bijhouding brp:voorkomenSleutel="*">
                <brp:tijdstipRegistratie>*</brp:tijdstipRegistratie>
                <brp:actieInhoud>*</brp:actieInhoud>
                <brp:datumAanvangGeldigheid>1984-02-04</brp:datumAanvangGeldigheid>
                <brp:partijCode>059901</brp:partijCode>
                <brp:bijhoudingsaardCode>I</brp:bijhoudingsaardCode>
                <brp:nadereBijhoudingsaardCode>A</brp:nadereBijhoudingsaardCode>
            </brp:bijhouding>
            <brp:voornamen>
                <brp:voornaam brp:voorkomenSleutel="*" brp:objectSleutel="*" brp:objecttype="PersoonVoornaam">
                    <brp:tijdstipRegistratie>*</brp:tijdstipRegistratie>
                    <brp:actieInhoud>*</brp:actieInhoud>
                    <brp:datumAanvangGeldigheid>1984-02-04</brp:datumAanvangGeldigheid>
                    <brp:volgnummer>1</brp:volgnummer>
                    <brp:naam>Johan</brp:naam>
                </brp:voornaam>
            </brp:voornamen>
            <brp:geslachtsnaamcomponenten>
                <brp:geslachtsnaamcomponent brp:voorkomenSleutel="*" brp:objectSleutel="*" brp:objecttype="PersoonGeslachtsnaamcomponent">
                    <brp:tijdstipRegistratie>*</brp:tijdstipRegistratie>
                    <brp:actieInhoud>*</brp:actieInhoud>
                    <brp:datumAanvangGeldigheid>1984-02-04</brp:datumAanvangGeldigheid>
                    <brp:volgnummer>1</brp:volgnummer>
                    <brp:voorvoegsel>van</brp:voorvoegsel>
                    <brp:scheidingsteken></brp:scheidingsteken>
                    <brp:stam>Hergé</brp:stam>
                </brp:geslachtsnaamcomponent>
            </brp:geslachtsnaamcomponenten>
            <brp:naamgebruik brp:voorkomenSleutel="*">
                <brp:tijdstipRegistratie>*</brp:tijdstipRegistratie>
                <brp:actieInhoud>*</brp:actieInhoud>
                <brp:code>E</brp:code>
                <brp:indicatieAfgeleid>J</brp:indicatieAfgeleid>
                <brp:voornamen>Johan</brp:voornamen>
                <brp:voorvoegsel>van</brp:voorvoegsel>
                <brp:scheidingsteken></brp:scheidingsteken>
                <brp:geslachtsnaamstam>Hergé</brp:geslachtsnaamstam>
            </brp:naamgebruik>
            <brp:adressen>
                <brp:adres brp:voorkomenSleutel="*" brp:objectSleutel="*" brp:objecttype="PersoonAdres">
                    <brp:tijdstipRegistratie>*</brp:tijdstipRegistratie>
                    <brp:actieInhoud>*</brp:actieInhoud>
                    <brp:datumAanvangGeldigheid>1984-02-04</brp:datumAanvangGeldigheid>
                    <brp:soortCode>W</brp:soortCode>
                    <brp:redenWijzigingCode>P</brp:redenWijzigingCode>
                    <brp:aangeverAdreshoudingCode>I</brp:aangeverAdreshoudingCode>
                    <brp:datumAanvangAdreshouding>1984-02-04</brp:datumAanvangAdreshouding>
                    <brp:gemeenteCode>0599</brp:gemeenteCode>
                    <brp:afgekorteNaamOpenbareRuimte>Zeusplaats</brp:afgekorteNaamOpenbareRuimte>
                    <brp:landGebiedCode>6030</brp:landGebiedCode>
                </brp:adres>
            </brp:adressen>
            <brp:nationaliteiten>
                <brp:nationaliteit brp:voorkomenSleutel="*" brp:objectSleutel="*" brp:objecttype="PersoonNationaliteit">
                    <brp:tijdstipRegistratie>*</brp:tijdstipRegistratie>
                    <brp:actieInhoud>*</brp:actieInhoud>
                    <brp:datumAanvangGeldigheid>2016-01-01</brp:datumAanvangGeldigheid>
                    <brp:nationaliteitCode>0027</brp:nationaliteitCode>
                </brp:nationaliteit>
                <brp:nationaliteit brp:voorkomenSleutel="*" brp:objectSleutel="*" brp:objecttype="PersoonNationaliteit">
                    <brp:tijdstipRegistratie>*</brp:tijdstipRegistratie>
                    <brp:actieInhoud>*</brp:actieInhoud>
                    <brp:datumAanvangGeldigheid>1984-02-04</brp:datumAanvangGeldigheid>
                    <brp:datumEindeGeldigheid>2016-01-01</brp:datumEindeGeldigheid>
                    <brp:actieAanpassingGeldigheid>*</brp:actieAanpassingGeldigheid>
                    <brp:nationaliteitCode>0027</brp:nationaliteitCode>
                </brp:nationaliteit>
            </brp:nationaliteiten>
            <brp:buitenlandsPersoonsnummers>
                <brp:buitenlandsPersoonsnummer brp:voorkomenSleutel="*" brp:objectSleutel="*" brp:objecttype="PersoonBuitenlandsPersoonsnummer">
                    <brp:tijdstipRegistratie>*</brp:tijdstipRegistratie>
                    <brp:actieInhoud>*</brp:actieInhoud>
                    <brp:autoriteitVanAfgifteCode>0027</brp:autoriteitVanAfgifteCode>
                    <brp:nummer>AAAA1111111</brp:nummer>
                </brp:buitenlandsPersoonsnummer>
                <brp:buitenlandsPersoonsnummer brp:voorkomenSleutel="*" brp:objectSleutel="*" brp:objecttype="PersoonBuitenlandsPersoonsnummer">
                    <brp:tijdstipRegistratie>*</brp:tijdstipRegistratie>
                    <brp:actieInhoud>*</brp:actieInhoud>
                    <brp:autoriteitVanAfgifteCode>0027</brp:autoriteitVanAfgifteCode>
                    <brp:nummer>BBBBBBBAA1111111</brp:nummer>
                </brp:buitenlandsPersoonsnummer>
            </brp:buitenlandsPersoonsnummers>
            <brp:betrokkenheden>
                <brp:kind brp:objectSleutel="*" brp:objecttype="Betrokkenheid" brp:voorkomenSleutel="*">
                    <brp:tijdstipRegistratie>*</brp:tijdstipRegistratie>
                    <brp:actieInhoud>*</brp:actieInhoud>
                    <brp:familierechtelijkeBetrekking brp:objectSleutel="*" brp:objecttype="Relatie">
                        <brp:relatie brp:voorkomenSleutel="*">
                            <brp:tijdstipRegistratie>*</brp:tijdstipRegistratie>
                            <brp:actieInhoud>*</brp:actieInhoud>
                        </brp:relatie>
                        <brp:betrokkenheden>
                            <brp:ouder brp:objectSleutel="*" brp:objecttype="Betrokkenheid" brp:voorkomenSleutel="*">
                                <brp:tijdstipRegistratie>*</brp:tijdstipRegistratie>
                                <brp:actieInhoud>*</brp:actieInhoud>
                                <brp:persoon brp:objectSleutel="*" brp:objecttype="Persoon">
                                    <brp:soortCode>P</brp:soortCode>
                                    <brp:identificatienummers brp:voorkomenSleutel="*">
                                        <brp:tijdstipRegistratie>*</brp:tijdstipRegistratie>
                                        <brp:actieInhoud>*</brp:actieInhoud>
                                        <brp:datumAanvangGeldigheid>1984-02-04</brp:datumAanvangGeldigheid>
                                        <brp:burgerservicenummer>545755529</brp:burgerservicenummer>
                                        <brp:administratienummer>5910598930</brp:administratienummer>
                                    </brp:identificatienummers>
                                    <brp:samengesteldeNaam brp:voorkomenSleutel="*">
                                        <brp:tijdstipRegistratie>*</brp:tijdstipRegistratie>
                                        <brp:actieInhoud>*</brp:actieInhoud>
                                        <brp:datumAanvangGeldigheid>1984-02-04</brp:datumAanvangGeldigheid>
                                        <brp:indicatieAfgeleid>N</brp:indicatieAfgeleid>
                                        <brp:indicatieNamenreeks>N</brp:indicatieNamenreeks>
                                        <brp:voornamen>Carola</brp:voornamen>
                                        <brp:geslachtsnaamstam>Jansma</brp:geslachtsnaamstam>
                                    </brp:samengesteldeNaam>
                                    <brp:geboorte brp:voorkomenSleutel="*">
                                        <brp:tijdstipRegistratie>*</brp:tijdstipRegistratie>
                                        <brp:actieInhoud>*</brp:actieInhoud>
                                        <brp:datum>1949-02-02</brp:datum>
                                        <brp:gemeenteCode>1900</brp:gemeenteCode>
                                        <brp:landGebiedCode>6030</brp:landGebiedCode>
                                    </brp:geboorte>
                                    <brp:geslachtsaanduiding brp:voorkomenSleutel="*">
                                        <brp:tijdstipRegistratie>*</brp:tijdstipRegistratie>
                                        <brp:actieInhoud>*</brp:actieInhoud>
                                        <brp:datumAanvangGeldigheid>1984-02-04</brp:datumAanvangGeldigheid>
                                        <brp:code>V</brp:code>
                                    </brp:geslachtsaanduiding>
                                </brp:persoon>
                                <brp:ouderschap brp:voorkomenSleutel="*">
                                    <brp:tijdstipRegistratie>*</brp:tijdstipRegistratie>
                                    <brp:actieInhoud>*</brp:actieInhoud>
                                    <brp:datumAanvangGeldigheid>1984-02-04</brp:datumAanvangGeldigheid>
                                </brp:ouderschap>
                            </brp:ouder>
                            <brp:ouder brp:objectSleutel="*" brp:objecttype="Betrokkenheid" brp:voorkomenSleutel="*">
                                <brp:tijdstipRegistratie>*</brp:tijdstipRegistratie>
                                <brp:actieInhoud>*</brp:actieInhoud>
                                <brp:persoon brp:objectSleutel="*" brp:objecttype="Persoon">
                                    <brp:soortCode>P</brp:soortCode>
                                    <brp:identificatienummers brp:voorkomenSleutel="*">
                                        <brp:tijdstipRegistratie>*</brp:tijdstipRegistratie>
                                        <brp:actieInhoud>*</brp:actieInhoud>
                                        <brp:datumAanvangGeldigheid>1984-02-04</brp:datumAanvangGeldigheid>
                                        <brp:burgerservicenummer>271654569</brp:burgerservicenummer>
                                        <brp:administratienummer>5286309650</brp:administratienummer>
                                    </brp:identificatienummers>
                                    <brp:samengesteldeNaam brp:voorkomenSleutel="*">
                                        <brp:tijdstipRegistratie>*</brp:tijdstipRegistratie>
                                        <brp:actieInhoud>*</brp:actieInhoud>
                                        <brp:datumAanvangGeldigheid>1984-02-04</brp:datumAanvangGeldigheid>
                                        <brp:indicatieAfgeleid>N</brp:indicatieAfgeleid>
                                        <brp:indicatieNamenreeks>N</brp:indicatieNamenreeks>
                                        <brp:voornamen>John</brp:voornamen>
                                        <brp:voorvoegsel>van</brp:voorvoegsel>
                                        <brp:scheidingsteken></brp:scheidingsteken>
                                        <brp:geslachtsnaamstam>Hergé</brp:geslachtsnaamstam>
                                    </brp:samengesteldeNaam>
                                    <brp:geboorte brp:voorkomenSleutel="*">
                                        <brp:tijdstipRegistratie>*</brp:tijdstipRegistratie>
                                        <brp:actieInhoud>*</brp:actieInhoud>
                                        <brp:datum>1951-01-01</brp:datum>
                                        <brp:gemeenteCode>1901</brp:gemeenteCode>
                                        <brp:landGebiedCode>6030</brp:landGebiedCode>
                                    </brp:geboorte>
                                    <brp:geslachtsaanduiding brp:voorkomenSleutel="*">
                                        <brp:tijdstipRegistratie>*</brp:tijdstipRegistratie>
                                        <brp:actieInhoud>*</brp:actieInhoud>
                                        <brp:datumAanvangGeldigheid>1984-02-04</brp:datumAanvangGeldigheid>
                                        <brp:code>M</brp:code>
                                    </brp:geslachtsaanduiding>
                                </brp:persoon>
                                <brp:ouderschap brp:voorkomenSleutel="*">
                                    <brp:tijdstipRegistratie>*</brp:tijdstipRegistratie>
                                    <brp:actieInhoud>*</brp:actieInhoud>
                                    <brp:datumAanvangGeldigheid>1984-02-04</brp:datumAanvangGeldigheid>
                                </brp:ouderschap>
                            </brp:ouder>
                        </brp:betrokkenheden>
                    </brp:familierechtelijkeBetrekking>
                </brp:kind>
            </brp:betrokkenheden>
            <brp:persoonskaart brp:voorkomenSleutel="*">
                <brp:tijdstipRegistratie>*</brp:tijdstipRegistratie>
                <brp:actieInhoud>*</brp:actieInhoud>
                <brp:indicatieVolledigGeconverteerd>N</brp:indicatieVolledigGeconverteerd>
            </brp:persoonskaart>
            <brp:administratieveHandelingen>
                <brp:administratieveHandeling brp:objecttype="AdministratieveHandeling" brp:objectSleutel="*">
                    <brp:soortNaam>GBA - Bijhouding actueel</brp:soortNaam>
                    <brp:categorieNaam>GBA - Synchronisatie</brp:categorieNaam>
                    <brp:partijCode>199902</brp:partijCode>
                    <brp:tijdstipRegistratie>*</brp:tijdstipRegistratie>
                    <brp:bijgehoudenActies>
                        <brp:actie brp:objecttype="Actie" brp:objectSleutel="*">
                            <brp:soortNaam>Conversie GBA</brp:soortNaam>
                            <brp:partijCode>*</brp:partijCode>
                        </brp:actie>
                        <brp:actie brp:objecttype="Actie" brp:objectSleutel="*">
                            <brp:soortNaam>Conversie GBA</brp:soortNaam>
                            <brp:partijCode>*</brp:partijCode>
                        </brp:actie>
                    </brp:bijgehoudenActies>
                </brp:administratieveHandeling>
                <brp:administratieveHandeling brp:objecttype="AdministratieveHandeling" brp:objectSleutel="*">
                    <brp:soortNaam>GBA - Initiële vulling</brp:soortNaam>
                    <brp:categorieNaam>GBA - Initiële vulling</brp:categorieNaam>
                    <brp:partijCode>199902</brp:partijCode>
                    <brp:tijdstipRegistratie>*</brp:tijdstipRegistratie>
                    <brp:bronnen>
                        <brp:bron brp:objecttype="AdministratieveHandelingBron" brp:communicatieID="*">
                            <brp:document brp:objecttype="Document" brp:objectSleutel="*" brp:voorkomenSleutel="*">
                                <brp:soortNaam>Historie conversie</brp:soortNaam>
                                <brp:aktenummer>1 A9348</brp:aktenummer>
                                <brp:partijCode>190101</brp:partijCode>
                            </brp:document>
                        </brp:bron>
                        <brp:bron brp:objecttype="AdministratieveHandelingBron" brp:communicatieID="*">
                            <brp:document brp:objecttype="Document" brp:objectSleutel="*" brp:voorkomenSleutel="*">
                                <brp:soortNaam>Historie conversie</brp:soortNaam>
                                <brp:aktenummer>1 A9348</brp:aktenummer>
                                <brp:partijCode>190101</brp:partijCode>
                            </brp:document>
                        </brp:bron>
                        <brp:bron brp:objecttype="AdministratieveHandelingBron" brp:communicatieID="*">
                            <brp:document brp:objecttype="Document" brp:objectSleutel="*" brp:voorkomenSleutel="*">
                                <brp:soortNaam>Historie conversie</brp:soortNaam>
                                <brp:aktenummer>1 A9348</brp:aktenummer>
                                <brp:partijCode>190101</brp:partijCode>
                            </brp:document>
                        </brp:bron>
                    </brp:bronnen>
                    <brp:bijgehoudenActies>
                        <brp:actie brp:objecttype="Actie" brp:objectSleutel="*">
                            <brp:soortNaam>Conversie GBA</brp:soortNaam>
                            <brp:partijCode>*</brp:partijCode>
                        </brp:actie>
                        <brp:actie brp:objecttype="Actie" brp:objectSleutel="*">
                            <brp:soortNaam>Conversie GBA</brp:soortNaam>
                            <brp:partijCode>*</brp:partijCode>
                            <brp:bronnen>
                                <brp:bron brp:objecttype="ActieBron" brp:objectSleutel="*" brp:referentieID="*"/>
                            </brp:bronnen>
                        </brp:actie>
                        <brp:actie brp:objecttype="Actie" brp:objectSleutel="*">
                            <brp:soortNaam>Conversie GBA</brp:soortNaam>
                            <brp:partijCode>*</brp:partijCode>
                            <brp:bronnen>
                                <brp:bron brp:objecttype="ActieBron" brp:objectSleutel="*" brp:referentieID="*"/>
                            </brp:bronnen>
                        </brp:actie>
                        <brp:actie brp:objecttype="Actie" brp:objectSleutel="*">
                            <brp:soortNaam>Conversie GBA</brp:soortNaam>
                            <brp:partijCode>*</brp:partijCode>
                        </brp:actie>
                        <brp:actie brp:objecttype="Actie" brp:objectSleutel="*">
                            <brp:soortNaam>Conversie GBA</brp:soortNaam>
                            <brp:partijCode>*</brp:partijCode>
                        </brp:actie>
                        <brp:actie brp:objecttype="Actie" brp:objectSleutel="*">
                            <brp:soortNaam>Conversie GBA</brp:soortNaam>
                            <brp:partijCode>*</brp:partijCode>
                            <brp:bronnen>
                                <brp:bron brp:objecttype="ActieBron" brp:objectSleutel="*" brp:referentieID="*"/>
                            </brp:bronnen>
                        </brp:actie>
                    </brp:bijgehoudenActies>
                </brp:administratieveHandeling>
            </brp:administratieveHandelingen>
        </brp:persoon>
    </brp:personen>
</brp:lvg_bvgGeefDetailsPersoon_R>
