<?xml version="1.0" encoding="UTF-8"?>
<brp:lvg_synVerwerkPersoon xmlns:brp="http://www.bzk.nl/brp/brp0200">
    <brp:stuurgegevens>
        <brp:zendendePartij>199903</brp:zendendePartij>
        <brp:zendendeSysteem>BRP</brp:zendendeSysteem>
        <brp:ontvangendePartij>034401</brp:ontvangendePartij>
        <brp:referentienummer>*</brp:referentienummer>
        <brp:tijdstipVerzending>*</brp:tijdstipVerzending>
    </brp:stuurgegevens>
    <brp:parameters>
        <brp:soortSynchronisatie>Mutatiebericht</brp:soortSynchronisatie>
        <brp:leveringsautorisatieIdentificatie>1</brp:leveringsautorisatieIdentificatie>
        <brp:dienstIdentificatie>3</brp:dienstIdentificatie>
    </brp:parameters>
    <brp:synchronisatie brp:objecttype="AdministratieveHandeling" brp:objectSleutel="*" brp:verwerkingssoort="Toevoeging">
        <brp:soortNaam>GBA - Bijhouding actueel</brp:soortNaam>
        <brp:categorieNaam>GBA - Synchronisatie</brp:categorieNaam>
        <brp:partijCode>199902</brp:partijCode>
        <brp:tijdstipRegistratie>*</brp:tijdstipRegistratie>
        <brp:bijgehoudenPersonen>
            <brp:persoon brp:objectSleutel="*" brp:objecttype="Persoon" brp:verwerkingssoort="Wijziging" brp:communicatieID="*">
                <brp:soortCode>I</brp:soortCode>
                <brp:afgeleidAdministratief brp:voorkomenSleutel="*" brp:verwerkingssoort="Toevoeging">
                    <brp:tijdstipRegistratie>*</brp:tijdstipRegistratie>
                    <brp:actieInhoud>*</brp:actieInhoud>
                    <brp:tijdstipLaatsteWijziging>*</brp:tijdstipLaatsteWijziging>
                    <brp:tijdstipLaatsteWijzigingGBASystematiek>*</brp:tijdstipLaatsteWijzigingGBASystematiek>
                </brp:afgeleidAdministratief>
                <brp:afgeleidAdministratief brp:voorkomenSleutel="*" brp:verwerkingssoort="Verval">
                    <brp:tijdstipRegistratie>*</brp:tijdstipRegistratie>
                    <brp:tijdstipVerval>*</brp:tijdstipVerval>
                    <brp:actieVerval>*</brp:actieVerval>
                    <brp:tijdstipLaatsteWijziging>*</brp:tijdstipLaatsteWijziging>
                    <brp:tijdstipLaatsteWijzigingGBASystematiek>*</brp:tijdstipLaatsteWijzigingGBASystematiek>
                </brp:afgeleidAdministratief>
                <brp:identificatienummers brp:voorkomenSleutel="*" brp:verwerkingssoort="Toevoeging">
                    <brp:tijdstipRegistratie>*</brp:tijdstipRegistratie>
                    <brp:actieInhoud>*</brp:actieInhoud>
                    <brp:datumAanvangGeldigheid>2015-11-01</brp:datumAanvangGeldigheid>
                    <brp:burgerservicenummer>108685408</brp:burgerservicenummer>
                    <brp:administratienummer>1401046539</brp:administratienummer>
                </brp:identificatienummers>
                <brp:identificatienummers brp:voorkomenSleutel="*" brp:verwerkingssoort="Wijziging">
                    <brp:tijdstipRegistratie>*</brp:tijdstipRegistratie>
                    <brp:datumAanvangGeldigheid>0000</brp:datumAanvangGeldigheid>
                    <brp:datumEindeGeldigheid>2015-11-01</brp:datumEindeGeldigheid>
                    <brp:actieAanpassingGeldigheid>*</brp:actieAanpassingGeldigheid>
                    <brp:burgerservicenummer>108685408</brp:burgerservicenummer>
                    <brp:administratienummer>1401046539</brp:administratienummer>
                </brp:identificatienummers>
                <brp:identificatienummers brp:voorkomenSleutel="*" brp:verwerkingssoort="Verval">
                    <brp:tijdstipRegistratie>*</brp:tijdstipRegistratie>
                    <brp:tijdstipVerval>*</brp:tijdstipVerval>
                    <brp:datumAanvangGeldigheid>0000</brp:datumAanvangGeldigheid>
                    <brp:burgerservicenummer>108685408</brp:burgerservicenummer>
                    <brp:administratienummer>1401046539</brp:administratienummer>
                </brp:identificatienummers>
                <brp:samengesteldeNaam brp:voorkomenSleutel="*" brp:verwerkingssoort="Toevoeging">
                    <brp:tijdstipRegistratie>*</brp:tijdstipRegistratie>
                    <brp:actieInhoud>*</brp:actieInhoud>
                    <brp:datumAanvangGeldigheid>2015-11-01</brp:datumAanvangGeldigheid>
                    <brp:indicatieNamenreeks>N</brp:indicatieNamenreeks>
                    <brp:voornamen>Roberta Johanna</brp:voornamen>
                    <brp:adellijkeTitelCode>G</brp:adellijkeTitelCode>
                    <brp:voorvoegsel>van der</brp:voorvoegsel>
                    <brp:scheidingsteken> </brp:scheidingsteken>
                    <brp:geslachtsnaamstam>Leijenhorst</brp:geslachtsnaamstam>
                </brp:samengesteldeNaam>
                <brp:samengesteldeNaam brp:voorkomenSleutel="*" brp:verwerkingssoort="Wijziging">
                    <brp:tijdstipRegistratie>*</brp:tijdstipRegistratie>
                    <brp:datumAanvangGeldigheid>0000</brp:datumAanvangGeldigheid>
                    <brp:datumEindeGeldigheid>2015-11-01</brp:datumEindeGeldigheid>
                    <brp:actieAanpassingGeldigheid>*</brp:actieAanpassingGeldigheid>
                    <brp:indicatieNamenreeks>N</brp:indicatieNamenreeks>
                    <brp:voornamen>Robert Johannes</brp:voornamen>
                    <brp:adellijkeTitelCode>G</brp:adellijkeTitelCode>
                    <brp:voorvoegsel>van der</brp:voorvoegsel>
                    <brp:scheidingsteken> </brp:scheidingsteken>
                    <brp:geslachtsnaamstam>Leijenhorst</brp:geslachtsnaamstam>
                </brp:samengesteldeNaam>
                <brp:samengesteldeNaam brp:voorkomenSleutel="*" brp:verwerkingssoort="Verval">
                    <brp:tijdstipRegistratie>*</brp:tijdstipRegistratie>
                    <brp:tijdstipVerval>*</brp:tijdstipVerval>
                    <brp:datumAanvangGeldigheid>0000</brp:datumAanvangGeldigheid>
                    <brp:indicatieNamenreeks>N</brp:indicatieNamenreeks>
                    <brp:voornamen>Robert Johannes</brp:voornamen>
                    <brp:adellijkeTitelCode>G</brp:adellijkeTitelCode>
                    <brp:voorvoegsel>van der</brp:voorvoegsel>
                    <brp:scheidingsteken> </brp:scheidingsteken>
                    <brp:geslachtsnaamstam>Leijenhorst</brp:geslachtsnaamstam>
                </brp:samengesteldeNaam>
                <brp:geboorte brp:voorkomenSleutel="*" brp:verwerkingssoort="Toevoeging">
                    <brp:tijdstipRegistratie>*</brp:tijdstipRegistratie>
                    <brp:actieInhoud>*</brp:actieInhoud>
                    <brp:datum>1980-04-20</brp:datum>
                    <brp:gemeenteCode>0398</brp:gemeenteCode>
                    <brp:landGebiedCode>6030</brp:landGebiedCode>
                </brp:geboorte>
                <brp:geboorte brp:voorkomenSleutel="*" brp:verwerkingssoort="Verval">
                    <brp:tijdstipRegistratie>*</brp:tijdstipRegistratie>
                    <brp:tijdstipVerval>*</brp:tijdstipVerval>
                    <brp:datum>1980-04-20</brp:datum>
                    <brp:gemeenteCode>0398</brp:gemeenteCode>
                    <brp:landGebiedCode>6030</brp:landGebiedCode>
                </brp:geboorte>
                <brp:geslachtsaanduiding brp:voorkomenSleutel="*" brp:verwerkingssoort="Toevoeging">
                    <brp:tijdstipRegistratie>*</brp:tijdstipRegistratie>
                    <brp:actieInhoud>*</brp:actieInhoud>
                    <brp:datumAanvangGeldigheid>2015-11-01</brp:datumAanvangGeldigheid>
                    <brp:code>V</brp:code>
                </brp:geslachtsaanduiding>
                <brp:geslachtsaanduiding brp:voorkomenSleutel="*" brp:verwerkingssoort="Wijziging">
                    <brp:tijdstipRegistratie>*</brp:tijdstipRegistratie>
                    <brp:datumAanvangGeldigheid>0000</brp:datumAanvangGeldigheid>
                    <brp:datumEindeGeldigheid>2015-11-01</brp:datumEindeGeldigheid>
                    <brp:actieAanpassingGeldigheid>*</brp:actieAanpassingGeldigheid>
                    <brp:code>M</brp:code>
                </brp:geslachtsaanduiding>
                <brp:geslachtsaanduiding brp:voorkomenSleutel="*" brp:verwerkingssoort="Verval">
                    <brp:tijdstipRegistratie>*</brp:tijdstipRegistratie>
                    <brp:tijdstipVerval>*</brp:tijdstipVerval>
                    <brp:datumAanvangGeldigheid>0000</brp:datumAanvangGeldigheid>
                    <brp:code>M</brp:code>
                </brp:geslachtsaanduiding>
                <brp:voornamen>
                    <brp:voornaam brp:voorkomenSleutel="*" brp:verwerkingssoort="Toevoeging" brp:objectSleutel="*" brp:objecttype="PersoonVoornaam">
                        <brp:tijdstipRegistratie>*</brp:tijdstipRegistratie>
                        <brp:actieInhoud>*</brp:actieInhoud>
                        <brp:datumAanvangGeldigheid>2015-11-01</brp:datumAanvangGeldigheid>
                        <brp:volgnummer>1</brp:volgnummer>
                        <brp:naam>Roberta</brp:naam>
                    </brp:voornaam>
                    <brp:voornaam brp:voorkomenSleutel="*" brp:verwerkingssoort="Wijziging" brp:objectSleutel="*" brp:objecttype="PersoonVoornaam">
                        <brp:tijdstipRegistratie>*</brp:tijdstipRegistratie>
                        <brp:datumAanvangGeldigheid>0000</brp:datumAanvangGeldigheid>
                        <brp:datumEindeGeldigheid>2015-11-01</brp:datumEindeGeldigheid>
                        <brp:actieAanpassingGeldigheid>*</brp:actieAanpassingGeldigheid>
                        <brp:volgnummer>1</brp:volgnummer>
                        <brp:naam>Robert</brp:naam>
                    </brp:voornaam>
                    <brp:voornaam brp:voorkomenSleutel="*" brp:verwerkingssoort="Verval" brp:objectSleutel="*" brp:objecttype="PersoonVoornaam">
                        <brp:tijdstipRegistratie>*</brp:tijdstipRegistratie>
                        <brp:tijdstipVerval>*</brp:tijdstipVerval>
                        <brp:datumAanvangGeldigheid>0000</brp:datumAanvangGeldigheid>
                        <brp:volgnummer>1</brp:volgnummer>
                        <brp:naam>Robert</brp:naam>
                    </brp:voornaam>
                    <brp:voornaam brp:voorkomenSleutel="*" brp:verwerkingssoort="Toevoeging" brp:objectSleutel="*" brp:objecttype="PersoonVoornaam">
                        <brp:tijdstipRegistratie>*</brp:tijdstipRegistratie>
                        <brp:actieInhoud>*</brp:actieInhoud>
                        <brp:datumAanvangGeldigheid>2015-11-01</brp:datumAanvangGeldigheid>
                        <brp:volgnummer>2</brp:volgnummer>
                        <brp:naam>Johanna</brp:naam>
                    </brp:voornaam>
                    <brp:voornaam brp:voorkomenSleutel="*" brp:verwerkingssoort="Wijziging" brp:objectSleutel="*" brp:objecttype="PersoonVoornaam">
                        <brp:tijdstipRegistratie>*</brp:tijdstipRegistratie>
                        <brp:datumAanvangGeldigheid>0000</brp:datumAanvangGeldigheid>
                        <brp:datumEindeGeldigheid>2015-11-01</brp:datumEindeGeldigheid>
                        <brp:actieAanpassingGeldigheid>*</brp:actieAanpassingGeldigheid>
                        <brp:volgnummer>2</brp:volgnummer>
                        <brp:naam>Johannes</brp:naam>
                    </brp:voornaam>
                    <brp:voornaam brp:voorkomenSleutel="*" brp:verwerkingssoort="Verval" brp:objectSleutel="*" brp:objecttype="PersoonVoornaam">
                        <brp:tijdstipRegistratie>*</brp:tijdstipRegistratie>
                        <brp:tijdstipVerval>*</brp:tijdstipVerval>
                        <brp:datumAanvangGeldigheid>0000</brp:datumAanvangGeldigheid>
                        <brp:volgnummer>2</brp:volgnummer>
                        <brp:naam>Johannes</brp:naam>
                    </brp:voornaam>
                </brp:voornamen>
                <brp:geslachtsnaamcomponenten>
                    <brp:geslachtsnaamcomponent brp:voorkomenSleutel="*" brp:verwerkingssoort="Toevoeging" brp:objectSleutel="*" brp:objecttype="PersoonGeslachtsnaamcomponent">
                        <brp:tijdstipRegistratie>*</brp:tijdstipRegistratie>
                        <brp:actieInhoud>*</brp:actieInhoud>
                        <brp:datumAanvangGeldigheid>2015-11-01</brp:datumAanvangGeldigheid>
                        <brp:volgnummer>1</brp:volgnummer>
                        <brp:adellijkeTitelCode>G</brp:adellijkeTitelCode>
                        <brp:voorvoegsel>van der</brp:voorvoegsel>
                        <brp:scheidingsteken> </brp:scheidingsteken>
                        <brp:stam>Leijenhorst</brp:stam>
                    </brp:geslachtsnaamcomponent>
                    <brp:geslachtsnaamcomponent brp:voorkomenSleutel="*" brp:verwerkingssoort="Wijziging" brp:objectSleutel="*" brp:objecttype="PersoonGeslachtsnaamcomponent">
                        <brp:tijdstipRegistratie>*</brp:tijdstipRegistratie>
                        <brp:datumAanvangGeldigheid>0000</brp:datumAanvangGeldigheid>
                        <brp:datumEindeGeldigheid>2015-11-01</brp:datumEindeGeldigheid>
                        <brp:actieAanpassingGeldigheid>*</brp:actieAanpassingGeldigheid>
                        <brp:volgnummer>1</brp:volgnummer>
                        <brp:adellijkeTitelCode>G</brp:adellijkeTitelCode>
                        <brp:voorvoegsel>van der</brp:voorvoegsel>
                        <brp:scheidingsteken> </brp:scheidingsteken>
                        <brp:stam>Leijenhorst</brp:stam>
                    </brp:geslachtsnaamcomponent>
                    <brp:geslachtsnaamcomponent brp:voorkomenSleutel="*" brp:verwerkingssoort="Verval" brp:objectSleutel="*" brp:objecttype="PersoonGeslachtsnaamcomponent">
                        <brp:tijdstipRegistratie>*</brp:tijdstipRegistratie>
                        <brp:tijdstipVerval>*</brp:tijdstipVerval>
                        <brp:datumAanvangGeldigheid>0000</brp:datumAanvangGeldigheid>
                        <brp:volgnummer>1</brp:volgnummer>
                        <brp:adellijkeTitelCode>G</brp:adellijkeTitelCode>
                        <brp:voorvoegsel>van der</brp:voorvoegsel>
                        <brp:scheidingsteken> </brp:scheidingsteken>
                        <brp:stam>Leijenhorst</brp:stam>
                    </brp:geslachtsnaamcomponent>
                </brp:geslachtsnaamcomponenten>
                <brp:naamgebruik brp:voorkomenSleutel="*" brp:verwerkingssoort="Toevoeging">
                    <brp:tijdstipRegistratie>*</brp:tijdstipRegistratie>
                    <brp:actieInhoud>*</brp:actieInhoud>
                    <brp:code>E</brp:code>
                    <brp:voornamen>Roberta Johanna</brp:voornamen>
                    <brp:adellijkeTitelCode>G</brp:adellijkeTitelCode>
                    <brp:voorvoegsel>van der</brp:voorvoegsel>
                    <brp:scheidingsteken> </brp:scheidingsteken>
                    <brp:geslachtsnaamstam>Leijenhorst</brp:geslachtsnaamstam>
                </brp:naamgebruik>
                <brp:naamgebruik brp:voorkomenSleutel="*" brp:verwerkingssoort="Verval">
                    <brp:tijdstipRegistratie>*</brp:tijdstipRegistratie>
                    <brp:tijdstipVerval>*</brp:tijdstipVerval>
                    <brp:code>E</brp:code>
                    <brp:voornamen>Robert Johannes</brp:voornamen>
                    <brp:adellijkeTitelCode>G</brp:adellijkeTitelCode>
                    <brp:voorvoegsel>van der</brp:voorvoegsel>
                    <brp:scheidingsteken> </brp:scheidingsteken>
                    <brp:geslachtsnaamstam>Leijenhorst</brp:geslachtsnaamstam>
                </brp:naamgebruik>
                <brp:administratieveHandelingen>
                    <brp:administratieveHandeling brp:objectSleutel="*" brp:objecttype="AdministratieveHandeling">
                        <brp:soortNaam>GBA - Bijhouding actueel</brp:soortNaam>
                        <brp:categorieNaam>GBA - Synchronisatie</brp:categorieNaam>
                        <brp:partijCode>199902</brp:partijCode>
                        <brp:tijdstipRegistratie>*</brp:tijdstipRegistratie>
                        <brp:bronnen>
                            <brp:bron brp:objecttype="AdministratieveHandelingBron" brp:communicatieID="*">
                                <brp:document brp:voorkomenSleutel="*" brp:objectSleutel="*" brp:objecttype="Document">
                                    <brp:soortNaam>Historie conversie</brp:soortNaam>
                                    <brp:aktenummer>1AS0623</brp:aktenummer>
                                    <brp:partijCode>039801</brp:partijCode>
                                </brp:document>
                            </brp:bron>
                        </brp:bronnen>
                        <brp:bijgehoudenActies>
                            <brp:actie brp:objectSleutel="*" brp:objecttype="Actie">
                                <brp:soortNaam>Conversie GBA</brp:soortNaam>
                                <brp:partijCode>199902</brp:partijCode>
                            </brp:actie>
                            <brp:actie brp:objectSleutel="*" brp:objecttype="Actie">
                                <brp:soortNaam>Conversie GBA</brp:soortNaam>
                                <brp:partijCode>000000</brp:partijCode>
                                <brp:bronnen>
                                    <brp:bron brp:objectSleutel="*" brp:objecttype="ActieBron" brp:referentieID="*"/>
                                </brp:bronnen>
                            </brp:actie>
                        </brp:bijgehoudenActies>
                    </brp:administratieveHandeling>
                </brp:administratieveHandelingen>
            </brp:persoon>
        </brp:bijgehoudenPersonen>
    </brp:synchronisatie>
</brp:lvg_synVerwerkPersoon>
