<brp:bhg_afsRegistreerGeboorte_R xmlns:brp="http://www.bzk.nl/brp/brp0200">
    <brp:stuurgegevens>
        <brp:zendendePartij>199901</brp:zendendePartij>
        <brp:zendendeSysteem>BRP</brp:zendendeSysteem>
        <brp:referentienummer>*</brp:referentienummer>
        <brp:crossReferentienummer>00000000-0000-0000-0042-200000000104</brp:crossReferentienummer>
        <brp:tijdstipVerzending>*</brp:tijdstipVerzending>
    </brp:stuurgegevens>
    <brp:resultaat>
        <brp:verwerking>Geslaagd</brp:verwerking>
        <brp:bijhouding>Verwerkt</brp:bijhouding>
        <brp:hoogsteMeldingsniveau>Waarschuwing</brp:hoogsteMeldingsniveau>
    </brp:resultaat>
    <brp:meldingen>
        <brp:melding brp:objecttype="Melding" brp:referentieID="CI_relatie_1">
            <brp:regelCode>R1746</brp:regelCode>
            <brp:soortNaam>Waarschuwing</brp:soortNaam>
            <brp:melding>*</brp:melding>
        </brp:melding>
    </brp:meldingen>
    <brp:geboorteInNederland brp:objecttype="AdministratieveHandeling">*</brp:geboorteInNederland>
</brp:bhg_afsRegistreerGeboorte_R>
