cvc-complex-type.2.4.b: The content of element 'brp:betrokkenheden' is not complete. One of '{"http://www.bzk.nl/brp/brp0200":ouder}' is expected.