<?xml version="1.0" encoding="UTF-8"?>
<brp:lvg_bvgGeefDetailsPersoon_R xmlns:brp="http://www.bzk.nl/brp/brp0200">
    <brp:stuurgegevens>
        <brp:zendendePartij>199903</brp:zendendePartij>
        <brp:zendendeSysteem>BRP</brp:zendendeSysteem>
        <brp:referentienummer>*</brp:referentienummer>
        <brp:crossReferentienummer>00000000-0000-0000-0000-000000001214</brp:crossReferentienummer>
        <brp:tijdstipVerzending>*</brp:tijdstipVerzending>
    </brp:stuurgegevens>
    <brp:resultaat>
        <brp:verwerking>Geslaagd</brp:verwerking>
        <brp:hoogsteMeldingsniveau>Geen</brp:hoogsteMeldingsniveau>
    </brp:resultaat>
    <brp:personen>
        <brp:persoon brp:objectSleutel="*" brp:objecttype="Persoon" brp:communicatieID="1">
            <brp:soortCode>I</brp:soortCode>
            <brp:identificatienummers brp:voorkomenSleutel="*">
                <brp:tijdstipRegistratie>1976-04-02T01:00:00.000Z</brp:tijdstipRegistratie>
                <brp:actieInhoud>*</brp:actieInhoud>
                <brp:datumAanvangGeldigheid>1976-04-01</brp:datumAanvangGeldigheid>
                <brp:burgerservicenummer>590984809</brp:burgerservicenummer>
                <brp:administratienummer>2829195937</brp:administratienummer>
            </brp:identificatienummers>
            <brp:samengesteldeNaam brp:voorkomenSleutel="*">
                <brp:tijdstipRegistratie>1976-04-02T01:00:00.000Z</brp:tijdstipRegistratie>
                <brp:actieInhoud>*</brp:actieInhoud>
                <brp:datumAanvangGeldigheid>1976-04-01</brp:datumAanvangGeldigheid>
                <brp:indicatieNamenreeks>N</brp:indicatieNamenreeks>
                <brp:voornamen>Anne</brp:voornamen>
                <brp:geslachtsnaamstam>Bakker</brp:geslachtsnaamstam>
            </brp:samengesteldeNaam>
            <brp:geboorte brp:voorkomenSleutel="*">
                <brp:tijdstipRegistratie>1976-04-02T01:00:00.000Z</brp:tijdstipRegistratie>
                <brp:actieInhoud>*</brp:actieInhoud>
                <brp:datum>1976-04-01</brp:datum>
                <brp:gemeenteCode>0014</brp:gemeenteCode>
                <brp:landGebiedCode>6030</brp:landGebiedCode>
            </brp:geboorte>
            <brp:geslachtsaanduiding brp:voorkomenSleutel="*">
                <brp:tijdstipRegistratie>1976-04-02T01:00:00.000Z</brp:tijdstipRegistratie>
                <brp:actieInhoud>*</brp:actieInhoud>
                <brp:datumAanvangGeldigheid>1976-04-01</brp:datumAanvangGeldigheid>
                <brp:code>V</brp:code>
            </brp:geslachtsaanduiding>
            <brp:voornamen>
                <brp:voornaam brp:voorkomenSleutel="*" brp:objectSleutel="*" brp:objecttype="PersoonVoornaam">
                    <brp:tijdstipRegistratie>1976-04-02T01:00:00.000Z</brp:tijdstipRegistratie>
                    <brp:actieInhoud>*</brp:actieInhoud>
                    <brp:datumAanvangGeldigheid>1976-04-01</brp:datumAanvangGeldigheid>
                    <brp:volgnummer>1</brp:volgnummer>
                    <brp:naam>Anne</brp:naam>
                </brp:voornaam>
            </brp:voornamen>
            <brp:geslachtsnaamcomponenten>
                <brp:geslachtsnaamcomponent brp:voorkomenSleutel="*" brp:objectSleutel="*" brp:objecttype="PersoonGeslachtsnaamcomponent">
                    <brp:tijdstipRegistratie>1976-04-02T01:00:00.000Z</brp:tijdstipRegistratie>
                    <brp:actieInhoud>*</brp:actieInhoud>
                    <brp:datumAanvangGeldigheid>1976-04-01</brp:datumAanvangGeldigheid>
                    <brp:volgnummer>1</brp:volgnummer>
                    <brp:stam>Bakker</brp:stam>
                </brp:geslachtsnaamcomponent>
            </brp:geslachtsnaamcomponenten>
            <brp:naamgebruik brp:voorkomenSleutel="*">
                <brp:tijdstipRegistratie>1976-04-02T01:00:00.000Z</brp:tijdstipRegistratie>
                <brp:actieInhoud>*</brp:actieInhoud>
                <brp:code>E</brp:code>
                <brp:voornamen>Anne</brp:voornamen>
                <brp:geslachtsnaamstam>Bakker</brp:geslachtsnaamstam>
            </brp:naamgebruik>
            <brp:betrokkenheden>
                <brp:kind brp:objectSleutel="*" brp:objecttype="Betrokkenheid" brp:voorkomenSleutel="*">
                    <brp:familierechtelijkeBetrekking brp:objectSleutel="*" brp:objecttype="Relatie">
                        <brp:betrokkenheden>
                            <brp:ouder brp:objectSleutel="*" brp:objecttype="Betrokkenheid" brp:voorkomenSleutel="*">
                                <brp:persoon brp:objectSleutel="*" brp:objecttype="Persoon">
                                    <brp:soortCode>P</brp:soortCode>
                                    <brp:samengesteldeNaam brp:voorkomenSleutel="*">
                                        <brp:tijdstipRegistratie>1976-04-02T01:00:00.000Z</brp:tijdstipRegistratie>
                                        <brp:actieInhoud>*</brp:actieInhoud>
                                        <brp:datumAanvangGeldigheid>1976-04-01</brp:datumAanvangGeldigheid>
                                        <brp:indicatieNamenreeks>N</brp:indicatieNamenreeks>
                                        <brp:voornamen>Lisa</brp:voornamen>
                                        <brp:voorvoegsel>van</brp:voorvoegsel>
                                        <brp:scheidingsteken></brp:scheidingsteken>
                                        <brp:geslachtsnaamstam>Gemerden</brp:geslachtsnaamstam>
                                    </brp:samengesteldeNaam>
                                    <brp:geboorte brp:voorkomenSleutel="*">
                                        <brp:tijdstipRegistratie>1976-04-02T01:00:00.000Z</brp:tijdstipRegistratie>
                                        <brp:actieInhoud>*</brp:actieInhoud>
                                        <brp:datum>1950-03-17</brp:datum>
                                        <brp:gemeenteCode>0013</brp:gemeenteCode>
                                        <brp:landGebiedCode>6030</brp:landGebiedCode>
                                    </brp:geboorte>
                                    <brp:geslachtsaanduiding brp:voorkomenSleutel="*">
                                        <brp:tijdstipRegistratie>1976-04-02T01:00:00.000Z</brp:tijdstipRegistratie>
                                        <brp:actieInhoud>*</brp:actieInhoud>
                                        <brp:datumAanvangGeldigheid>1976-04-01</brp:datumAanvangGeldigheid>
                                        <brp:code>V</brp:code>
                                    </brp:geslachtsaanduiding>
                                </brp:persoon>
                                <brp:ouderschap brp:voorkomenSleutel="*">
                                    <brp:tijdstipRegistratie>1976-04-02T01:00:00.000Z</brp:tijdstipRegistratie>
                                    <brp:actieInhoud>*</brp:actieInhoud>
                                    <brp:datumAanvangGeldigheid>1976-04-01</brp:datumAanvangGeldigheid>
                                </brp:ouderschap>
                            </brp:ouder>
                            <brp:ouder brp:objectSleutel="*" brp:objecttype="Betrokkenheid" brp:voorkomenSleutel="*">
                                <brp:persoon brp:objectSleutel="*" brp:objecttype="Persoon">
                                    <brp:soortCode>P</brp:soortCode>
                                    <brp:samengesteldeNaam brp:voorkomenSleutel="*">
                                        <brp:tijdstipRegistratie>1976-04-02T01:00:00.000Z</brp:tijdstipRegistratie>
                                        <brp:actieInhoud>*</brp:actieInhoud>
                                        <brp:datumAanvangGeldigheid>1976-04-01</brp:datumAanvangGeldigheid>
                                        <brp:indicatieNamenreeks>N</brp:indicatieNamenreeks>
                                        <brp:voornamen>Willy</brp:voornamen>
                                        <brp:geslachtsnaamstam>Bakker</brp:geslachtsnaamstam>
                                    </brp:samengesteldeNaam>
                                    <brp:geboorte brp:voorkomenSleutel="*">
                                        <brp:tijdstipRegistratie>1976-04-02T01:00:00.000Z</brp:tijdstipRegistratie>
                                        <brp:actieInhoud>*</brp:actieInhoud>
                                        <brp:datum>1950-10-10</brp:datum>
                                        <brp:gemeenteCode>0017</brp:gemeenteCode>
                                        <brp:landGebiedCode>6030</brp:landGebiedCode>
                                    </brp:geboorte>
                                    <brp:geslachtsaanduiding brp:voorkomenSleutel="*">
                                        <brp:tijdstipRegistratie>1976-04-02T01:00:00.000Z</brp:tijdstipRegistratie>
                                        <brp:actieInhoud>*</brp:actieInhoud>
                                        <brp:datumAanvangGeldigheid>1976-04-01</brp:datumAanvangGeldigheid>
                                        <brp:code>M</brp:code>
                                    </brp:geslachtsaanduiding>
                                </brp:persoon>
                                <brp:ouderschap brp:voorkomenSleutel="*">
                                    <brp:tijdstipRegistratie>1976-04-02T01:00:00.000Z</brp:tijdstipRegistratie>
                                    <brp:actieInhoud>*</brp:actieInhoud>
                                    <brp:datumAanvangGeldigheid>1976-04-01</brp:datumAanvangGeldigheid>
                                </brp:ouderschap>
                            </brp:ouder>
                        </brp:betrokkenheden>
                    </brp:familierechtelijkeBetrekking>
                </brp:kind>
            </brp:betrokkenheden>
            <brp:administratieveHandelingen>
                <brp:administratieveHandeling brp:objecttype="AdministratieveHandeling" brp:objectSleutel="*">
                    <brp:soortNaam>GBA - Initiële vulling</brp:soortNaam>
                    <brp:categorieNaam>GBA - Initiële vulling</brp:categorieNaam>
                    <brp:partijCode>199902</brp:partijCode>
                    <brp:tijdstipRegistratie>*</brp:tijdstipRegistratie>
                    <brp:bronnen>
                        <brp:bron brp:objecttype="AdministratieveHandelingBron" brp:objectSleutel="*" brp:communicatieID="document1">
                            <brp:document brp:objecttype="Document" brp:objectSleutel="*" brp:voorkomenSleutel="*">
                                <brp:soortNaam>Historie conversie</brp:soortNaam>
                                <brp:omschrijving>PK</brp:omschrijving>
                                <brp:partijCode>051801</brp:partijCode>
                            </brp:document>
                        </brp:bron>
                        <brp:bron brp:objecttype="AdministratieveHandelingBron" brp:objectSleutel="*" brp:communicatieID="document2">
                            <brp:document brp:objecttype="Document" brp:objectSleutel="*" brp:voorkomenSleutel="*">
                                <brp:soortNaam>Historie conversie</brp:soortNaam>
                                <brp:omschrijving>PKA</brp:omschrijving>
                                <brp:partijCode>051801</brp:partijCode>
                            </brp:document>
                        </brp:bron>
                        <brp:bron brp:objecttype="AdministratieveHandelingBron" brp:objectSleutel="*" brp:communicatieID="document3">
                            <brp:document brp:objecttype="Document" brp:objectSleutel="*" brp:voorkomenSleutel="*">
                                <brp:soortNaam>Historie conversie</brp:soortNaam>
                                <brp:omschrijving>PK</brp:omschrijving>
                                <brp:partijCode>051801</brp:partijCode>
                            </brp:document>
                        </brp:bron>
                    </brp:bronnen>
                    <brp:bijgehoudenActies>
                        <brp:actie brp:objecttype="Actie" brp:objectSleutel="*">
                            <brp:soortNaam>Conversie GBA</brp:soortNaam>
                            <brp:partijCode>*</brp:partijCode>
                            <brp:datumOntlening>1976-04-01</brp:datumOntlening>
                            <brp:bronnen>
                                <brp:bron brp:objecttype="ActieBron" brp:objectSleutel="*" brp:referentieID="document1"/>
                            </brp:bronnen>
                        </brp:actie>
                        <brp:actie brp:objecttype="Actie" brp:objectSleutel="*">
                            <brp:soortNaam>Conversie GBA</brp:soortNaam>
                            <brp:partijCode>*</brp:partijCode>
                            <brp:datumOntlening>1976-04-01</brp:datumOntlening>
                            <brp:bronnen>
                                <brp:bron brp:objecttype="ActieBron" brp:objectSleutel="*" brp:referentieID="document2"/>
                            </brp:bronnen>
                        </brp:actie>
                        <brp:actie brp:objecttype="Actie" brp:objectSleutel="*">
                            <brp:soortNaam>Conversie GBA</brp:soortNaam>
                            <brp:partijCode>*</brp:partijCode>
                            <brp:datumOntlening>1976-04-01</brp:datumOntlening>
                            <brp:bronnen>
                                <brp:bron brp:objecttype="ActieBron" brp:objectSleutel="*" brp:referentieID="document3"/>
                            </brp:bronnen>
                        </brp:actie>
                    </brp:bijgehoudenActies>
                </brp:administratieveHandeling>
            </brp:administratieveHandelingen>
        </brp:persoon>
    </brp:personen>
</brp:lvg_bvgGeefDetailsPersoon_R>
