<brp:bhg_hgpRegistreerHuwelijkGeregistreerdPartnerschap_R xmlns:brp="http://www.bzk.nl/brp/brp0200">
    <brp:stuurgegevens>
        <brp:zendendePartij>199901</brp:zendendePartij>
        <brp:zendendeSysteem>BRP</brp:zendendeSysteem>
        <brp:referentienummer>*</brp:referentienummer>
        <brp:crossReferentienummer>88409eeb-1aa5-43fc-8614-43055123a165</brp:crossReferentienummer>
        <brp:tijdstipVerzending>*</brp:tijdstipVerzending>
    </brp:stuurgegevens>
    <brp:resultaat>
        <brp:verwerking>Foutief</brp:verwerking>
        <brp:hoogsteMeldingsniveau>Fout</brp:hoogsteMeldingsniveau>
    </brp:resultaat>
    <brp:meldingen>
        <brp:melding brp:objecttype="Melding" brp:referentieID="CI_gp">
            <brp:regelCode>R1861</brp:regelCode>
            <brp:soortNaam>Fout</brp:soortNaam>
            <brp:melding>*</brp:melding>
        </brp:melding>
    </brp:meldingen>
    <brp:beeindigingGeregistreerdPartnerschapInNederland brp:objecttype="AdministratieveHandeling">
        <brp:partijCode>507013</brp:partijCode>
        <brp:tijdstipRegistratie>*</brp:tijdstipRegistratie>
    </brp:beeindigingGeregistreerdPartnerschapInNederland>
</brp:bhg_hgpRegistreerHuwelijkGeregistreerdPartnerschap_R>
