<?xml version="1.0" encoding="UTF-8"?>
<brp:lvg_synVerwerkPersoon xmlns:brp="http://www.bzk.nl/brp/brp0200">
    <brp:stuurgegevens>
        <brp:zendendePartij>199903</brp:zendendePartij>
        <brp:zendendeSysteem>BRP</brp:zendendeSysteem>
        <brp:ontvangendePartij>034401</brp:ontvangendePartij>
        <brp:referentienummer>*</brp:referentienummer>
        <brp:tijdstipVerzending>*</brp:tijdstipVerzending>
    </brp:stuurgegevens>
    <brp:parameters>
        <brp:soortSynchronisatie>Volledigbericht</brp:soortSynchronisatie>
        <brp:leveringsautorisatieIdentificatie>1</brp:leveringsautorisatieIdentificatie>
        <brp:dienstIdentificatie>1</brp:dienstIdentificatie>
    </brp:parameters>
    <brp:meldingen>
        <brp:melding brp:objecttype="Melding" brp:referentieID="*">
            <brp:regelCode>R1340</brp:regelCode>
            <brp:soortNaam>Waarschuwing</brp:soortNaam>
            <brp:melding>De persoon heeft een verstrekkingsbeperking.</brp:melding>
        </brp:melding>
    </brp:meldingen>
    <brp:synchronisatie brp:objecttype="AdministratieveHandeling" brp:objectSleutel="*">
        <brp:soortNaam>GBA - Bijhouding overig</brp:soortNaam>
        <brp:categorieNaam>GBA - Synchronisatie</brp:categorieNaam>
        <brp:partijCode>199902</brp:partijCode>
        <brp:tijdstipRegistratie>*</brp:tijdstipRegistratie>
        <brp:bijgehoudenPersonen>
            <brp:persoon brp:objectSleutel="*" brp:objecttype="Persoon" brp:communicatieID="*">
                <brp:soortCode>I</brp:soortCode>
                <brp:afgeleidAdministratief brp:voorkomenSleutel="*">
                    <brp:tijdstipRegistratie>*</brp:tijdstipRegistratie>
                    <brp:actieInhoud>*</brp:actieInhoud>
                    <brp:tijdstipLaatsteWijziging>*</brp:tijdstipLaatsteWijziging>
                    <brp:tijdstipLaatsteWijzigingGBASystematiek>*</brp:tijdstipLaatsteWijzigingGBASystematiek>
                </brp:afgeleidAdministratief>
                <brp:afgeleidAdministratief brp:voorkomenSleutel="*">
                    <brp:tijdstipRegistratie>*</brp:tijdstipRegistratie>
                    <brp:actieInhoud>*</brp:actieInhoud>
                    <brp:tijdstipVerval>*</brp:tijdstipVerval>
                    <brp:actieVerval>*</brp:actieVerval>
                    <brp:tijdstipLaatsteWijziging>*</brp:tijdstipLaatsteWijziging>
                    <brp:tijdstipLaatsteWijzigingGBASystematiek>*</brp:tijdstipLaatsteWijzigingGBASystematiek>
                </brp:afgeleidAdministratief>
                <brp:identificatienummers brp:voorkomenSleutel="*">
                    <brp:tijdstipRegistratie>*</brp:tijdstipRegistratie>
                    <brp:actieInhoud>*</brp:actieInhoud>
                    <brp:datumAanvangGeldigheid>1990-01-01</brp:datumAanvangGeldigheid>
                    <brp:burgerservicenummer>948226249</brp:burgerservicenummer>
                    <brp:administratienummer>4615860257</brp:administratienummer>
                </brp:identificatienummers>
                <brp:samengesteldeNaam brp:voorkomenSleutel="*">
                    <brp:tijdstipRegistratie>*</brp:tijdstipRegistratie>
                    <brp:actieInhoud>*</brp:actieInhoud>
                    <brp:datumAanvangGeldigheid>1990-01-01</brp:datumAanvangGeldigheid>
                    <brp:indicatieNamenreeks>N</brp:indicatieNamenreeks>
                    <brp:voornamen>Jan</brp:voornamen>
                    <brp:geslachtsnaamstam>Vermeer</brp:geslachtsnaamstam>
                </brp:samengesteldeNaam>
                <brp:geboorte brp:voorkomenSleutel="*">
                    <brp:tijdstipRegistratie>*</brp:tijdstipRegistratie>
                    <brp:actieInhoud>*</brp:actieInhoud>
                    <brp:datum>1990-01-01</brp:datum>
                    <brp:gemeenteCode>0599</brp:gemeenteCode>
                    <brp:landGebiedCode>6030</brp:landGebiedCode>
                </brp:geboorte>
                <brp:geslachtsaanduiding brp:voorkomenSleutel="*">
                    <brp:tijdstipRegistratie>*</brp:tijdstipRegistratie>
                    <brp:actieInhoud>*</brp:actieInhoud>
                    <brp:datumAanvangGeldigheid>1990-01-01</brp:datumAanvangGeldigheid>
                    <brp:code>M</brp:code>
                </brp:geslachtsaanduiding>
                <brp:inschrijving brp:voorkomenSleutel="*">
                    <brp:tijdstipRegistratie>*</brp:tijdstipRegistratie>
                    <brp:actieInhoud>*</brp:actieInhoud>
                    <brp:datum>1990-01-01</brp:datum>
                </brp:inschrijving>
                <brp:bijhouding brp:voorkomenSleutel="*">
                    <brp:tijdstipRegistratie>*</brp:tijdstipRegistratie>
                    <brp:actieInhoud>*</brp:actieInhoud>
                    <brp:datumAanvangGeldigheid>1976-10-30</brp:datumAanvangGeldigheid>
                    <brp:partijCode>062601</brp:partijCode>
                    <brp:bijhoudingsaardCode>I</brp:bijhoudingsaardCode>
                    <brp:nadereBijhoudingsaardCode>A</brp:nadereBijhoudingsaardCode>
                </brp:bijhouding>
                <brp:voornamen>
                    <brp:voornaam brp:voorkomenSleutel="*" brp:objectSleutel="*" brp:objecttype="PersoonVoornaam">
                        <brp:tijdstipRegistratie>*</brp:tijdstipRegistratie>
                        <brp:actieInhoud>*</brp:actieInhoud>
                        <brp:datumAanvangGeldigheid>1990-01-01</brp:datumAanvangGeldigheid>
                        <brp:volgnummer>1</brp:volgnummer>
                        <brp:naam>Jan</brp:naam>
                    </brp:voornaam>
                </brp:voornamen>
                <brp:geslachtsnaamcomponenten>
                    <brp:geslachtsnaamcomponent brp:voorkomenSleutel="*" brp:objectSleutel="*" brp:objecttype="PersoonGeslachtsnaamcomponent">
                        <brp:tijdstipRegistratie>*</brp:tijdstipRegistratie>
                        <brp:actieInhoud>*</brp:actieInhoud>
                        <brp:datumAanvangGeldigheid>1990-01-01</brp:datumAanvangGeldigheid>
                        <brp:volgnummer>1</brp:volgnummer>
                        <brp:stam>Vermeer</brp:stam>
                    </brp:geslachtsnaamcomponent>
                </brp:geslachtsnaamcomponenten>
                <brp:naamgebruik brp:voorkomenSleutel="*">
                    <brp:tijdstipRegistratie>*</brp:tijdstipRegistratie>
                    <brp:actieInhoud>*</brp:actieInhoud>
                    <brp:code>E</brp:code>
                    <brp:voornamen>Jan</brp:voornamen>
                    <brp:geslachtsnaamstam>Vermeer</brp:geslachtsnaamstam>
                </brp:naamgebruik>
                <brp:adressen>
                    <brp:adres brp:voorkomenSleutel="*" brp:objectSleutel="*" brp:objecttype="PersoonAdres">
                        <brp:tijdstipRegistratie>*</brp:tijdstipRegistratie>
                        <brp:actieInhoud>*</brp:actieInhoud>
                        <brp:datumAanvangGeldigheid>1976-10-30</brp:datumAanvangGeldigheid>
                        <brp:soortCode>W</brp:soortCode>
                        <brp:redenWijzigingCode>P</brp:redenWijzigingCode>
                        <brp:aangeverAdreshoudingCode>I</brp:aangeverAdreshoudingCode>
                        <brp:datumAanvangAdreshouding>1998-06-22</brp:datumAanvangAdreshouding>
                        <brp:identificatiecodeAdresseerbaarObject>0626010010016001</brp:identificatiecodeAdresseerbaarObject>
                        <brp:identificatiecodeNummeraanduiding>0626200010016001</brp:identificatiecodeNummeraanduiding>
                        <brp:gemeenteCode>0626</brp:gemeenteCode>
                        <brp:naamOpenbareRuimte>Baron Schimmelpenninck van der Oyelaan</brp:naamOpenbareRuimte>
                        <brp:afgekorteNaamOpenbareRuimte>S vd Oyeln</brp:afgekorteNaamOpenbareRuimte>
                        <brp:huisnummer>16</brp:huisnummer>
                        <brp:postcode>2252EB</brp:postcode>
                        <brp:woonplaatsnaam>Voorschoten</brp:woonplaatsnaam>
                        <brp:landGebiedCode>6030</brp:landGebiedCode>
                    </brp:adres>
                </brp:adressen>
                <brp:nationaliteiten>
                    <brp:nationaliteit brp:voorkomenSleutel="*" brp:objectSleutel="*" brp:objecttype="PersoonNationaliteit">
                        <brp:tijdstipRegistratie>*</brp:tijdstipRegistratie>
                        <brp:actieInhoud>*</brp:actieInhoud>
                        <brp:datumAanvangGeldigheid>1990-01-01</brp:datumAanvangGeldigheid>
                        <brp:nationaliteitCode>0001</brp:nationaliteitCode>
                        <brp:redenVerkrijgingCode>020</brp:redenVerkrijgingCode>
                    </brp:nationaliteit>
                </brp:nationaliteiten>
                <brp:indicaties>
                    <brp:volledigeVerstrekkingsbeperking brp:voorkomenSleutel="*" brp:objectSleutel="*" brp:objecttype="PersoonIndicatie">
                        <brp:tijdstipRegistratie>*</brp:tijdstipRegistratie>
                        <brp:actieInhoud>*</brp:actieInhoud>
                        <brp:waarde>J</brp:waarde>
                    </brp:volledigeVerstrekkingsbeperking>
                </brp:indicaties>
                <brp:betrokkenheden>
                    <brp:kind brp:objectSleutel="*" brp:objecttype="Betrokkenheid" brp:voorkomenSleutel="*">
                        <brp:tijdstipRegistratie>*</brp:tijdstipRegistratie>
                        <brp:actieInhoud>*</brp:actieInhoud>
                        <brp:familierechtelijkeBetrekking brp:objectSleutel="*" brp:objecttype="Relatie">
                            <brp:relatie brp:voorkomenSleutel="*">
                                <brp:tijdstipRegistratie>*</brp:tijdstipRegistratie>
                                <brp:actieInhoud>*</brp:actieInhoud>
                            </brp:relatie>
                            <brp:betrokkenheden>
                                <brp:ouder brp:objectSleutel="*" brp:objecttype="Betrokkenheid" brp:voorkomenSleutel="*">
                                    <brp:tijdstipRegistratie>*</brp:tijdstipRegistratie>
                                    <brp:actieInhoud>*</brp:actieInhoud>
                                    <brp:persoon brp:objectSleutel="*" brp:objecttype="Persoon">
                                        <brp:soortCode>P</brp:soortCode>
                                        <brp:identificatienummers brp:voorkomenSleutel="*">
                                            <brp:tijdstipRegistratie>*</brp:tijdstipRegistratie>
                                            <brp:actieInhoud>*</brp:actieInhoud>
                                            <brp:datumAanvangGeldigheid>1990-01-01</brp:datumAanvangGeldigheid>
                                            <brp:burgerservicenummer>190707057</brp:burgerservicenummer>
                                            <brp:administratienummer>1827504737</brp:administratienummer>
                                        </brp:identificatienummers>
                                        <brp:samengesteldeNaam brp:voorkomenSleutel="*">
                                            <brp:tijdstipRegistratie>*</brp:tijdstipRegistratie>
                                            <brp:actieInhoud>*</brp:actieInhoud>
                                            <brp:datumAanvangGeldigheid>1990-01-01</brp:datumAanvangGeldigheid>
                                            <brp:indicatieNamenreeks>N</brp:indicatieNamenreeks>
                                            <brp:voornamen>Adèle</brp:voornamen>
                                            <brp:geslachtsnaamstam>Kleinjan</brp:geslachtsnaamstam>
                                        </brp:samengesteldeNaam>
                                        <brp:geboorte brp:voorkomenSleutel="*">
                                            <brp:tijdstipRegistratie>*</brp:tijdstipRegistratie>
                                            <brp:actieInhoud>*</brp:actieInhoud>
                                            <brp:datum>1970-01-01</brp:datum>
                                            <brp:gemeenteCode>1900</brp:gemeenteCode>
                                            <brp:landGebiedCode>6030</brp:landGebiedCode>
                                        </brp:geboorte>
                                        <brp:geslachtsaanduiding brp:voorkomenSleutel="*">
                                            <brp:tijdstipRegistratie>*</brp:tijdstipRegistratie>
                                            <brp:actieInhoud>*</brp:actieInhoud>
                                            <brp:datumAanvangGeldigheid>1990-01-01</brp:datumAanvangGeldigheid>
                                            <brp:code>V</brp:code>
                                        </brp:geslachtsaanduiding>
                                    </brp:persoon>
                                    <brp:ouderschap brp:voorkomenSleutel="*">
                                        <brp:tijdstipRegistratie>*</brp:tijdstipRegistratie>
                                        <brp:actieInhoud>*</brp:actieInhoud>
                                        <brp:datumAanvangGeldigheid>1990-01-01</brp:datumAanvangGeldigheid>
                                    </brp:ouderschap>
                                </brp:ouder>
                                <brp:ouder brp:objectSleutel="*" brp:objecttype="Betrokkenheid" brp:voorkomenSleutel="*">
                                    <brp:tijdstipRegistratie>*</brp:tijdstipRegistratie>
                                    <brp:actieInhoud>*</brp:actieInhoud>
                                    <brp:persoon brp:objectSleutel="*" brp:objecttype="Persoon">
                                        <brp:soortCode>P</brp:soortCode>
                                        <brp:identificatienummers brp:voorkomenSleutel="*">
                                            <brp:tijdstipRegistratie>*</brp:tijdstipRegistratie>
                                            <brp:actieInhoud>*</brp:actieInhoud>
                                            <brp:datumAanvangGeldigheid>1990-01-01</brp:datumAanvangGeldigheid>
                                            <brp:burgerservicenummer>876461641</brp:burgerservicenummer>
                                            <brp:administratienummer>7083065121</brp:administratienummer>
                                        </brp:identificatienummers>
                                        <brp:samengesteldeNaam brp:voorkomenSleutel="*">
                                            <brp:tijdstipRegistratie>*</brp:tijdstipRegistratie>
                                            <brp:actieInhoud>*</brp:actieInhoud>
                                            <brp:datumAanvangGeldigheid>1990-01-01</brp:datumAanvangGeldigheid>
                                            <brp:indicatieNamenreeks>N</brp:indicatieNamenreeks>
                                            <brp:voornamen>Harmen</brp:voornamen>
                                            <brp:geslachtsnaamstam>Vermeer</brp:geslachtsnaamstam>
                                        </brp:samengesteldeNaam>
                                        <brp:geboorte brp:voorkomenSleutel="*">
                                            <brp:tijdstipRegistratie>*</brp:tijdstipRegistratie>
                                            <brp:actieInhoud>*</brp:actieInhoud>
                                            <brp:datum>1969-01-01</brp:datum>
                                            <brp:gemeenteCode>1901</brp:gemeenteCode>
                                            <brp:landGebiedCode>6030</brp:landGebiedCode>
                                        </brp:geboorte>
                                        <brp:geslachtsaanduiding brp:voorkomenSleutel="*">
                                            <brp:tijdstipRegistratie>*</brp:tijdstipRegistratie>
                                            <brp:actieInhoud>*</brp:actieInhoud>
                                            <brp:datumAanvangGeldigheid>1990-01-01</brp:datumAanvangGeldigheid>
                                            <brp:code>M</brp:code>
                                        </brp:geslachtsaanduiding>
                                    </brp:persoon>
                                    <brp:ouderschap brp:voorkomenSleutel="*">
                                        <brp:tijdstipRegistratie>*</brp:tijdstipRegistratie>
                                        <brp:actieInhoud>*</brp:actieInhoud>
                                        <brp:datumAanvangGeldigheid>1990-01-01</brp:datumAanvangGeldigheid>
                                    </brp:ouderschap>
                                </brp:ouder>
                            </brp:betrokkenheden>
                        </brp:familierechtelijkeBetrekking>
                    </brp:kind>
                    <brp:ouder brp:objectSleutel="*" brp:objecttype="Betrokkenheid" brp:voorkomenSleutel="*">
                        <brp:tijdstipRegistratie>*</brp:tijdstipRegistratie>
                        <brp:actieInhoud>*</brp:actieInhoud>
                        <brp:familierechtelijkeBetrekking brp:objectSleutel="*" brp:objecttype="Relatie">
                            <brp:relatie brp:voorkomenSleutel="*">
                                <brp:tijdstipRegistratie>*</brp:tijdstipRegistratie>
                                <brp:actieInhoud>*</brp:actieInhoud>
                            </brp:relatie>
                            <brp:betrokkenheden>
                                <brp:kind brp:objectSleutel="*" brp:objecttype="Betrokkenheid" brp:voorkomenSleutel="*">
                                    <brp:tijdstipRegistratie>*</brp:tijdstipRegistratie>
                                    <brp:actieInhoud>*</brp:actieInhoud>
                                    <brp:persoon brp:objectSleutel="*" brp:objecttype="Persoon">
                                        <brp:soortCode>P</brp:soortCode>
                                        <brp:identificatienummers brp:voorkomenSleutel="*">
                                            <brp:tijdstipRegistratie>*</brp:tijdstipRegistratie>
                                            <brp:actieInhoud>*</brp:actieInhoud>
                                            <brp:datumAanvangGeldigheid>2011-09-14</brp:datumAanvangGeldigheid>
                                            <brp:burgerservicenummer>632934761</brp:burgerservicenummer>
                                            <brp:administratienummer>8941650209</brp:administratienummer>
                                        </brp:identificatienummers>
                                        <brp:samengesteldeNaam brp:voorkomenSleutel="*">
                                            <brp:tijdstipRegistratie>*</brp:tijdstipRegistratie>
                                            <brp:actieInhoud>*</brp:actieInhoud>
                                            <brp:datumAanvangGeldigheid>2011-09-14</brp:datumAanvangGeldigheid>
                                            <brp:indicatieNamenreeks>N</brp:indicatieNamenreeks>
                                            <brp:voornamen>Jade</brp:voornamen>
                                            <brp:geslachtsnaamstam>Lee</brp:geslachtsnaamstam>
                                        </brp:samengesteldeNaam>
                                        <brp:geboorte brp:voorkomenSleutel="*">
                                            <brp:tijdstipRegistratie>*</brp:tijdstipRegistratie>
                                            <brp:actieInhoud>*</brp:actieInhoud>
                                            <brp:datum>2011-09-14</brp:datum>
                                            <brp:gemeenteCode>0736</brp:gemeenteCode>
                                            <brp:landGebiedCode>6030</brp:landGebiedCode>
                                        </brp:geboorte>
                                    </brp:persoon>
                                </brp:kind>
                            </brp:betrokkenheden>
                        </brp:familierechtelijkeBetrekking>
                        <brp:ouderschap brp:voorkomenSleutel="*">
                            <brp:tijdstipRegistratie>*</brp:tijdstipRegistratie>
                            <brp:actieInhoud>*</brp:actieInhoud>
                            <brp:datumAanvangGeldigheid>2011-09-14</brp:datumAanvangGeldigheid>
                        </brp:ouderschap>
                    </brp:ouder>
                    <brp:partner brp:objectSleutel="*" brp:objecttype="Betrokkenheid" brp:voorkomenSleutel="*">
                        <brp:tijdstipRegistratie>*</brp:tijdstipRegistratie>
                        <brp:actieInhoud>*</brp:actieInhoud>
                        <brp:huwelijk brp:objectSleutel="*" brp:objecttype="Relatie">
                            <brp:relatie brp:voorkomenSleutel="*">
                                <brp:tijdstipRegistratie>*</brp:tijdstipRegistratie>
                                <brp:actieInhoud>*</brp:actieInhoud>
                                <brp:datumAanvang>2005-03-30</brp:datumAanvang>
                                <brp:gemeenteAanvangCode>1901</brp:gemeenteAanvangCode>
                                <brp:landGebiedAanvangCode>6030</brp:landGebiedAanvangCode>
                            </brp:relatie>
                            <brp:betrokkenheden>
                                <brp:partner brp:objectSleutel="*" brp:objecttype="Betrokkenheid" brp:voorkomenSleutel="*">
                                    <brp:tijdstipRegistratie>*</brp:tijdstipRegistratie>
                                    <brp:actieInhoud>*</brp:actieInhoud>
                                    <brp:persoon brp:objectSleutel="*" brp:objecttype="Persoon">
                                        <brp:soortCode>P</brp:soortCode>
                                        <brp:identificatienummers brp:voorkomenSleutel="*">
                                            <brp:tijdstipRegistratie>*</brp:tijdstipRegistratie>
                                            <brp:actieInhoud>*</brp:actieInhoud>
                                            <brp:datumAanvangGeldigheid>2005-03-30</brp:datumAanvangGeldigheid>
                                            <brp:burgerservicenummer>121139839</brp:burgerservicenummer>
                                            <brp:administratienummer>8056190753</brp:administratienummer>
                                        </brp:identificatienummers>
                                        <brp:samengesteldeNaam brp:voorkomenSleutel="*">
                                            <brp:tijdstipRegistratie>*</brp:tijdstipRegistratie>
                                            <brp:actieInhoud>*</brp:actieInhoud>
                                            <brp:datumAanvangGeldigheid>2005-03-30</brp:datumAanvangGeldigheid>
                                            <brp:indicatieNamenreeks>N</brp:indicatieNamenreeks>
                                            <brp:voornamen>Elizabeth</brp:voornamen>
                                            <brp:geslachtsnaamstam>Harvey</brp:geslachtsnaamstam>
                                        </brp:samengesteldeNaam>
                                        <brp:geboorte brp:voorkomenSleutel="*">
                                            <brp:tijdstipRegistratie>*</brp:tijdstipRegistratie>
                                            <brp:actieInhoud>*</brp:actieInhoud>
                                            <brp:datum>1977-10-10</brp:datum>
                                            <brp:gemeenteCode>0599</brp:gemeenteCode>
                                            <brp:landGebiedCode>6030</brp:landGebiedCode>
                                        </brp:geboorte>
                                        <brp:geslachtsaanduiding brp:voorkomenSleutel="*">
                                            <brp:tijdstipRegistratie>*</brp:tijdstipRegistratie>
                                            <brp:actieInhoud>*</brp:actieInhoud>
                                            <brp:datumAanvangGeldigheid>2005-03-30</brp:datumAanvangGeldigheid>
                                            <brp:code>V</brp:code>
                                        </brp:geslachtsaanduiding>
                                    </brp:persoon>
                                </brp:partner>
                            </brp:betrokkenheden>
                        </brp:huwelijk>
                    </brp:partner>
                </brp:betrokkenheden>
                <brp:persoonskaart brp:voorkomenSleutel="*">
                    <brp:tijdstipRegistratie>*</brp:tijdstipRegistratie>
                    <brp:actieInhoud>*</brp:actieInhoud>
                    <brp:indicatieVolledigGeconverteerd>N</brp:indicatieVolledigGeconverteerd>
                </brp:persoonskaart>
                <brp:onderzoeken>
                    <brp:onderzoek brp:objectSleutel="*" brp:objecttype="Onderzoek">
                        <brp:onderzoek brp:voorkomenSleutel="*">
                            <brp:tijdstipRegistratie>*</brp:tijdstipRegistratie>
                            <brp:actieInhoud>*</brp:actieInhoud>
                            <brp:datumAanvang>2015-01-01</brp:datumAanvang>
                        </brp:onderzoek>
                        <brp:gegevensInOnderzoek>
                            <brp:gegevenInOnderzoek brp:objectSleutel="*" brp:objecttype="GegevenInOnderzoek">
                                <brp:tijdstipRegistratie>*</brp:tijdstipRegistratie>
                                <brp:actieInhoud>*</brp:actieInhoud>
                                <brp:elementNaam>GerelateerdeKind.Persoon.Geboorte.GemeenteCode</brp:elementNaam>
                                <brp:voorkomenSleutelGegeven>*</brp:voorkomenSleutelGegeven>
                            </brp:gegevenInOnderzoek>
                            <brp:gegevenInOnderzoek brp:objectSleutel="*" brp:objecttype="GegevenInOnderzoek">
                                <brp:tijdstipRegistratie>*</brp:tijdstipRegistratie>
                                <brp:actieInhoud>*</brp:actieInhoud>
                                <brp:elementNaam>GerelateerdeKind.Persoon.Geboorte.LandGebiedCode</brp:elementNaam>
                                <brp:voorkomenSleutelGegeven>*</brp:voorkomenSleutelGegeven>
                            </brp:gegevenInOnderzoek>
                            <brp:gegevenInOnderzoek brp:objectSleutel="*" brp:objecttype="GegevenInOnderzoek">
                                <brp:tijdstipRegistratie>*</brp:tijdstipRegistratie>
                                <brp:actieInhoud>*</brp:actieInhoud>
                                <brp:elementNaam>GerelateerdeKind.Persoon.Geboorte.Datum</brp:elementNaam>
                                <brp:voorkomenSleutelGegeven>*</brp:voorkomenSleutelGegeven>
                            </brp:gegevenInOnderzoek>
                            <brp:gegevenInOnderzoek brp:objectSleutel="*" brp:objecttype="GegevenInOnderzoek">
                                <brp:tijdstipRegistratie>*</brp:tijdstipRegistratie>
                                <brp:actieInhoud>*</brp:actieInhoud>
                                <brp:elementNaam>GerelateerdeKind.Persoon.SamengesteldeNaam.DatumAanvangGeldigheid</brp:elementNaam>
                                <brp:voorkomenSleutelGegeven>*</brp:voorkomenSleutelGegeven>
                            </brp:gegevenInOnderzoek>
                            <brp:gegevenInOnderzoek brp:objectSleutel="*" brp:objecttype="GegevenInOnderzoek">
                                <brp:tijdstipRegistratie>*</brp:tijdstipRegistratie>
                                <brp:actieInhoud>*</brp:actieInhoud>
                                <brp:elementNaam>GerelateerdeKind.Persoon.SamengesteldeNaam.Voornamen</brp:elementNaam>
                                <brp:voorkomenSleutelGegeven>*</brp:voorkomenSleutelGegeven>
                            </brp:gegevenInOnderzoek>
                            <brp:gegevenInOnderzoek brp:objectSleutel="*" brp:objecttype="GegevenInOnderzoek">
                                <brp:tijdstipRegistratie>*</brp:tijdstipRegistratie>
                                <brp:actieInhoud>*</brp:actieInhoud>
                                <brp:elementNaam>GerelateerdeKind.Persoon.SamengesteldeNaam.Geslachtsnaamstam</brp:elementNaam>
                                <brp:voorkomenSleutelGegeven>*</brp:voorkomenSleutelGegeven>
                            </brp:gegevenInOnderzoek>
                            <brp:gegevenInOnderzoek brp:objectSleutel="*" brp:objecttype="GegevenInOnderzoek">
                                <brp:tijdstipRegistratie>*</brp:tijdstipRegistratie>
                                <brp:actieInhoud>*</brp:actieInhoud>
                                <brp:elementNaam>GerelateerdeKind.Persoon.Identificatienummers.DatumAanvangGeldigheid</brp:elementNaam>
                                <brp:voorkomenSleutelGegeven>*</brp:voorkomenSleutelGegeven>
                            </brp:gegevenInOnderzoek>
                            <brp:gegevenInOnderzoek brp:objectSleutel="*" brp:objecttype="GegevenInOnderzoek">
                                <brp:tijdstipRegistratie>*</brp:tijdstipRegistratie>
                                <brp:actieInhoud>*</brp:actieInhoud>
                                <brp:elementNaam>GerelateerdeKind.Persoon.Identificatienummers.Burgerservicenummer</brp:elementNaam>
                                <brp:voorkomenSleutelGegeven>*</brp:voorkomenSleutelGegeven>
                            </brp:gegevenInOnderzoek>
                            <brp:gegevenInOnderzoek brp:objectSleutel="*" brp:objecttype="GegevenInOnderzoek">
                                <brp:tijdstipRegistratie>*</brp:tijdstipRegistratie>
                                <brp:actieInhoud>*</brp:actieInhoud>
                                <brp:elementNaam>GerelateerdeKind.Persoon.Identificatienummers.Administratienummer</brp:elementNaam>
                                <brp:voorkomenSleutelGegeven>*</brp:voorkomenSleutelGegeven>
                            </brp:gegevenInOnderzoek>
                            <brp:gegevenInOnderzoek brp:objectSleutel="*" brp:objecttype="GegevenInOnderzoek">
                                <brp:tijdstipRegistratie>*</brp:tijdstipRegistratie>
                                <brp:actieInhoud>*</brp:actieInhoud>
                                <brp:elementNaam>Persoon.Ouder.Ouderschap.DatumAanvangGeldigheid</brp:elementNaam>
                                <brp:voorkomenSleutelGegeven>*</brp:voorkomenSleutelGegeven>
                            </brp:gegevenInOnderzoek>
                        </brp:gegevensInOnderzoek>
                    </brp:onderzoek>
                </brp:onderzoeken>
                <brp:administratieveHandelingen>
                    <brp:administratieveHandeling brp:objectSleutel="*" brp:objecttype="AdministratieveHandeling">
                        <brp:soortNaam>GBA - Bijhouding overig</brp:soortNaam>
                        <brp:categorieNaam>GBA - Synchronisatie</brp:categorieNaam>
                        <brp:partijCode>199902</brp:partijCode>
                        <brp:tijdstipRegistratie>*</brp:tijdstipRegistratie>
                        <brp:bijgehoudenActies>
                            <brp:actie brp:objectSleutel="*" brp:objecttype="Actie">
                                <brp:soortNaam>Conversie GBA</brp:soortNaam>
                                <brp:partijCode>*</brp:partijCode>
                            </brp:actie>
                            <brp:actie brp:objectSleutel="*" brp:objecttype="Actie">
                                <brp:soortNaam>Conversie GBA</brp:soortNaam>
                                <brp:partijCode>*</brp:partijCode>
                            </brp:actie>
                        </brp:bijgehoudenActies>
                    </brp:administratieveHandeling>
                    <brp:administratieveHandeling brp:objectSleutel="*" brp:objecttype="AdministratieveHandeling">
                        <brp:soortNaam>GBA - Initiële vulling</brp:soortNaam>
                        <brp:categorieNaam>GBA - Initiële vulling</brp:categorieNaam>
                        <brp:partijCode>199902</brp:partijCode>
                        <brp:tijdstipRegistratie>*</brp:tijdstipRegistratie>
                        <brp:bronnen>
                            <brp:bron brp:objecttype="AdministratieveHandelingBron" brp:communicatieID="*">
                                <brp:document brp:voorkomenSleutel="*" brp:objectSleutel="*" brp:objecttype="Document">
                                    <brp:soortNaam>Historie conversie</brp:soortNaam>
                                    <brp:aktenummer>1 A8000</brp:aktenummer>
                                    <brp:partijCode>073601</brp:partijCode>
                                </brp:document>
                            </brp:bron>
                            <brp:bron brp:objecttype="AdministratieveHandelingBron" brp:communicatieID="*">
                                <brp:document brp:voorkomenSleutel="*" brp:objectSleutel="*" brp:objecttype="Document">
                                    <brp:soortNaam>Historie conversie</brp:soortNaam>
                                    <brp:aktenummer>3 A1283</brp:aktenummer>
                                    <brp:partijCode>190101</brp:partijCode>
                                </brp:document>
                            </brp:bron>
                            <brp:bron brp:objecttype="AdministratieveHandelingBron" brp:communicatieID="*">
                                <brp:document brp:voorkomenSleutel="*" brp:objectSleutel="*" brp:objecttype="Document">
                                    <brp:soortNaam>Historie conversie</brp:soortNaam>
                                    <brp:omschrijving>PK</brp:omschrijving>
                                    <brp:partijCode>059901</brp:partijCode>
                                </brp:document>
                            </brp:bron>
                            <brp:bron brp:objecttype="AdministratieveHandelingBron" brp:communicatieID="*">
                                <brp:document brp:voorkomenSleutel="*" brp:objectSleutel="*" brp:objecttype="Document">
                                    <brp:soortNaam>Historie conversie</brp:soortNaam>
                                    <brp:omschrijving>PK</brp:omschrijving>
                                    <brp:partijCode>059901</brp:partijCode>
                                </brp:document>
                            </brp:bron>
                            <brp:bron brp:objecttype="AdministratieveHandelingBron" brp:communicatieID="*">
                                <brp:document brp:voorkomenSleutel="*" brp:objectSleutel="*" brp:objecttype="Document">
                                    <brp:soortNaam>Historie conversie</brp:soortNaam>
                                    <brp:aktenummer>1 A5820</brp:aktenummer>
                                    <brp:partijCode>059901</brp:partijCode>
                                </brp:document>
                            </brp:bron>
                            <brp:bron brp:objecttype="AdministratieveHandelingBron" brp:communicatieID="*">
                                <brp:document brp:voorkomenSleutel="*" brp:objectSleutel="*" brp:objecttype="Document">
                                    <brp:soortNaam>Historie conversie</brp:soortNaam>
                                    <brp:aktenummer>1 A5820</brp:aktenummer>
                                    <brp:partijCode>059901</brp:partijCode>
                                </brp:document>
                            </brp:bron>
                        </brp:bronnen>
                        <brp:bijgehoudenActies>
                            <brp:actie brp:objectSleutel="*" brp:objecttype="Actie">
                                <brp:soortNaam>Conversie GBA</brp:soortNaam>
                                <brp:partijCode>*</brp:partijCode>
                                <brp:bronnen>
                                    <brp:bron brp:objectSleutel="*" brp:objecttype="ActieBron" brp:referentieID="*"/>
                                </brp:bronnen>
                            </brp:actie>
                            <brp:actie brp:objectSleutel="*" brp:objecttype="Actie">
                                <brp:soortNaam>Conversie GBA</brp:soortNaam>
                                <brp:partijCode>*</brp:partijCode>
                                <brp:bronnen>
                                    <brp:bron brp:objectSleutel="*" brp:objecttype="ActieBron" brp:referentieID="*"/>
                                </brp:bronnen>
                            </brp:actie>
                            <brp:actie brp:objectSleutel="*" brp:objecttype="Actie">
                                <brp:soortNaam>Conversie GBA</brp:soortNaam>
                                <brp:partijCode>*</brp:partijCode>
                                <brp:datumOntlening>2014-01-01</brp:datumOntlening>
                                <brp:bronnen>
                                    <brp:bron brp:objectSleutel="*" brp:objecttype="ActieBron" brp:referentieID="*"/>
                                </brp:bronnen>
                            </brp:actie>
                            <brp:actie brp:objectSleutel="*" brp:objecttype="Actie">
                                <brp:soortNaam>Conversie GBA</brp:soortNaam>
                                <brp:partijCode>*</brp:partijCode>
                                <brp:datumOntlening>2014-01-01</brp:datumOntlening>
                                <brp:bronnen>
                                    <brp:bron brp:objectSleutel="*" brp:objecttype="ActieBron" brp:referentieID="*"/>
                                </brp:bronnen>
                            </brp:actie>
                            <brp:actie brp:objectSleutel="*" brp:objecttype="Actie">
                                <brp:soortNaam>Conversie GBA</brp:soortNaam>
                                <brp:partijCode>*</brp:partijCode>
                                <brp:bronnen>
                                    <brp:bron brp:objectSleutel="*" brp:objecttype="ActieBron" brp:referentieID="*"/>
                                </brp:bronnen>
                            </brp:actie>
                            <brp:actie brp:objectSleutel="*" brp:objecttype="Actie">
                                <brp:soortNaam>Conversie GBA</brp:soortNaam>
                                <brp:partijCode>*</brp:partijCode>
                                <brp:bronnen>
                                    <brp:bron brp:objectSleutel="*" brp:objecttype="ActieBron" brp:referentieID="*"/>
                                </brp:bronnen>
                            </brp:actie>
                            <brp:actie brp:objectSleutel="*" brp:objecttype="Actie">
                                <brp:soortNaam>Conversie GBA</brp:soortNaam>
                                <brp:partijCode>*</brp:partijCode>
                            </brp:actie>
                            <brp:actie brp:objectSleutel="*" brp:objecttype="Actie">
                                <brp:soortNaam>Conversie GBA</brp:soortNaam>
                                <brp:partijCode>*</brp:partijCode>
                            </brp:actie>
                        </brp:bijgehoudenActies>
                    </brp:administratieveHandeling>
                </brp:administratieveHandelingen>
            </brp:persoon>
        </brp:bijgehoudenPersonen>
    </brp:synchronisatie>
</brp:lvg_synVerwerkPersoon>
