<brp:lvg_synGeefSynchronisatieStamgegeven_R xmlns:brp="http://www.bzk.nl/brp/brp0200">
    <brp:stuurgegevens>
        <brp:zendendePartij>199903</brp:zendendePartij>
        <brp:zendendeSysteem>BRP</brp:zendendeSysteem>
        <brp:referentienummer>*</brp:referentienummer>
        <brp:crossReferentienummer>0000000A-3000-7000-FFFF-000000000041</brp:crossReferentienummer>
        <brp:tijdstipVerzending>*</brp:tijdstipVerzending>
    </brp:stuurgegevens>
    <brp:resultaat>
        <brp:verwerking>Geslaagd</brp:verwerking>
        <brp:hoogsteMeldingsniveau>Geen</brp:hoogsteMeldingsniveau>
    </brp:resultaat>
    <brp:stamgegevens>
        <brp:adellijkeTitelTabel>
            <brp:adellijkeTitel brp:objecttype="AdellijkeTitel">
                <brp:code>B</brp:code>
                <brp:naamMannelijk>baron</brp:naamMannelijk>
                <brp:naamVrouwelijk>barones</brp:naamVrouwelijk>
            </brp:adellijkeTitel>
            <brp:adellijkeTitel brp:objecttype="AdellijkeTitel">
                <brp:code>G</brp:code>
                <brp:naamMannelijk>graaf</brp:naamMannelijk>
                <brp:naamVrouwelijk>gravin</brp:naamVrouwelijk>
            </brp:adellijkeTitel>
            <brp:adellijkeTitel brp:objecttype="AdellijkeTitel">
                <brp:code>H</brp:code>
                <brp:naamMannelijk>hertog</brp:naamMannelijk>
                <brp:naamVrouwelijk>hertogin</brp:naamVrouwelijk>
            </brp:adellijkeTitel>
            <brp:adellijkeTitel brp:objecttype="AdellijkeTitel">
                <brp:code>M</brp:code>
                <brp:naamMannelijk>markies</brp:naamMannelijk>
                <brp:naamVrouwelijk>markiezin</brp:naamVrouwelijk>
            </brp:adellijkeTitel>
            <brp:adellijkeTitel brp:objecttype="AdellijkeTitel">
                <brp:code>P</brp:code>
                <brp:naamMannelijk>prins</brp:naamMannelijk>
                <brp:naamVrouwelijk>prinses</brp:naamVrouwelijk>
            </brp:adellijkeTitel>
            <brp:adellijkeTitel brp:objecttype="AdellijkeTitel">
                <brp:code>R</brp:code>
                <brp:naamMannelijk>ridder</brp:naamMannelijk>
                <brp:naamVrouwelijk>ridder</brp:naamVrouwelijk>
            </brp:adellijkeTitel>
        </brp:adellijkeTitelTabel>
    </brp:stamgegevens>
</brp:lvg_synGeefSynchronisatieStamgegeven_R>
