<?xml version="1.0" encoding="UTF-8"?>
<brp:lvg_synVerwerkPersoon xmlns:brp="http://www.bzk.nl/brp/brp0200">
    <brp:stuurgegevens>
        <brp:zendendePartij>199903</brp:zendendePartij>
        <brp:zendendeSysteem>BRP</brp:zendendeSysteem>
        <brp:ontvangendePartij>034401</brp:ontvangendePartij>
        <brp:referentienummer>*</brp:referentienummer>
        <brp:tijdstipVerzending>*</brp:tijdstipVerzending>
    </brp:stuurgegevens>
    <brp:parameters>
        <brp:soortSynchronisatie>Mutatiebericht</brp:soortSynchronisatie>
        <brp:leveringsautorisatieIdentificatie>1</brp:leveringsautorisatieIdentificatie>
        <brp:dienstIdentificatie>1</brp:dienstIdentificatie>
    </brp:parameters>
    <brp:meldingen>
        <brp:melding brp:objecttype="Melding" brp:referentieID="*">
            <brp:regelCode>R1340</brp:regelCode>
            <brp:soortNaam>Waarschuwing</brp:soortNaam>
            <brp:melding>De persoon heeft een verstrekkingsbeperking.</brp:melding>
        </brp:melding>
    </brp:meldingen>
    <brp:synchronisatie brp:objecttype="AdministratieveHandeling" brp:objectSleutel="*" brp:verwerkingssoort="Toevoeging">
        <brp:soortNaam>GBA - Bijhouding actueel</brp:soortNaam>
        <brp:categorieNaam>GBA - Synchronisatie</brp:categorieNaam>
        <brp:partijCode>199902</brp:partijCode>
        <brp:tijdstipRegistratie>*</brp:tijdstipRegistratie>
        <brp:bijgehoudenPersonen>
            <brp:persoon brp:objectSleutel="*" brp:objecttype="Persoon" brp:verwerkingssoort="Wijziging" brp:communicatieID="*">
                <brp:soortCode>I</brp:soortCode>
                <brp:afgeleidAdministratief brp:voorkomenSleutel="*" brp:verwerkingssoort="Toevoeging">
                    <brp:tijdstipRegistratie>*</brp:tijdstipRegistratie>
                    <brp:actieInhoud>*</brp:actieInhoud>
                    <brp:tijdstipLaatsteWijziging>*</brp:tijdstipLaatsteWijziging>
                    <brp:tijdstipLaatsteWijzigingGBASystematiek>*</brp:tijdstipLaatsteWijzigingGBASystematiek>
                </brp:afgeleidAdministratief>
                <brp:afgeleidAdministratief brp:voorkomenSleutel="*" brp:verwerkingssoort="Verval">
                    <brp:tijdstipRegistratie>*</brp:tijdstipRegistratie>
                    <brp:tijdstipVerval>*</brp:tijdstipVerval>
                    <brp:actieVerval>*</brp:actieVerval>
                    <brp:tijdstipLaatsteWijziging>*</brp:tijdstipLaatsteWijziging>
                    <brp:tijdstipLaatsteWijzigingGBASystematiek>*</brp:tijdstipLaatsteWijzigingGBASystematiek>
                </brp:afgeleidAdministratief>
                <brp:identificatienummers brp:voorkomenSleutel="*" brp:verwerkingssoort="Identificatie">
                    <brp:tijdstipRegistratie>*</brp:tijdstipRegistratie>
                    <brp:datumAanvangGeldigheid>1990-01-01</brp:datumAanvangGeldigheid>
                    <brp:burgerservicenummer>948226249</brp:burgerservicenummer>
                    <brp:administratienummer>4615860257</brp:administratienummer>
                </brp:identificatienummers>
                <brp:samengesteldeNaam brp:voorkomenSleutel="*" brp:verwerkingssoort="Identificatie">
                    <brp:tijdstipRegistratie>*</brp:tijdstipRegistratie>
                    <brp:datumAanvangGeldigheid>1990-01-01</brp:datumAanvangGeldigheid>
                    <brp:indicatieNamenreeks>N</brp:indicatieNamenreeks>
                    <brp:voornamen>Jan</brp:voornamen>
                    <brp:geslachtsnaamstam>Vermeer</brp:geslachtsnaamstam>
                </brp:samengesteldeNaam>
                <brp:geboorte brp:voorkomenSleutel="*" brp:verwerkingssoort="Identificatie">
                    <brp:tijdstipRegistratie>*</brp:tijdstipRegistratie>
                    <brp:datum>1990-01-01</brp:datum>
                    <brp:gemeenteCode>0599</brp:gemeenteCode>
                    <brp:landGebiedCode>6030</brp:landGebiedCode>
                </brp:geboorte>
                <brp:geslachtsaanduiding brp:voorkomenSleutel="*" brp:verwerkingssoort="Identificatie">
                    <brp:tijdstipRegistratie>*</brp:tijdstipRegistratie>
                    <brp:datumAanvangGeldigheid>1990-01-01</brp:datumAanvangGeldigheid>
                    <brp:code>M</brp:code>
                </brp:geslachtsaanduiding>
                <brp:inschrijving brp:voorkomenSleutel="*" brp:verwerkingssoort="Toevoeging">
                    <brp:tijdstipRegistratie>*</brp:tijdstipRegistratie>
                    <brp:actieInhoud>*</brp:actieInhoud>
                    <brp:datum>1990-01-01</brp:datum>
                </brp:inschrijving>
                <brp:inschrijving brp:voorkomenSleutel="*" brp:verwerkingssoort="Verval">
                    <brp:tijdstipRegistratie>*</brp:tijdstipRegistratie>
                    <brp:tijdstipVerval>*</brp:tijdstipVerval>
                    <brp:datum>1990-01-01</brp:datum>
                </brp:inschrijving>
                <brp:betrokkenheden>
                    <brp:partner brp:objectSleutel="*" brp:objecttype="Betrokkenheid" brp:verwerkingssoort="Referentie" brp:voorkomenSleutel="*">
                        <brp:tijdstipRegistratie>*</brp:tijdstipRegistratie>
                        <brp:huwelijk brp:objectSleutel="*" brp:objecttype="Relatie" brp:verwerkingssoort="Wijziging">
                            <brp:relatie brp:voorkomenSleutel="*" brp:verwerkingssoort="Toevoeging">
                                <brp:tijdstipRegistratie>*</brp:tijdstipRegistratie>
                                <brp:actieInhoud>*</brp:actieInhoud>
                                <brp:datumAanvang>2005-03-30</brp:datumAanvang>
                                <brp:gemeenteAanvangCode>1901</brp:gemeenteAanvangCode>
                                <brp:landGebiedAanvangCode>6030</brp:landGebiedAanvangCode>
                                <brp:redenEindeCode>S</brp:redenEindeCode>
                                <brp:datumEinde>2006-03-30</brp:datumEinde>
                                <brp:gemeenteEindeCode>1901</brp:gemeenteEindeCode>
                                <brp:landGebiedEindeCode>6030</brp:landGebiedEindeCode>
                            </brp:relatie>
                            <brp:relatie brp:voorkomenSleutel="*" brp:verwerkingssoort="Verval">
                                <brp:tijdstipRegistratie>*</brp:tijdstipRegistratie>
                                <brp:tijdstipVerval>*</brp:tijdstipVerval>
                                <brp:datumAanvang>2005-03-30</brp:datumAanvang>
                                <brp:gemeenteAanvangCode>1901</brp:gemeenteAanvangCode>
                                <brp:landGebiedAanvangCode>6030</brp:landGebiedAanvangCode>
                            </brp:relatie>
                            <brp:betrokkenheden>
                                <brp:partner brp:objectSleutel="*" brp:objecttype="Betrokkenheid" brp:verwerkingssoort="Referentie" brp:voorkomenSleutel="*">
                                    <brp:tijdstipRegistratie>*</brp:tijdstipRegistratie>
                                    <brp:persoon brp:objectSleutel="*" brp:objecttype="Persoon" brp:verwerkingssoort="Wijziging">
                                        <brp:soortCode>P</brp:soortCode>
                                        <brp:identificatienummers brp:voorkomenSleutel="*" brp:verwerkingssoort="Toevoeging">
                                            <brp:tijdstipRegistratie>*</brp:tijdstipRegistratie>
                                            <brp:actieInhoud>*</brp:actieInhoud>
                                            <brp:datumAanvangGeldigheid>2006-03-30</brp:datumAanvangGeldigheid>
                                            <brp:burgerservicenummer>121139839</brp:burgerservicenummer>
                                            <brp:administratienummer>8056190753</brp:administratienummer>
                                        </brp:identificatienummers>
                                        <brp:identificatienummers brp:voorkomenSleutel="*" brp:verwerkingssoort="Verval">
                                            <brp:tijdstipRegistratie>*</brp:tijdstipRegistratie>
                                            <brp:tijdstipVerval>*</brp:tijdstipVerval>
                                            <brp:datumAanvangGeldigheid>2005-03-30</brp:datumAanvangGeldigheid>
                                            <brp:burgerservicenummer>121139839</brp:burgerservicenummer>
                                            <brp:administratienummer>8056190753</brp:administratienummer>
                                        </brp:identificatienummers>
                                        <brp:samengesteldeNaam brp:voorkomenSleutel="*" brp:verwerkingssoort="Toevoeging">
                                            <brp:tijdstipRegistratie>*</brp:tijdstipRegistratie>
                                            <brp:actieInhoud>*</brp:actieInhoud>
                                            <brp:datumAanvangGeldigheid>2006-03-30</brp:datumAanvangGeldigheid>
                                            <brp:indicatieNamenreeks>N</brp:indicatieNamenreeks>
                                            <brp:voornamen>Elizabeth</brp:voornamen>
                                            <brp:geslachtsnaamstam>Harvey</brp:geslachtsnaamstam>
                                        </brp:samengesteldeNaam>
                                        <brp:samengesteldeNaam brp:voorkomenSleutel="*" brp:verwerkingssoort="Verval">
                                            <brp:tijdstipRegistratie>*</brp:tijdstipRegistratie>
                                            <brp:tijdstipVerval>*</brp:tijdstipVerval>
                                            <brp:datumAanvangGeldigheid>2005-03-30</brp:datumAanvangGeldigheid>
                                            <brp:indicatieNamenreeks>N</brp:indicatieNamenreeks>
                                            <brp:voornamen>Elizabeth</brp:voornamen>
                                            <brp:geslachtsnaamstam>Harvey</brp:geslachtsnaamstam>
                                        </brp:samengesteldeNaam>
                                        <brp:geboorte brp:voorkomenSleutel="*" brp:verwerkingssoort="Toevoeging">
                                            <brp:tijdstipRegistratie>*</brp:tijdstipRegistratie>
                                            <brp:actieInhoud>*</brp:actieInhoud>
                                            <brp:datum>1977-10-10</brp:datum>
                                            <brp:gemeenteCode>0599</brp:gemeenteCode>
                                            <brp:landGebiedCode>6030</brp:landGebiedCode>
                                        </brp:geboorte>
                                        <brp:geboorte brp:voorkomenSleutel="*" brp:verwerkingssoort="Verval">
                                            <brp:tijdstipRegistratie>*</brp:tijdstipRegistratie>
                                            <brp:tijdstipVerval>*</brp:tijdstipVerval>
                                            <brp:datum>1977-10-10</brp:datum>
                                            <brp:gemeenteCode>0599</brp:gemeenteCode>
                                            <brp:landGebiedCode>6030</brp:landGebiedCode>
                                        </brp:geboorte>
                                        <brp:geslachtsaanduiding brp:voorkomenSleutel="*" brp:verwerkingssoort="Toevoeging">
                                            <brp:tijdstipRegistratie>*</brp:tijdstipRegistratie>
                                            <brp:actieInhoud>*</brp:actieInhoud>
                                            <brp:datumAanvangGeldigheid>2006-03-30</brp:datumAanvangGeldigheid>
                                            <brp:code>V</brp:code>
                                        </brp:geslachtsaanduiding>
                                        <brp:geslachtsaanduiding brp:voorkomenSleutel="*" brp:verwerkingssoort="Verval">
                                            <brp:tijdstipRegistratie>*</brp:tijdstipRegistratie>
                                            <brp:tijdstipVerval>*</brp:tijdstipVerval>
                                            <brp:datumAanvangGeldigheid>2005-03-30</brp:datumAanvangGeldigheid>
                                            <brp:code>V</brp:code>
                                        </brp:geslachtsaanduiding>
                                    </brp:persoon>
                                </brp:partner>
                            </brp:betrokkenheden>
                        </brp:huwelijk>
                    </brp:partner>
                </brp:betrokkenheden>
                <brp:onderzoeken>
                    <brp:onderzoek brp:objectSleutel="*" brp:objecttype="Onderzoek" brp:verwerkingssoort="Toevoeging">
                        <brp:onderzoek brp:voorkomenSleutel="*" brp:verwerkingssoort="Toevoeging">
                            <brp:tijdstipRegistratie>*</brp:tijdstipRegistratie>
                            <brp:actieInhoud>*</brp:actieInhoud>
                            <brp:datumAanvang>2015-01-01</brp:datumAanvang>
                        </brp:onderzoek>
                        <brp:gegevensInOnderzoek>
                            <brp:gegevenInOnderzoek brp:objectSleutel="*" brp:objecttype="GegevenInOnderzoek" brp:verwerkingssoort="Toevoeging">
                                <brp:tijdstipRegistratie>*</brp:tijdstipRegistratie>
                                <brp:actieInhoud>*</brp:actieInhoud>
                                <brp:elementNaam>Huwelijk.RedenEindeCode</brp:elementNaam>
                                <brp:voorkomenSleutelGegeven>*</brp:voorkomenSleutelGegeven>
                            </brp:gegevenInOnderzoek>
                        </brp:gegevensInOnderzoek>
                    </brp:onderzoek>
                </brp:onderzoeken>
                <brp:administratieveHandelingen>
                    <brp:administratieveHandeling brp:objectSleutel="*" brp:objecttype="AdministratieveHandeling">
                        <brp:soortNaam>GBA - Bijhouding actueel</brp:soortNaam>
                        <brp:categorieNaam>GBA - Synchronisatie</brp:categorieNaam>
                        <brp:partijCode>199902</brp:partijCode>
                        <brp:tijdstipRegistratie>*</brp:tijdstipRegistratie>
                        <brp:bronnen>
                            <brp:bron brp:objecttype="AdministratieveHandelingBron" brp:communicatieID="*">
                                <brp:document brp:voorkomenSleutel="*" brp:objectSleutel="*" brp:objecttype="Document">
                                    <brp:soortNaam>Historie conversie</brp:soortNaam>
                                    <brp:aktenummer>3 A1283</brp:aktenummer>
                                    <brp:partijCode>190101</brp:partijCode>
                                </brp:document>
                            </brp:bron>
                        </brp:bronnen>
                        <brp:bijgehoudenActies>
                            <brp:actie brp:objectSleutel="*" brp:objecttype="Actie">
                                <brp:soortNaam>Conversie GBA</brp:soortNaam>
                                <brp:partijCode>199902</brp:partijCode>
                            </brp:actie>
                            <brp:actie brp:objectSleutel="*" brp:objecttype="Actie">
                                <brp:soortNaam>Conversie GBA</brp:soortNaam>
                                <brp:partijCode>199902</brp:partijCode>
                            </brp:actie>
                            <brp:actie brp:objectSleutel="*" brp:objecttype="Actie">
                                <brp:soortNaam>Conversie GBA</brp:soortNaam>
                                <brp:partijCode>199902</brp:partijCode>
                                <brp:bronnen>
                                    <brp:bron brp:objectSleutel="*" brp:objecttype="ActieBron" brp:referentieID="*"/>
                                </brp:bronnen>
                            </brp:actie>
                        </brp:bijgehoudenActies>
                    </brp:administratieveHandeling>
                </brp:administratieveHandelingen>
            </brp:persoon>
        </brp:bijgehoudenPersonen>
    </brp:synchronisatie>
</brp:lvg_synVerwerkPersoon>
