<?xml version="1.0" encoding="UTF-8"?>
<brp:lvg_synVerwerkPersoon xmlns:brp="http://www.bzk.nl/brp/brp0200">
    <brp:stuurgegevens>
        <brp:zendendePartij>199903</brp:zendendePartij>
        <brp:zendendeSysteem>BRP</brp:zendendeSysteem>
        <brp:ontvangendePartij>034401</brp:ontvangendePartij>
        <brp:referentienummer>*</brp:referentienummer>
        <brp:tijdstipVerzending>*</brp:tijdstipVerzending>
    </brp:stuurgegevens>
    <brp:parameters>
        <brp:soortSynchronisatie>Volledigbericht</brp:soortSynchronisatie>
        <brp:leveringsautorisatieIdentificatie>1</brp:leveringsautorisatieIdentificatie>
        <brp:dienstIdentificatie>1</brp:dienstIdentificatie>
    </brp:parameters>
    <brp:meldingen>
        <brp:melding brp:objecttype="Melding" brp:referentieID="*">
            <brp:regelCode>R1340</brp:regelCode>
            <brp:soortNaam>Waarschuwing</brp:soortNaam>
            <brp:melding>De persoon heeft een verstrekkingsbeperking.</brp:melding>
        </brp:melding>
    </brp:meldingen>
    <brp:synchronisatie brp:objecttype="AdministratieveHandeling" brp:objectSleutel="*">
        <brp:soortNaam>GBA - Bijhouding overig</brp:soortNaam>
        <brp:categorieNaam>GBA - Synchronisatie</brp:categorieNaam>
        <brp:partijCode>199902</brp:partijCode>
        <brp:tijdstipRegistratie>*</brp:tijdstipRegistratie>
        <brp:bijgehoudenPersonen>
            <brp:persoon brp:objectSleutel="*" brp:objecttype="Persoon" brp:communicatieID="*">
                <brp:soortCode>I</brp:soortCode>
                <brp:afgeleidAdministratief brp:voorkomenSleutel="*">
                    <brp:tijdstipRegistratie>*</brp:tijdstipRegistratie>
                    <brp:actieInhoud>*</brp:actieInhoud>
                    <brp:tijdstipLaatsteWijziging>*</brp:tijdstipLaatsteWijziging>
                    <brp:tijdstipLaatsteWijzigingGBASystematiek>*</brp:tijdstipLaatsteWijzigingGBASystematiek>
                </brp:afgeleidAdministratief>
                <brp:afgeleidAdministratief brp:voorkomenSleutel="*">
                    <brp:tijdstipRegistratie>*</brp:tijdstipRegistratie>
                    <brp:actieInhoud>*</brp:actieInhoud>
                    <brp:tijdstipVerval>*</brp:tijdstipVerval>
                    <brp:actieVerval>*</brp:actieVerval>
                    <brp:tijdstipLaatsteWijziging>*</brp:tijdstipLaatsteWijziging>
                    <brp:tijdstipLaatsteWijzigingGBASystematiek>*</brp:tijdstipLaatsteWijzigingGBASystematiek>
                </brp:afgeleidAdministratief>
                <brp:identificatienummers brp:voorkomenSleutel="*">
                    <brp:tijdstipRegistratie>*</brp:tijdstipRegistratie>
                    <brp:actieInhoud>*</brp:actieInhoud>
                    <brp:datumAanvangGeldigheid>1976-10-30</brp:datumAanvangGeldigheid>
                    <brp:burgerservicenummer>269914201</brp:burgerservicenummer>
                    <brp:administratienummer>2457615905</brp:administratienummer>
                </brp:identificatienummers>
                <brp:samengesteldeNaam brp:voorkomenSleutel="*">
                    <brp:tijdstipRegistratie>*</brp:tijdstipRegistratie>
                    <brp:actieInhoud>*</brp:actieInhoud>
                    <brp:datumAanvangGeldigheid>1976-10-30</brp:datumAanvangGeldigheid>
                    <brp:indicatieNamenreeks>N</brp:indicatieNamenreeks>
                    <brp:predicaatCode>J</brp:predicaatCode>
                    <brp:voornamen>Johnny</brp:voornamen>
                    <brp:voorvoegsel>van</brp:voorvoegsel>
                    <brp:scheidingsteken></brp:scheidingsteken>
                    <brp:geslachtsnaamstam>Gastel</brp:geslachtsnaamstam>
                </brp:samengesteldeNaam>
                <brp:geboorte brp:voorkomenSleutel="*">
                    <brp:tijdstipRegistratie>*</brp:tijdstipRegistratie>
                    <brp:actieInhoud>*</brp:actieInhoud>
                    <brp:datum>1976-10-30</brp:datum>
                    <brp:gemeenteCode>0599</brp:gemeenteCode>
                    <brp:landGebiedCode>6030</brp:landGebiedCode>
                </brp:geboorte>
                <brp:geslachtsaanduiding brp:voorkomenSleutel="*">
                    <brp:tijdstipRegistratie>*</brp:tijdstipRegistratie>
                    <brp:actieInhoud>*</brp:actieInhoud>
                    <brp:datumAanvangGeldigheid>1976-10-30</brp:datumAanvangGeldigheid>
                    <brp:code>M</brp:code>
                </brp:geslachtsaanduiding>
                <brp:inschrijving brp:voorkomenSleutel="*">
                    <brp:tijdstipRegistratie>*</brp:tijdstipRegistratie>
                    <brp:actieInhoud>*</brp:actieInhoud>
                    <brp:datum>1976-10-30</brp:datum>
                </brp:inschrijving>
                <brp:bijhouding brp:voorkomenSleutel="*">
                    <brp:tijdstipRegistratie>*</brp:tijdstipRegistratie>
                    <brp:actieInhoud>*</brp:actieInhoud>
                    <brp:datumAanvangGeldigheid>1976-10-30</brp:datumAanvangGeldigheid>
                    <brp:partijCode>059901</brp:partijCode>
                    <brp:bijhoudingsaardCode>I</brp:bijhoudingsaardCode>
                    <brp:nadereBijhoudingsaardCode>A</brp:nadereBijhoudingsaardCode>
                </brp:bijhouding>
                <brp:voornamen>
                    <brp:voornaam brp:voorkomenSleutel="*" brp:objectSleutel="*" brp:objecttype="PersoonVoornaam">
                        <brp:tijdstipRegistratie>*</brp:tijdstipRegistratie>
                        <brp:actieInhoud>*</brp:actieInhoud>
                        <brp:datumAanvangGeldigheid>1976-10-30</brp:datumAanvangGeldigheid>
                        <brp:volgnummer>1</brp:volgnummer>
                        <brp:naam>Johnny</brp:naam>
                    </brp:voornaam>
                </brp:voornamen>
                <brp:geslachtsnaamcomponenten>
                    <brp:geslachtsnaamcomponent brp:voorkomenSleutel="*" brp:objectSleutel="*" brp:objecttype="PersoonGeslachtsnaamcomponent">
                        <brp:tijdstipRegistratie>*</brp:tijdstipRegistratie>
                        <brp:actieInhoud>*</brp:actieInhoud>
                        <brp:datumAanvangGeldigheid>1976-10-30</brp:datumAanvangGeldigheid>
                        <brp:volgnummer>1</brp:volgnummer>
                        <brp:predicaatCode>J</brp:predicaatCode>
                        <brp:voorvoegsel>van</brp:voorvoegsel>
                        <brp:scheidingsteken></brp:scheidingsteken>
                        <brp:stam>Gastel</brp:stam>
                    </brp:geslachtsnaamcomponent>
                </brp:geslachtsnaamcomponenten>
                <brp:naamgebruik brp:voorkomenSleutel="*">
                    <brp:tijdstipRegistratie>*</brp:tijdstipRegistratie>
                    <brp:actieInhoud>*</brp:actieInhoud>
                    <brp:code>E</brp:code>
                    <brp:predicaatCode>J</brp:predicaatCode>
                    <brp:voornamen>Johnny</brp:voornamen>
                    <brp:voorvoegsel>van</brp:voorvoegsel>
                    <brp:scheidingsteken></brp:scheidingsteken>
                    <brp:geslachtsnaamstam>Gastel</brp:geslachtsnaamstam>
                </brp:naamgebruik>
                <brp:adressen>
                    <brp:adres brp:voorkomenSleutel="*" brp:objectSleutel="*" brp:objecttype="PersoonAdres">
                        <brp:tijdstipRegistratie>*</brp:tijdstipRegistratie>
                        <brp:actieInhoud>*</brp:actieInhoud>
                        <brp:datumAanvangGeldigheid>1976-10-30</brp:datumAanvangGeldigheid>
                        <brp:soortCode>W</brp:soortCode>
                        <brp:redenWijzigingCode>A</brp:redenWijzigingCode>
                        <brp:datumAanvangAdreshouding>1976-10-30</brp:datumAanvangAdreshouding>
                        <brp:gemeenteCode>0599</brp:gemeenteCode>
                        <brp:afgekorteNaamOpenbareRuimte>.</brp:afgekorteNaamOpenbareRuimte>
                        <brp:gemeentedeel>0599</brp:gemeentedeel>
                        <brp:landGebiedCode>6030</brp:landGebiedCode>
                    </brp:adres>
                </brp:adressen>
                <brp:nationaliteiten>
                    <brp:nationaliteit brp:voorkomenSleutel="*" brp:objectSleutel="*" brp:objecttype="PersoonNationaliteit">
                        <brp:tijdstipRegistratie>*</brp:tijdstipRegistratie>
                        <brp:actieInhoud>*</brp:actieInhoud>
                        <brp:datumAanvangGeldigheid>1976-10-30</brp:datumAanvangGeldigheid>
                        <brp:nationaliteitCode>0001</brp:nationaliteitCode>
                        <brp:redenVerkrijgingCode>020</brp:redenVerkrijgingCode>
                    </brp:nationaliteit>
                </brp:nationaliteiten>
                <brp:indicaties>
                    <brp:volledigeVerstrekkingsbeperking brp:voorkomenSleutel="*" brp:objectSleutel="*" brp:objecttype="PersoonIndicatie">
                        <brp:tijdstipRegistratie>*</brp:tijdstipRegistratie>
                        <brp:actieInhoud>*</brp:actieInhoud>
                        <brp:waarde>J</brp:waarde>
                    </brp:volledigeVerstrekkingsbeperking>
                </brp:indicaties>
                <brp:betrokkenheden>
                    <brp:kind brp:objectSleutel="*" brp:objecttype="Betrokkenheid" brp:voorkomenSleutel="*">
                        <brp:tijdstipRegistratie>*</brp:tijdstipRegistratie>
                        <brp:actieInhoud>*</brp:actieInhoud>
                        <brp:familierechtelijkeBetrekking brp:objectSleutel="*" brp:objecttype="Relatie">
                            <brp:relatie brp:voorkomenSleutel="*">
                                <brp:tijdstipRegistratie>*</brp:tijdstipRegistratie>
                                <brp:actieInhoud>*</brp:actieInhoud>
                            </brp:relatie>
                            <brp:betrokkenheden>
                                <brp:ouder brp:objectSleutel="*" brp:objecttype="Betrokkenheid" brp:voorkomenSleutel="*">
                                    <brp:tijdstipRegistratie>*</brp:tijdstipRegistratie>
                                    <brp:actieInhoud>*</brp:actieInhoud>
                                    <brp:persoon brp:objectSleutel="*" brp:objecttype="Persoon">
                                        <brp:soortCode>P</brp:soortCode>
                                        <brp:identificatienummers brp:voorkomenSleutel="*">
                                            <brp:tijdstipRegistratie>*</brp:tijdstipRegistratie>
                                            <brp:actieInhoud>*</brp:actieInhoud>
                                            <brp:datumAanvangGeldigheid>1976-10-30</brp:datumAanvangGeldigheid>
                                            <brp:burgerservicenummer>742966409</brp:burgerservicenummer>
                                            <brp:administratienummer>3460618529</brp:administratienummer>
                                        </brp:identificatienummers>
                                        <brp:samengesteldeNaam brp:voorkomenSleutel="*">
                                            <brp:tijdstipRegistratie>*</brp:tijdstipRegistratie>
                                            <brp:actieInhoud>*</brp:actieInhoud>
                                            <brp:datumAanvangGeldigheid>1976-10-30</brp:datumAanvangGeldigheid>
                                            <brp:indicatieNamenreeks>N</brp:indicatieNamenreeks>
                                            <brp:predicaatCode>J</brp:predicaatCode>
                                            <brp:voornamen>Johanna</brp:voornamen>
                                            <brp:geslachtsnaamstam>Post</brp:geslachtsnaamstam>
                                        </brp:samengesteldeNaam>
                                        <brp:geboorte brp:voorkomenSleutel="*">
                                            <brp:tijdstipRegistratie>*</brp:tijdstipRegistratie>
                                            <brp:actieInhoud>*</brp:actieInhoud>
                                            <brp:datum>1949-02-02</brp:datum>
                                            <brp:gemeenteCode>1900</brp:gemeenteCode>
                                            <brp:landGebiedCode>6030</brp:landGebiedCode>
                                        </brp:geboorte>
                                        <brp:geslachtsaanduiding brp:voorkomenSleutel="*">
                                            <brp:tijdstipRegistratie>*</brp:tijdstipRegistratie>
                                            <brp:actieInhoud>*</brp:actieInhoud>
                                            <brp:datumAanvangGeldigheid>1976-10-30</brp:datumAanvangGeldigheid>
                                            <brp:code>V</brp:code>
                                        </brp:geslachtsaanduiding>
                                    </brp:persoon>
                                    <brp:ouderschap brp:voorkomenSleutel="*">
                                        <brp:tijdstipRegistratie>*</brp:tijdstipRegistratie>
                                        <brp:actieInhoud>*</brp:actieInhoud>
                                        <brp:datumAanvangGeldigheid>1976-10-30</brp:datumAanvangGeldigheid>
                                    </brp:ouderschap>
                                </brp:ouder>
                                <brp:ouder brp:objectSleutel="*" brp:objecttype="Betrokkenheid" brp:voorkomenSleutel="*">
                                    <brp:tijdstipRegistratie>*</brp:tijdstipRegistratie>
                                    <brp:actieInhoud>*</brp:actieInhoud>
                                    <brp:persoon brp:objectSleutel="*" brp:objecttype="Persoon">
                                        <brp:soortCode>P</brp:soortCode>
                                        <brp:identificatienummers brp:voorkomenSleutel="*">
                                            <brp:tijdstipRegistratie>*</brp:tijdstipRegistratie>
                                            <brp:actieInhoud>*</brp:actieInhoud>
                                            <brp:datumAanvangGeldigheid>1976-10-30</brp:datumAanvangGeldigheid>
                                            <brp:burgerservicenummer>676390857</brp:burgerservicenummer>
                                            <brp:administratienummer>2953267361</brp:administratienummer>
                                        </brp:identificatienummers>
                                        <brp:samengesteldeNaam brp:voorkomenSleutel="*">
                                            <brp:tijdstipRegistratie>*</brp:tijdstipRegistratie>
                                            <brp:actieInhoud>*</brp:actieInhoud>
                                            <brp:datumAanvangGeldigheid>1976-10-30</brp:datumAanvangGeldigheid>
                                            <brp:indicatieNamenreeks>N</brp:indicatieNamenreeks>
                                            <brp:predicaatCode>J</brp:predicaatCode>
                                            <brp:voornamen>Mario</brp:voornamen>
                                            <brp:voorvoegsel>van</brp:voorvoegsel>
                                            <brp:scheidingsteken></brp:scheidingsteken>
                                            <brp:geslachtsnaamstam>Gastel</brp:geslachtsnaamstam>
                                        </brp:samengesteldeNaam>
                                        <brp:geboorte brp:voorkomenSleutel="*">
                                            <brp:tijdstipRegistratie>*</brp:tijdstipRegistratie>
                                            <brp:actieInhoud>*</brp:actieInhoud>
                                            <brp:datum>1951-01-01</brp:datum>
                                            <brp:gemeenteCode>1901</brp:gemeenteCode>
                                            <brp:landGebiedCode>6030</brp:landGebiedCode>
                                        </brp:geboorte>
                                        <brp:geslachtsaanduiding brp:voorkomenSleutel="*">
                                            <brp:tijdstipRegistratie>*</brp:tijdstipRegistratie>
                                            <brp:actieInhoud>*</brp:actieInhoud>
                                            <brp:datumAanvangGeldigheid>1976-10-30</brp:datumAanvangGeldigheid>
                                            <brp:code>M</brp:code>
                                        </brp:geslachtsaanduiding>
                                    </brp:persoon>
                                    <brp:ouderschap brp:voorkomenSleutel="*">
                                        <brp:tijdstipRegistratie>*</brp:tijdstipRegistratie>
                                        <brp:actieInhoud>*</brp:actieInhoud>
                                        <brp:datumAanvangGeldigheid>1976-10-30</brp:datumAanvangGeldigheid>
                                    </brp:ouderschap>
                                </brp:ouder>
                            </brp:betrokkenheden>
                        </brp:familierechtelijkeBetrekking>
                    </brp:kind>
                    <brp:ouder brp:objectSleutel="*" brp:objecttype="Betrokkenheid" brp:voorkomenSleutel="*">
                        <brp:tijdstipRegistratie>*</brp:tijdstipRegistratie>
                        <brp:actieInhoud>*</brp:actieInhoud>
                        <brp:familierechtelijkeBetrekking brp:objectSleutel="*" brp:objecttype="Relatie">
                            <brp:relatie brp:voorkomenSleutel="*">
                                <brp:tijdstipRegistratie>*</brp:tijdstipRegistratie>
                                <brp:actieInhoud>*</brp:actieInhoud>
                            </brp:relatie>
                            <brp:betrokkenheden>
                                <brp:kind brp:objectSleutel="*" brp:objecttype="Betrokkenheid" brp:voorkomenSleutel="*">
                                    <brp:tijdstipRegistratie>*</brp:tijdstipRegistratie>
                                    <brp:actieInhoud>*</brp:actieInhoud>
                                    <brp:persoon brp:objectSleutel="*" brp:objecttype="Persoon">
                                        <brp:soortCode>P</brp:soortCode>
                                        <brp:identificatienummers brp:voorkomenSleutel="*">
                                            <brp:tijdstipRegistratie>*</brp:tijdstipRegistratie>
                                            <brp:actieInhoud>*</brp:actieInhoud>
                                            <brp:datumAanvangGeldigheid>2011-09-14</brp:datumAanvangGeldigheid>
                                            <brp:burgerservicenummer>266186841</brp:burgerservicenummer>
                                            <brp:administratienummer>2015742561</brp:administratienummer>
                                        </brp:identificatienummers>
                                        <brp:samengesteldeNaam brp:voorkomenSleutel="*">
                                            <brp:tijdstipRegistratie>*</brp:tijdstipRegistratie>
                                            <brp:actieInhoud>*</brp:actieInhoud>
                                            <brp:datumAanvangGeldigheid>2011-09-14</brp:datumAanvangGeldigheid>
                                            <brp:indicatieNamenreeks>N</brp:indicatieNamenreeks>
                                            <brp:voornamen>Cherry Ann</brp:voornamen>
                                            <brp:voorvoegsel>van</brp:voorvoegsel>
                                            <brp:scheidingsteken></brp:scheidingsteken>
                                            <brp:geslachtsnaamstam>Gastel</brp:geslachtsnaamstam>
                                        </brp:samengesteldeNaam>
                                        <brp:geboorte brp:voorkomenSleutel="*">
                                            <brp:tijdstipRegistratie>*</brp:tijdstipRegistratie>
                                            <brp:actieInhoud>*</brp:actieInhoud>
                                            <brp:datum>2011-09-14</brp:datum>
                                            <brp:gemeenteCode>0736</brp:gemeenteCode>
                                            <brp:landGebiedCode>6030</brp:landGebiedCode>
                                        </brp:geboorte>
                                    </brp:persoon>
                                </brp:kind>
                            </brp:betrokkenheden>
                        </brp:familierechtelijkeBetrekking>
                        <brp:ouderschap brp:voorkomenSleutel="*">
                            <brp:tijdstipRegistratie>*</brp:tijdstipRegistratie>
                            <brp:actieInhoud>*</brp:actieInhoud>
                            <brp:datumAanvangGeldigheid>2011-09-14</brp:datumAanvangGeldigheid>
                        </brp:ouderschap>
                    </brp:ouder>
                    <brp:partner brp:objectSleutel="*" brp:objecttype="Betrokkenheid" brp:voorkomenSleutel="*">
                        <brp:tijdstipRegistratie>*</brp:tijdstipRegistratie>
                        <brp:actieInhoud>*</brp:actieInhoud>
                        <brp:huwelijk brp:objectSleutel="*" brp:objecttype="Relatie">
                            <brp:relatie brp:voorkomenSleutel="*">
                                <brp:tijdstipRegistratie>*</brp:tijdstipRegistratie>
                                <brp:actieInhoud>*</brp:actieInhoud>
                                <brp:datumAanvang>2006-03-30</brp:datumAanvang>
                                <brp:gemeenteAanvangCode>1901</brp:gemeenteAanvangCode>
                                <brp:landGebiedAanvangCode>6030</brp:landGebiedAanvangCode>
                                <brp:redenEindeCode>S</brp:redenEindeCode>
                                <brp:datumEinde>2008-03-30</brp:datumEinde>
                                <brp:gemeenteEindeCode>1901</brp:gemeenteEindeCode>
                                <brp:landGebiedEindeCode>6030</brp:landGebiedEindeCode>
                            </brp:relatie>
                            <brp:relatie brp:voorkomenSleutel="*">
                                <brp:tijdstipRegistratie>*</brp:tijdstipRegistratie>
                                <brp:actieInhoud>*</brp:actieInhoud>
                                <brp:tijdstipVerval>*</brp:tijdstipVerval>
                                <brp:actieVerval>*</brp:actieVerval>
                                <brp:datumAanvang>2006-03-30</brp:datumAanvang>
                                <brp:gemeenteAanvangCode>1901</brp:gemeenteAanvangCode>
                                <brp:landGebiedAanvangCode>6030</brp:landGebiedAanvangCode>
                            </brp:relatie>
                            <brp:betrokkenheden>
                                <brp:partner brp:objectSleutel="*" brp:objecttype="Betrokkenheid" brp:voorkomenSleutel="*">
                                    <brp:tijdstipRegistratie>*</brp:tijdstipRegistratie>
                                    <brp:actieInhoud>*</brp:actieInhoud>
                                    <brp:persoon brp:objectSleutel="*" brp:objecttype="Persoon">
                                        <brp:soortCode>P</brp:soortCode>
                                        <brp:identificatienummers brp:voorkomenSleutel="*">
                                            <brp:tijdstipRegistratie>*</brp:tijdstipRegistratie>
                                            <brp:actieInhoud>*</brp:actieInhoud>
                                            <brp:datumAanvangGeldigheid>2009-03-30</brp:datumAanvangGeldigheid>
                                            <brp:burgerservicenummer>646633545</brp:burgerservicenummer>
                                            <brp:administratienummer>5909184289</brp:administratienummer>
                                        </brp:identificatienummers>
                                        <brp:samengesteldeNaam brp:voorkomenSleutel="*">
                                            <brp:tijdstipRegistratie>*</brp:tijdstipRegistratie>
                                            <brp:actieInhoud>*</brp:actieInhoud>
                                            <brp:datumAanvangGeldigheid>2009-03-30</brp:datumAanvangGeldigheid>
                                            <brp:indicatieNamenreeks>N</brp:indicatieNamenreeks>
                                            <brp:predicaatCode>J</brp:predicaatCode>
                                            <brp:voornamen>Lindy Marianne Ginny</brp:voornamen>
                                            <brp:voorvoegsel>van der</brp:voorvoegsel>
                                            <brp:scheidingsteken></brp:scheidingsteken>
                                            <brp:geslachtsnaamstam>Graaff</brp:geslachtsnaamstam>
                                        </brp:samengesteldeNaam>
                                        <brp:geboorte brp:voorkomenSleutel="*">
                                            <brp:tijdstipRegistratie>*</brp:tijdstipRegistratie>
                                            <brp:actieInhoud>*</brp:actieInhoud>
                                            <brp:datum>1977-10-10</brp:datum>
                                            <brp:gemeenteCode>0599</brp:gemeenteCode>
                                            <brp:landGebiedCode>6030</brp:landGebiedCode>
                                        </brp:geboorte>
                                        <brp:geslachtsaanduiding brp:voorkomenSleutel="*">
                                            <brp:tijdstipRegistratie>*</brp:tijdstipRegistratie>
                                            <brp:actieInhoud>*</brp:actieInhoud>
                                            <brp:datumAanvangGeldigheid>2009-03-30</brp:datumAanvangGeldigheid>
                                            <brp:code>V</brp:code>
                                        </brp:geslachtsaanduiding>
                                    </brp:persoon>
                                </brp:partner>
                            </brp:betrokkenheden>
                        </brp:huwelijk>
                    </brp:partner>
                </brp:betrokkenheden>
                <brp:persoonskaart brp:voorkomenSleutel="*">
                    <brp:tijdstipRegistratie>*</brp:tijdstipRegistratie>
                    <brp:actieInhoud>*</brp:actieInhoud>
                    <brp:indicatieVolledigGeconverteerd>N</brp:indicatieVolledigGeconverteerd>
                </brp:persoonskaart>
                <brp:administratieveHandelingen>
                    <brp:administratieveHandeling brp:objecttype="AdministratieveHandeling" brp:objectSleutel="*">
                        <brp:soortNaam>GBA - Bijhouding overig</brp:soortNaam>
                        <brp:categorieNaam>GBA - Synchronisatie</brp:categorieNaam>
                        <brp:partijCode>199902</brp:partijCode>
                        <brp:tijdstipRegistratie>*</brp:tijdstipRegistratie>
                        <brp:bijgehoudenActies>
                            <brp:actie brp:objecttype="Actie" brp:objectSleutel="*">
                                <brp:soortNaam>Conversie GBA</brp:soortNaam>
                                <brp:partijCode>*</brp:partijCode>
                            </brp:actie>
                        </brp:bijgehoudenActies>
                    </brp:administratieveHandeling>
                    <brp:administratieveHandeling brp:objecttype="AdministratieveHandeling" brp:objectSleutel="*">
                        <brp:soortNaam>GBA - Initiële vulling</brp:soortNaam>
                        <brp:categorieNaam>GBA - Initiële vulling</brp:categorieNaam>
                        <brp:partijCode>199902</brp:partijCode>
                        <brp:tijdstipRegistratie>*</brp:tijdstipRegistratie>
                        <brp:bronnen>
                            <brp:bron brp:objecttype="AdministratieveHandelingBron" brp:communicatieID="*">
                                <brp:document brp:objecttype="Document" brp:objectSleutel="*" brp:voorkomenSleutel="*">
                                    <brp:soortNaam>Historie conversie</brp:soortNaam>
                                    <brp:aktenummer>1 A8343</brp:aktenummer>
                                    <brp:partijCode>073601</brp:partijCode>
                                </brp:document>
                            </brp:bron>
                            <brp:bron brp:objecttype="AdministratieveHandelingBron" brp:communicatieID="*">
                                <brp:document brp:objecttype="Document" brp:objectSleutel="*" brp:voorkomenSleutel="*">
                                    <brp:soortNaam>Historie conversie</brp:soortNaam>
                                    <brp:aktenummer>3 B9234</brp:aktenummer>
                                    <brp:partijCode>190101</brp:partijCode>
                                </brp:document>
                            </brp:bron>
                            <brp:bron brp:objecttype="AdministratieveHandelingBron" brp:communicatieID="*">
                                <brp:document brp:objecttype="Document" brp:objectSleutel="*" brp:voorkomenSleutel="*">
                                    <brp:soortNaam>Historie conversie</brp:soortNaam>
                                    <brp:aktenummer>3 B9234</brp:aktenummer>
                                    <brp:partijCode>190101</brp:partijCode>
                                </brp:document>
                            </brp:bron>
                            <brp:bron brp:objecttype="AdministratieveHandelingBron" brp:communicatieID="*">
                                <brp:document brp:objecttype="Document" brp:objectSleutel="*" brp:voorkomenSleutel="*">
                                    <brp:soortNaam>Historie conversie</brp:soortNaam>
                                    <brp:aktenummer>3 A9234</brp:aktenummer>
                                    <brp:partijCode>190101</brp:partijCode>
                                </brp:document>
                            </brp:bron>
                            <brp:bron brp:objecttype="AdministratieveHandelingBron" brp:communicatieID="*">
                                <brp:document brp:objecttype="Document" brp:objectSleutel="*" brp:voorkomenSleutel="*">
                                    <brp:soortNaam>Historie conversie</brp:soortNaam>
                                    <brp:aktenummer>1 A8934</brp:aktenummer>
                                    <brp:partijCode>190101</brp:partijCode>
                                </brp:document>
                            </brp:bron>
                            <brp:bron brp:objecttype="AdministratieveHandelingBron" brp:communicatieID="*">
                                <brp:document brp:objecttype="Document" brp:objectSleutel="*" brp:voorkomenSleutel="*">
                                    <brp:soortNaam>Historie conversie</brp:soortNaam>
                                    <brp:aktenummer>1 A8934</brp:aktenummer>
                                    <brp:partijCode>190101</brp:partijCode>
                                </brp:document>
                            </brp:bron>
                            <brp:bron brp:objecttype="AdministratieveHandelingBron" brp:communicatieID="*">
                                <brp:document brp:objecttype="Document" brp:objectSleutel="*" brp:voorkomenSleutel="*">
                                    <brp:soortNaam>Historie conversie</brp:soortNaam>
                                    <brp:aktenummer>1 A8934</brp:aktenummer>
                                    <brp:partijCode>190101</brp:partijCode>
                                </brp:document>
                            </brp:bron>
                        </brp:bronnen>
                        <brp:bijgehoudenActies>
                            <brp:actie brp:objecttype="Actie" brp:objectSleutel="*">
                                <brp:soortNaam>Conversie GBA</brp:soortNaam>
                                <brp:partijCode>*</brp:partijCode>
                                <brp:bronnen>
                                    <brp:bron brp:objecttype="ActieBron" brp:objectSleutel="*" brp:referentieID="*"/>
                                </brp:bronnen>
                            </brp:actie>
                            <brp:actie brp:objecttype="Actie" brp:objectSleutel="*">
                                <brp:soortNaam>Conversie GBA</brp:soortNaam>
                                <brp:partijCode>*</brp:partijCode>
                                <brp:bronnen>
                                    <brp:bron brp:objecttype="ActieBron" brp:objectSleutel="*" brp:referentieID="*"/>
                                </brp:bronnen>
                            </brp:actie>
                            <brp:actie brp:objecttype="Actie" brp:objectSleutel="*">
                                <brp:soortNaam>Conversie GBA</brp:soortNaam>
                                <brp:partijCode>*</brp:partijCode>
                                <brp:bronnen>
                                    <brp:bron brp:objecttype="ActieBron" brp:objectSleutel="*" brp:referentieID="*"/>
                                </brp:bronnen>
                            </brp:actie>
                            <brp:actie brp:objecttype="Actie" brp:objectSleutel="*">
                                <brp:soortNaam>Conversie GBA</brp:soortNaam>
                                <brp:partijCode>*</brp:partijCode>
                                <brp:bronnen>
                                    <brp:bron brp:objecttype="ActieBron" brp:objectSleutel="*" brp:referentieID="*"/>
                                </brp:bronnen>
                            </brp:actie>
                            <brp:actie brp:objecttype="Actie" brp:objectSleutel="*">
                                <brp:soortNaam>Conversie GBA</brp:soortNaam>
                                <brp:partijCode>*</brp:partijCode>
                                <brp:bronnen>
                                    <brp:bron brp:objecttype="ActieBron" brp:objectSleutel="*" brp:referentieID="*"/>
                                </brp:bronnen>
                            </brp:actie>
                            <brp:actie brp:objecttype="Actie" brp:objectSleutel="*">
                                <brp:soortNaam>Conversie GBA</brp:soortNaam>
                                <brp:partijCode>*</brp:partijCode>
                            </brp:actie>
                            <brp:actie brp:objecttype="Actie" brp:objectSleutel="*">
                                <brp:soortNaam>Conversie GBA</brp:soortNaam>
                                <brp:partijCode>*</brp:partijCode>
                            </brp:actie>
                            <brp:actie brp:objecttype="Actie" brp:objectSleutel="*">
                                <brp:soortNaam>Conversie GBA</brp:soortNaam>
                                <brp:partijCode>*</brp:partijCode>
                                <brp:bronnen>
                                    <brp:bron brp:objecttype="ActieBron" brp:objectSleutel="*" brp:referentieID="*"/>
                                </brp:bronnen>
                            </brp:actie>
                            <brp:actie brp:objecttype="Actie" brp:objectSleutel="*">
                                <brp:soortNaam>Conversie GBA</brp:soortNaam>
                                <brp:partijCode>*</brp:partijCode>
                                <brp:bronnen>
                                    <brp:bron brp:objecttype="ActieBron" brp:objectSleutel="*" brp:referentieID="*"/>
                                </brp:bronnen>
                            </brp:actie>
                            <brp:actie brp:objecttype="Actie" brp:objectSleutel="*">
                                <brp:soortNaam>Conversie GBA</brp:soortNaam>
                                <brp:partijCode>*</brp:partijCode>
                            </brp:actie>
                        </brp:bijgehoudenActies>
                    </brp:administratieveHandeling>
                </brp:administratieveHandelingen>
            </brp:persoon>
        </brp:bijgehoudenPersonen>
    </brp:synchronisatie>
</brp:lvg_synVerwerkPersoon>
