<brp:bhg_vbaRegistreerVerblijfsrecht_R xmlns:brp="http://www.bzk.nl/brp/brp0200">
    <brp:stuurgegevens>
        <brp:zendendePartij>199901</brp:zendendePartij>
        <brp:zendendeSysteem>BRP</brp:zendendeSysteem>
        <brp:referentienummer>*</brp:referentienummer>
        <brp:crossReferentienummer>00000000-0000-0000-0042-200000000104</brp:crossReferentienummer>
        <brp:tijdstipVerzending>*</brp:tijdstipVerzending>
    </brp:stuurgegevens>
    <brp:resultaat>
        <brp:verwerking>Geslaagd</brp:verwerking>
        <brp:bijhouding>Verwerkt</brp:bijhouding>
        <brp:hoogsteMeldingsniveau>Geen</brp:hoogsteMeldingsniveau>
    </brp:resultaat>
    <brp:wijzigingVerblijfsrecht brp:objecttype="AdministratieveHandeling">
        <brp:partijCode>507013</brp:partijCode>
        <brp:tijdstipRegistratie>*</brp:tijdstipRegistratie>
        <brp:gedeblokkeerdeMeldingen>
            <brp:gedeblokkeerdeMelding brp:objecttype="GedeblokkeerdeMelding" brp:referentieID="comid.deblok.melding1">
                <brp:regelCode>R2493</brp:regelCode>
                <brp:melding>*</brp:melding>
            </brp:gedeblokkeerdeMelding>
        </brp:gedeblokkeerdeMeldingen>
        <brp:bijgehoudenPersonen>
            <brp:persoon brp:objecttype="Persoon">
                <brp:identificatienummers>
                    <brp:burgerservicenummer>807858249</brp:burgerservicenummer>
                </brp:identificatienummers>
            </brp:persoon>
        </brp:bijgehoudenPersonen>
        <brp:bijhoudingsplan brp:objecttype="Bijhoudingsplan">
            <brp:bijhoudingsvoorstelPartijCode>507013</brp:bijhoudingsvoorstelPartijCode>
            <brp:bijhoudingsplanPersonen>
                <brp:bijhoudingsplanPersoon brp:objecttype="BijhoudingsplanPersoon">
                    <brp:persoon brp:objecttype="Persoon">
                        <brp:afgeleidAdministratief>
                            <brp:tijdstipLaatsteWijziging>*</brp:tijdstipLaatsteWijziging>
                        </brp:afgeleidAdministratief>
                        <brp:identificatienummers>
                            <brp:burgerservicenummer>807858249</brp:burgerservicenummer>
                        </brp:identificatienummers>
                        <brp:bijhouding>
                            <brp:partijCode>507013</brp:partijCode>
                        </brp:bijhouding>
                    </brp:persoon>
                    <brp:situatieNaam>Indiener is bijhoudingspartij</brp:situatieNaam>
                </brp:bijhoudingsplanPersoon>
            </brp:bijhoudingsplanPersonen>
        </brp:bijhoudingsplan>
    </brp:wijzigingVerblijfsrecht>
</brp:bhg_vbaRegistreerVerblijfsrecht_R>
