<brp:bhg_hgpRegistreerHuwelijkGeregistreerdPartnerschap_R xmlns:brp="http://www.bzk.nl/brp/brp0200">
   <brp:stuurgegevens>
      <brp:zendendePartij>199901</brp:zendendePartij>
      <brp:zendendeSysteem>BRP</brp:zendendeSysteem>
      <brp:referentienummer>*</brp:referentienummer>
      <brp:crossReferentienummer>00000000-0000-0000-0042-200000000104</brp:crossReferentienummer>
      <brp:tijdstipVerzending>*</brp:tijdstipVerzending>
   </brp:stuurgegevens>
   <brp:resultaat>
      <brp:verwerking>Foutief</brp:verwerking>
      <brp:hoogsteMeldingsniveau>Fout</brp:hoogsteMeldingsniveau>
   </brp:resultaat>
   <brp:meldingen>
      <brp:melding brp:objecttype="Melding" brp:referentieID="comid.voltrekkingHuwelijkInNederland">
         <brp:regelCode>R2413</brp:regelCode>
         <brp:soortNaam>Fout</brp:soortNaam>
         <brp:melding>*</brp:melding>
      </brp:melding>
   </brp:meldingen>
   <brp:voltrekkingHuwelijkInNederland brp:objecttype="AdministratieveHandeling">
      <brp:partijCode>507013</brp:partijCode>
      <brp:tijdstipRegistratie>*</brp:tijdstipRegistratie>
      <brp:gedeblokkeerdeMeldingen>
         <brp:gedeblokkeerdeMelding brp:objecttype="GedeblokkeerdeMelding" brp:referentieID="comid.voltrekkingHuwelijkInNederland.melding1">
            <brp:regelCode>R1867</brp:regelCode>
            <brp:melding>Een persoon die als partner bij een te registreren huwelijk of geregistreerd partnerschap is betrokken staat onder curatele.</brp:melding>
         </brp:gedeblokkeerdeMelding>
      </brp:gedeblokkeerdeMeldingen>
   </brp:voltrekkingHuwelijkInNederland>
</brp:bhg_hgpRegistreerHuwelijkGeregistreerdPartnerschap_R>
