<?xml version="1.0" encoding="UTF-8"?><brp:bhg_hgpRegistreerHuwelijkGeregistreerdPartnerschap_R xmlns:brp="http://www.bzk.nl/brp/brp0200" xmlns:xsi="http://www.w3.org/2001/XMLSchema-instance">
   <brp:stuurgegevens>
      <brp:zendendePartij>199901</brp:zendendePartij>
      <brp:zendendeSysteem>BRP</brp:zendendeSysteem>
      <brp:referentienummer>*</brp:referentienummer>
      <brp:crossReferentienummer>00000000-0000-0000-0042-200000000104</brp:crossReferentienummer>
      <brp:tijdstipVerzending>*</brp:tijdstipVerzending>
   </brp:stuurgegevens>
   <brp:resultaat>
      <brp:verwerking>Geslaagd</brp:verwerking>
      <brp:bijhouding>Verwerkt</brp:bijhouding>
      <brp:hoogsteMeldingsniveau>Geen</brp:hoogsteMeldingsniveau>
   </brp:resultaat>
   <brp:voltrekkingHuwelijkInNederland brp:objecttype="AdministratieveHandeling">
      <brp:partijCode>507013</brp:partijCode>
      <brp:tijdstipRegistratie>*</brp:tijdstipRegistratie>
      <brp:bijgehoudenPersonen>*</brp:bijgehoudenPersonen>
        <brp:bijhoudingsplan brp:objecttype="Bijhoudingsplan">*</brp:bijhoudingsplan>
   </brp:voltrekkingHuwelijkInNederland>
</brp:bhg_hgpRegistreerHuwelijkGeregistreerdPartnerschap_R>
