cvc-complex-type.2.4.b: The content of element 'brp:geboorte' is not complete. One of '{"http://www.bzk.nl/brp/brp0200":buitenlandsePlaats, "http://www.bzk.nl/brp/brp0200":buitenlandseRegio, "http://www.bzk.nl/brp/brp0200":omschrijvingLocatie, "http://www.bzk.nl/brp/brp0200":landGebiedCode}' is expected.