cvc-enumeration-valid: Value 'X' is not facet-valid with respect to enumeration '[M, V, O]'. It must be a value from the enumeration.