<?xml version="1.0" encoding="UTF-8"?><soap:Body xmlns:soap="http://schemas.xmlsoap.org/soap/envelope/" xmlns:wsu="http://docs.oasis-open.org/wss/2004/01/oasis-200401-wss-wssecurity-utility-1.0.xsd" wsu:Id="id-71c16c55-4444-4d3f-b46c-199dc96ecc32">
   <brp:bhg_hgpRegistreerHuwelijkGeregistreerdPartnerschap_R xmlns:brp="http://www.bzk.nl/brp/brp0200">
      <brp:stuurgegevens>
         <brp:zendendePartij>199901</brp:zendendePartij>
         <brp:zendendeSysteem>BRP</brp:zendendeSysteem>
         <brp:referentienummer>*</brp:referentienummer>
         <brp:crossReferentienummer>00000000-0000-0000-0042-200000000104</brp:crossReferentienummer>
         <brp:tijdstipVerzending>*</brp:tijdstipVerzending>
      </brp:stuurgegevens>
      <brp:resultaat>
         <brp:verwerking>Foutief</brp:verwerking>
         <brp:hoogsteMeldingsniveau>Deblokkeerbaar</brp:hoogsteMeldingsniveau>
      </brp:resultaat>
      <brp:meldingen>
         <brp:melding brp:objecttype="Melding" brp:referentieID="comid.voltrekkingHuwelijkInNederland.registratieAanvangHGP">
            <brp:regelCode>R1579</brp:regelCode>
            <brp:soortNaam>Deblokkeerbaar</brp:soortNaam>
            <brp:melding>*</brp:melding>
         </brp:melding>
         <brp:melding brp:objecttype="Melding" brp:referentieID="comid.voltrekkingHuwelijkInNederland.registratieAanvangHGP">
            <brp:regelCode>R1579</brp:regelCode>
            <brp:soortNaam>Deblokkeerbaar</brp:soortNaam>
            <brp:melding>*</brp:melding>
         </brp:melding>
      </brp:meldingen>
      <brp:voltrekkingHuwelijkInNederland brp:objecttype="AdministratieveHandeling">
         <brp:partijCode>507013</brp:partijCode>
         <brp:tijdstipRegistratie>*</brp:tijdstipRegistratie>
      </brp:voltrekkingHuwelijkInNederland>
   </brp:bhg_hgpRegistreerHuwelijkGeregistreerdPartnerschap_R>
</soap:Body>
