<?xml version="1.0" encoding="UTF-8"?><brp:bhg_hgpRegistreerHuwelijkGeregistreerdPartnerschap_R xmlns:brp="http://www.bzk.nl/brp/brp0200">
    <brp:stuurgegevens>
        <brp:zendendePartij>199901</brp:zendendePartij>
        <brp:zendendeSysteem>BRP</brp:zendendeSysteem>
      <brp:referentienummer>*</brp:referentienummer>
        <brp:crossReferentienummer>00000000-0000-0000-0042-200000000104</brp:crossReferentienummer>
      <brp:tijdstipVerzending>*</brp:tijdstipVerzending>
    </brp:stuurgegevens>
    <brp:resultaat>
        <brp:verwerking>Foutief</brp:verwerking>
        <brp:hoogsteMeldingsniveau>Fout</brp:hoogsteMeldingsniveau>
    </brp:resultaat>
    <brp:meldingen>
        <brp:melding brp:objecttype="Melding" brp:referentieID="comid.voltrekkingHuwelijkInNederland.partner2.persoon.geboorte">
            <brp:regelCode>R2177</brp:regelCode>
            <brp:soortNaam>Fout</brp:soortNaam>
            <brp:melding>Datum geboorte mag niet in de toekomst liggen.</brp:melding>
        </brp:melding>
    </brp:meldingen>
    <brp:voltrekkingHuwelijkInNederland brp:objecttype="AdministratieveHandeling">
        <brp:partijCode>507013</brp:partijCode>
      <brp:tijdstipRegistratie>*</brp:tijdstipRegistratie>
    </brp:voltrekkingHuwelijkInNederland>
</brp:bhg_hgpRegistreerHuwelijkGeregistreerdPartnerschap_R>
