cvc-pattern-valid: Value '01.01.1980' is not facet-valid with respect to pattern '[0-9]{4}(-(0[1-9]{1}|1[0-2]{1})(-(0[1-9]{1}|[1-2]{1}[0-9]{1}|3[0-1]{1}))?)?' for type 'DatumMetOnzekerheid-s'.