cvc-minLength-valid: Value '37323021' with length = '8' is not facet-valid with respect to minLength '9' for type 'Burgerservicenummer-s'.