<?xml version="1.0" encoding="UTF-8"?><brp:bhg_hgpRegistreerHuwelijkGeregistreerdPartnerschap_R xmlns:brp="http://www.bzk.nl/brp/brp0200">&#13;
   <brp:stuurgegevens>&#13;
      <brp:zendendePartij>199901</brp:zendendePartij>&#13;
      <brp:zendendeSysteem>BRP</brp:zendendeSysteem>&#13;
      <brp:referentienummer>*</brp:referentienummer>&#13;
      <brp:crossReferentienummer>00000000-0000-0000-0042-200000000104</brp:crossReferentienummer>&#13;
      <brp:tijdstipVerzending>*</brp:tijdstipVerzending>&#13;
   </brp:stuurgegevens>&#13;
   <brp:resultaat>&#13;
      <brp:verwerking>Foutief</brp:verwerking>&#13;
      <brp:hoogsteMeldingsniveau>Deblokkeerbaar</brp:hoogsteMeldingsniveau>&#13;
   </brp:resultaat>&#13;
   <brp:meldingen>&#13;
      <brp:melding brp:objecttype="Melding" brp:referentieID="comid.voltrekkingHuwelijkInNederland.registratieAanvangHGP.bron1">&#13;
         <brp:regelCode>R1606</brp:regelCode>&#13;
         <brp:soortNaam>Deblokkeerbaar</brp:soortNaam>&#13;
         <brp:melding>*</brp:melding>&#13;
      </brp:melding>&#13;
   </brp:meldingen>&#13;
   <brp:voltrekkingHuwelijkInNederland brp:objecttype="AdministratieveHandeling">&#13;
      <brp:partijCode>507013</brp:partijCode>&#13;
      <brp:tijdstipRegistratie>*</brp:tijdstipRegistratie>&#13;
   </brp:voltrekkingHuwelijkInNederland>&#13;
</brp:bhg_hgpRegistreerHuwelijkGeregistreerdPartnerschap_R>
