<?xml version="1.0" encoding="UTF-8"?>
<brp:lvg_synVerwerkPersoon xmlns:brp="http://www.bzk.nl/brp/brp0200">
    <brp:stuurgegevens>
        <brp:zendendePartij>199903</brp:zendendePartij>
        <brp:zendendeSysteem>BRP</brp:zendendeSysteem>
        <brp:ontvangendePartij>034401</brp:ontvangendePartij>
        <brp:referentienummer>*</brp:referentienummer>
        <brp:tijdstipVerzending>*</brp:tijdstipVerzending>
    </brp:stuurgegevens>
    <brp:parameters>
        <brp:soortSynchronisatie>Mutatiebericht</brp:soortSynchronisatie>
        <brp:leveringsautorisatieIdentificatie>1</brp:leveringsautorisatieIdentificatie>
        <brp:dienstIdentificatie>1</brp:dienstIdentificatie>
    </brp:parameters>
    <brp:synchronisatie brp:objecttype="AdministratieveHandeling" brp:objectSleutel="*" brp:verwerkingssoort="Toevoeging">
        <brp:soortNaam>GBA - Bijhouding actueel</brp:soortNaam>
        <brp:categorieNaam>GBA - Synchronisatie</brp:categorieNaam>
        <brp:partijCode>199902</brp:partijCode>
        <brp:tijdstipRegistratie>*</brp:tijdstipRegistratie>
        <brp:bijgehoudenPersonen>
            <brp:persoon brp:objectSleutel="*" brp:objecttype="Persoon" brp:verwerkingssoort="Wijziging" brp:communicatieID="*">
                <brp:soortCode>I</brp:soortCode>
                <brp:afgeleidAdministratief brp:voorkomenSleutel="*" brp:verwerkingssoort="Toevoeging">
                    <brp:tijdstipRegistratie>*</brp:tijdstipRegistratie>
                    <brp:actieInhoud>*</brp:actieInhoud>
                    <brp:tijdstipLaatsteWijziging>*</brp:tijdstipLaatsteWijziging>
                    <brp:tijdstipLaatsteWijzigingGBASystematiek>*</brp:tijdstipLaatsteWijzigingGBASystematiek>
                </brp:afgeleidAdministratief>
                <brp:afgeleidAdministratief brp:voorkomenSleutel="*" brp:verwerkingssoort="Verval">
                    <brp:tijdstipRegistratie>*</brp:tijdstipRegistratie>
                    <brp:tijdstipVerval>*</brp:tijdstipVerval>
                    <brp:actieVerval>*</brp:actieVerval>
                    <brp:tijdstipLaatsteWijziging>*</brp:tijdstipLaatsteWijziging>
                    <brp:tijdstipLaatsteWijzigingGBASystematiek>*</brp:tijdstipLaatsteWijzigingGBASystematiek>
                </brp:afgeleidAdministratief>
                <brp:identificatienummers brp:voorkomenSleutel="*" brp:verwerkingssoort="Identificatie">
                    <brp:tijdstipRegistratie>*</brp:tijdstipRegistratie>
                    <brp:datumAanvangGeldigheid>1976-10-30</brp:datumAanvangGeldigheid>
                    <brp:burgerservicenummer>944918281</brp:burgerservicenummer>
                    <brp:administratienummer>3719740193</brp:administratienummer>
                </brp:identificatienummers>
                <brp:samengesteldeNaam brp:voorkomenSleutel="*" brp:verwerkingssoort="Identificatie">
                    <brp:tijdstipRegistratie>*</brp:tijdstipRegistratie>
                    <brp:datumAanvangGeldigheid>1976-10-30</brp:datumAanvangGeldigheid>
                    <brp:indicatieNamenreeks>N</brp:indicatieNamenreeks>
                    <brp:voornamen>Sandy</brp:voornamen>
                    <brp:geslachtsnaamstam>Clement</brp:geslachtsnaamstam>
                </brp:samengesteldeNaam>
                <brp:geboorte brp:voorkomenSleutel="*" brp:verwerkingssoort="Identificatie">
                    <brp:tijdstipRegistratie>*</brp:tijdstipRegistratie>
                    <brp:datum>1976-10-30</brp:datum>
                    <brp:gemeenteCode>1901</brp:gemeenteCode>
                    <brp:landGebiedCode>6030</brp:landGebiedCode>
                </brp:geboorte>
                <brp:geslachtsaanduiding brp:voorkomenSleutel="*" brp:verwerkingssoort="Identificatie">
                    <brp:tijdstipRegistratie>*</brp:tijdstipRegistratie>
                    <brp:datumAanvangGeldigheid>1976-10-30</brp:datumAanvangGeldigheid>
                    <brp:code>V</brp:code>
                </brp:geslachtsaanduiding>
                <brp:inschrijving brp:voorkomenSleutel="*" brp:verwerkingssoort="Toevoeging">
                    <brp:tijdstipRegistratie>*</brp:tijdstipRegistratie>
                    <brp:actieInhoud>*</brp:actieInhoud>
                    <brp:datum>1976-10-30</brp:datum>
                </brp:inschrijving>
                <brp:inschrijving brp:voorkomenSleutel="*" brp:verwerkingssoort="Verval">
                    <brp:tijdstipRegistratie>*</brp:tijdstipRegistratie>
                    <brp:tijdstipVerval>*</brp:tijdstipVerval>
                    <brp:datum>1976-10-30</brp:datum>
                </brp:inschrijving>
                <brp:indicaties>
                    <brp:volledigeVerstrekkingsbeperking brp:voorkomenSleutel="*" brp:verwerkingssoort="Verval" brp:objectSleutel="*"
                                                         brp:objecttype="PersoonIndicatie">
                        <brp:tijdstipRegistratie>*</brp:tijdstipRegistratie>
                        <brp:tijdstipVerval>*</brp:tijdstipVerval>
                        <brp:waarde>J</brp:waarde>
                    </brp:volledigeVerstrekkingsbeperking>
                </brp:indicaties>
                <brp:administratieveHandelingen>
                    <brp:administratieveHandeling brp:objecttype="AdministratieveHandeling" brp:objectSleutel="*">
                        <brp:soortNaam>GBA - Bijhouding actueel</brp:soortNaam>
                        <brp:categorieNaam>GBA - Synchronisatie</brp:categorieNaam>
                        <brp:partijCode>199902</brp:partijCode>
                        <brp:tijdstipRegistratie>*</brp:tijdstipRegistratie>
                        <brp:bijgehoudenActies>
                            <brp:actie brp:objecttype="Actie" brp:objectSleutel="*">
                                <brp:soortNaam>Conversie GBA</brp:soortNaam>
                                <brp:partijCode>*</brp:partijCode>
                            </brp:actie>
                        </brp:bijgehoudenActies>
                    </brp:administratieveHandeling>
                </brp:administratieveHandelingen>
            </brp:persoon>
        </brp:bijgehoudenPersonen>
    </brp:synchronisatie>
</brp:lvg_synVerwerkPersoon>
