<?xml version="1.0" encoding="UTF-8"?>
<brp:lvg_synVerwerkPersoon xmlns:brp="http://www.bzk.nl/brp/brp0200">
    <brp:stuurgegevens>
        <brp:zendendePartij>199903</brp:zendendePartij>
        <brp:zendendeSysteem>BRP</brp:zendendeSysteem>
        <brp:ontvangendePartij>034401</brp:ontvangendePartij>
        <brp:referentienummer>*</brp:referentienummer>
        <brp:tijdstipVerzending>*</brp:tijdstipVerzending>
    </brp:stuurgegevens>
    <brp:parameters>
        <brp:soortSynchronisatie>Mutatiebericht</brp:soortSynchronisatie>
        <brp:leveringsautorisatieIdentificatie>1</brp:leveringsautorisatieIdentificatie>
        <brp:dienstIdentificatie>1</brp:dienstIdentificatie>
    </brp:parameters>
    <brp:synchronisatie brp:objecttype="AdministratieveHandeling" brp:objectSleutel="*" brp:verwerkingssoort="Toevoeging">
        <brp:soortNaam>GBA - Bijhouding actueel</brp:soortNaam>
        <brp:categorieNaam>GBA - Synchronisatie</brp:categorieNaam>
        <brp:partijCode>199902</brp:partijCode>
        <brp:tijdstipRegistratie>*</brp:tijdstipRegistratie>
        <brp:bijgehoudenPersonen>
            <brp:persoon brp:objectSleutel="*" brp:objecttype="Persoon" brp:verwerkingssoort="Wijziging" brp:communicatieID="*">
                <brp:soortCode>I</brp:soortCode>
                <brp:afgeleidAdministratief brp:voorkomenSleutel="*" brp:verwerkingssoort="Toevoeging">
                    <brp:tijdstipRegistratie>*</brp:tijdstipRegistratie>
                    <brp:actieInhoud>*</brp:actieInhoud>
                    <brp:tijdstipLaatsteWijziging>*</brp:tijdstipLaatsteWijziging>
                    <brp:tijdstipLaatsteWijzigingGBASystematiek>*</brp:tijdstipLaatsteWijzigingGBASystematiek>
                </brp:afgeleidAdministratief>
                <brp:afgeleidAdministratief brp:voorkomenSleutel="*" brp:verwerkingssoort="Verval">
                    <brp:tijdstipRegistratie>*</brp:tijdstipRegistratie>
                    <brp:tijdstipVerval>*</brp:tijdstipVerval>
                    <brp:actieVerval>*</brp:actieVerval>
                    <brp:tijdstipLaatsteWijziging>*</brp:tijdstipLaatsteWijziging>
                    <brp:tijdstipLaatsteWijzigingGBASystematiek>*</brp:tijdstipLaatsteWijzigingGBASystematiek>
                </brp:afgeleidAdministratief>
                <brp:identificatienummers brp:voorkomenSleutel="*" brp:verwerkingssoort="Identificatie">
                    <brp:tijdstipRegistratie>*</brp:tijdstipRegistratie>
                    <brp:datumAanvangGeldigheid>1992-08-08</brp:datumAanvangGeldigheid>
                    <brp:burgerservicenummer>995347529</brp:burgerservicenummer>
                    <brp:administratienummer>1635737219</brp:administratienummer>
                </brp:identificatienummers>
                <brp:samengesteldeNaam brp:voorkomenSleutel="*" brp:verwerkingssoort="Identificatie">
                    <brp:tijdstipRegistratie>*</brp:tijdstipRegistratie>
                    <brp:datumAanvangGeldigheid>1992-08-08</brp:datumAanvangGeldigheid>
                    <brp:indicatieNamenreeks>N</brp:indicatieNamenreeks>
                    <brp:voornamen>Jamie</brp:voornamen>
                    <brp:geslachtsnaamstam>Sands</brp:geslachtsnaamstam>
                </brp:samengesteldeNaam>
                <brp:geboorte brp:voorkomenSleutel="*" brp:verwerkingssoort="Identificatie">
                    <brp:tijdstipRegistratie>*</brp:tijdstipRegistratie>
                    <brp:datum>1966-08-21</brp:datum>
                    <brp:gemeenteCode>0014</brp:gemeenteCode>
                    <brp:landGebiedCode>6030</brp:landGebiedCode>
                </brp:geboorte>
                <brp:geslachtsaanduiding brp:voorkomenSleutel="*" brp:verwerkingssoort="Identificatie">
                    <brp:tijdstipRegistratie>*</brp:tijdstipRegistratie>
                    <brp:datumAanvangGeldigheid>1992-08-08</brp:datumAanvangGeldigheid>
                    <brp:code>V</brp:code>
                </brp:geslachtsaanduiding>
                <brp:inschrijving brp:voorkomenSleutel="*" brp:verwerkingssoort="Toevoeging">
                    <brp:tijdstipRegistratie>*</brp:tijdstipRegistratie>
                    <brp:actieInhoud>*</brp:actieInhoud>
                    <brp:datum>1994-09-30</brp:datum>
                </brp:inschrijving>
                <brp:inschrijving brp:voorkomenSleutel="*" brp:verwerkingssoort="Verval">
                    <brp:tijdstipRegistratie>*</brp:tijdstipRegistratie>
                    <brp:tijdstipVerval>*</brp:tijdstipVerval>
                    <brp:datum>1994-09-30</brp:datum>
                </brp:inschrijving>
                <brp:reisdocumenten>
                    <brp:reisdocument brp:voorkomenSleutel="*" brp:verwerkingssoort="Toevoeging" brp:objectSleutel="*" brp:objecttype="PersoonReisdocument">
                        <brp:tijdstipRegistratie>*</brp:tijdstipRegistratie>
                        <brp:actieInhoud>*</brp:actieInhoud>
                        <brp:soortCode>PD</brp:soortCode>
                        <brp:nummer>IT3068673</brp:nummer>
                        <brp:autoriteitVanAfgifte>B1901</brp:autoriteitVanAfgifte>
                        <brp:datumIngangDocument>0000</brp:datumIngangDocument>
                        <brp:datumEindeDocument>2015</brp:datumEindeDocument>
                        <brp:datumUitgifte>0000</brp:datumUitgifte>
                    </brp:reisdocument>
                    <brp:reisdocument brp:voorkomenSleutel="*" brp:verwerkingssoort="Verval" brp:objectSleutel="*" brp:objecttype="PersoonReisdocument">
                        <brp:tijdstipRegistratie>*</brp:tijdstipRegistratie>
                        <brp:tijdstipVerval>*</brp:tijdstipVerval>
                        <brp:soortCode>PN</brp:soortCode>
                        <brp:nummer>IT3068673</brp:nummer>
                        <brp:autoriteitVanAfgifte>B0518</brp:autoriteitVanAfgifte>
                        <brp:datumIngangDocument>2010-12-21</brp:datumIngangDocument>
                        <brp:datumEindeDocument>2015-12-21</brp:datumEindeDocument>
                        <brp:datumUitgifte>2010-12-21</brp:datumUitgifte>
                    </brp:reisdocument>
                </brp:reisdocumenten>
                <brp:verificaties>
                    <brp:verificatie brp:voorkomenSleutel="*" brp:verwerkingssoort="Toevoeging" brp:objectSleutel="*" brp:objecttype="PersoonVerificatie">
                        <brp:tijdstipRegistratie>*</brp:tijdstipRegistratie>
                        <brp:actieInhoud>*</brp:actieInhoud>
                        <brp:partijCode>000000</brp:partijCode>
                        <brp:soort>Correctie verificatie</brp:soort>
                        <brp:datum>1998-01-01</brp:datum>
                    </brp:verificatie>
                </brp:verificaties>
                <brp:administratieveHandelingen>
                    <brp:administratieveHandeling brp:objecttype="AdministratieveHandeling" brp:objectSleutel="*">
                        <brp:soortNaam>GBA - Bijhouding actueel</brp:soortNaam>
                        <brp:categorieNaam>GBA - Synchronisatie</brp:categorieNaam>
                        <brp:partijCode>199902</brp:partijCode>
                        <brp:tijdstipRegistratie>*</brp:tijdstipRegistratie>
                        <brp:bronnen>
                            <brp:bron brp:objecttype="AdministratieveHandelingBron" brp:communicatieID="*">
                                <brp:document brp:objecttype="Document" brp:objectSleutel="*" brp:voorkomenSleutel="*">
                                    <brp:soortNaam>Historie conversie</brp:soortNaam>
                                    <brp:omschrijving>Aanvraagformulier</brp:omschrijving>
                                    <brp:partijCode>000001</brp:partijCode>
                                </brp:document>
                            </brp:bron>
                        </brp:bronnen>
                        <brp:bijgehoudenActies>
                            <brp:actie brp:objecttype="Actie" brp:objectSleutel="*">
                                <brp:soortNaam>Conversie GBA</brp:soortNaam>
                                <brp:partijCode>*</brp:partijCode>
                            </brp:actie>
                            <brp:actie brp:objecttype="Actie" brp:objectSleutel="*">
                                <brp:soortNaam>Conversie GBA</brp:soortNaam>
                                <brp:partijCode>*</brp:partijCode>
                                <brp:datumOntlening>0000</brp:datumOntlening>
                                <brp:bronnen>
                                    <brp:bron brp:objecttype="ActieBron" brp:objectSleutel="*" brp:referentieID="*"/>
                                </brp:bronnen>
                            </brp:actie>
                        </brp:bijgehoudenActies>
                    </brp:administratieveHandeling>
                </brp:administratieveHandelingen>
            </brp:persoon>
        </brp:bijgehoudenPersonen>
    </brp:synchronisatie>
</brp:lvg_synVerwerkPersoon>
