<brp:bhg_afsRegistreerErkenning_R xmlns:brp="http://www.bzk.nl/brp/brp0200">
    <brp:stuurgegevens>
        <brp:zendendePartij>199901</brp:zendendePartij>
        <brp:zendendeSysteem>BRP</brp:zendendeSysteem>
        <brp:referentienummer>*</brp:referentienummer>
        <brp:crossReferentienummer>00000000-0000-0000-0042-200000000104</brp:crossReferentienummer>
        <brp:tijdstipVerzending>*</brp:tijdstipVerzending>
    </brp:stuurgegevens>
    <brp:resultaat>
        <brp:verwerking>Geslaagd</brp:verwerking>
        <brp:bijhouding>Verwerkt</brp:bijhouding>
        <brp:hoogsteMeldingsniveau>Geen</brp:hoogsteMeldingsniveau>
    </brp:resultaat>
    <brp:erkenning brp:objecttype="AdministratieveHandeling">
        <brp:partijCode>507013</brp:partijCode>
        <brp:tijdstipRegistratie>*</brp:tijdstipRegistratie>
        <brp:gedeblokkeerdeMeldingen>
            <brp:gedeblokkeerdeMelding brp:objecttype="GedeblokkeerdeMelding" brp:referentieID="CI_R2471">
                <brp:regelCode>R2471</brp:regelCode>
                <brp:melding>*</brp:melding>
            </brp:gedeblokkeerdeMelding>
        </brp:gedeblokkeerdeMeldingen>
        <brp:bijgehoudenPersonen>
            <brp:persoon brp:objecttype="Persoon">
                <brp:identificatienummers>
                    <brp:burgerservicenummer>631552777</brp:burgerservicenummer>
                </brp:identificatienummers>
            </brp:persoon>
            <brp:persoon brp:objecttype="Persoon">
                <brp:identificatienummers>
                    <brp:burgerservicenummer>646916233</brp:burgerservicenummer>
                </brp:identificatienummers>
            </brp:persoon>
        </brp:bijgehoudenPersonen>
        <brp:bijhoudingsplan brp:objecttype="Bijhoudingsplan">*</brp:bijhoudingsplan>
    </brp:erkenning>
</brp:bhg_afsRegistreerErkenning_R>
