<brp:bhg_afsRegistreerErkenning_R xmlns:brp="http://www.bzk.nl/brp/brp0200">
    <brp:stuurgegevens>
        <brp:zendendePartij>199901</brp:zendendePartij>
        <brp:zendendeSysteem>BRP</brp:zendendeSysteem>
        <brp:referentienummer>*</brp:referentienummer>
        <brp:crossReferentienummer>00000000-0000-0000-0042-200000000104</brp:crossReferentienummer>
        <brp:tijdstipVerzending>*</brp:tijdstipVerzending>
    </brp:stuurgegevens>
    <brp:resultaat>
        <brp:verwerking>Foutief</brp:verwerking>
        <brp:hoogsteMeldingsniveau>Fout</brp:hoogsteMeldingsniveau>
    </brp:resultaat>
    <brp:meldingen>
        <brp:melding brp:objecttype="Melding" brp:referentieID="CI_regnati_1">
            <brp:regelCode>R2644</brp:regelCode>
            <brp:soortNaam>Fout</brp:soortNaam>
            <brp:melding>*</brp:melding>
        </brp:melding>
    </brp:meldingen>
    <brp:erkenning brp:objecttype="AdministratieveHandeling">
        <brp:partijCode>507013</brp:partijCode>
        <brp:tijdstipRegistratie>*</brp:tijdstipRegistratie>
        <brp:gedeblokkeerdeMeldingen>
            <brp:gedeblokkeerdeMelding brp:objecttype="GedeblokkeerdeMelding" brp:referentieID="CI_deblok">
                <brp:regelCode>R2493</brp:regelCode>
                <brp:melding>*</brp:melding>
            </brp:gedeblokkeerdeMelding>
        </brp:gedeblokkeerdeMeldingen>
    </brp:erkenning>
</brp:bhg_afsRegistreerErkenning_R>
